
*** Running vivado
    with args -log mb_usb_hdmi_top.vds -m64 -product Vivado -mode batch -messageDb vivado.pb -notrace -source mb_usb_hdmi_top.tcl



****** Vivado v2022.2 (64-bit)
  **** SW Build 3671981 on Fri Oct 14 05:00:03 MDT 2022
  **** IP Build 3669848 on Fri Oct 14 08:30:02 MDT 2022
    ** Copyright 1986-2022 Xilinx, Inc. All Rights Reserved.

source mb_usb_hdmi_top.tcl -notrace
INFO: [IP_Flow 19-234] Refreshing IP repositories
INFO: [IP_Flow 19-1700] Loaded user IP repository 'c:/Users/bmg32/hdmi_tx_1.0'.
INFO: [IP_Flow 19-2313] Loaded Vivado IP repository 'C:/Xilinx/Vivado/2022.2/data/ip'.
Command: read_checkpoint -auto_incremental -incremental C:/Users/bmg32/ECE_385_lab6_2/ECE_385_lab6_2.srcs/utils_1/imports/synth_1/mb_usb_hdmi_top.dcp
INFO: [Vivado 12-5825] Read reference checkpoint from C:/Users/bmg32/ECE_385_lab6_2/ECE_385_lab6_2.srcs/utils_1/imports/synth_1/mb_usb_hdmi_top.dcp for incremental synthesis
INFO: [Vivado 12-7989] Please ensure there are no constraint changes
Command: synth_design -top mb_usb_hdmi_top -part xc7s50csga324-1
Starting synth_design
INFO: [IP_Flow 19-2162] IP 'hdmi_tx_0' is locked:
* IP definition 'HDMI/DVI Encoder (1.0)' for IP 'hdmi_tx_0' (customized with software release 2022.2) has a different revision in the IP Catalog.
Attempting to get a license for feature 'Synthesis' and/or device 'xc7s50'
INFO: [Common 17-349] Got license for feature 'Synthesis' and/or device 'xc7s50'
INFO: [Device 21-403] Loading part xc7s50csga324-1
INFO: [Designutils 20-5440] No compile time benefit to using incremental synthesis; A full resynthesis will be run
INFO: [Designutils 20-4379] Flow is switching to default flow due to incremental criteria not met. If you would like to alter this behaviour and have the flow terminate instead, please set the following parameter config_implementation {autoIncr.Synth.RejectBehavior Terminate}
INFO: [Synth 8-7079] Multithreading enabled for synth_design using a maximum of 2 processes.
INFO: [Synth 8-7078] Launching helper process for spawning children vivado processes
INFO: [Synth 8-7075] Helper process launched with PID 23760
INFO: [Synth 8-11241] undeclared symbol 'REGCCE', assumed default net type 'wire' [C:/Xilinx/Vivado/2022.2/data/verilog/src/unimacro/BRAM_SINGLE_MACRO.v:2170]
WARNING: [Synth 8-10929] literal value 'hf truncated to fit in 3 bits [C:/Users/bmg32/ECE_385_lab6_2/ECE_385_lab6_2.srcs/sources_1/new/randNumGen.sv:34]
WARNING: [Synth 8-10929] literal value 'hFFFF truncated to fit in 10 bits [C:/Users/bmg32/ECE_385_lab6_2/ECE_385_lab6_2.srcs/sources_1/new/rows.sv:60]
WARNING: [Synth 8-10929] literal value 'hFFFF truncated to fit in 10 bits [C:/Users/bmg32/ECE_385_lab6_2/ECE_385_lab6_2.srcs/sources_1/imports/design_source/mb_usb_hdmi_top.sv:316]
---------------------------------------------------------------------------------
Starting RTL Elaboration : Time (s): cpu = 00:00:03 ; elapsed = 00:00:04 . Memory (MB): peak = 1850.574 ; gain = 411.395
---------------------------------------------------------------------------------
INFO: [Synth 8-6157] synthesizing module 'mb_usb_hdmi_top' [C:/Users/bmg32/ECE_385_lab6_2/ECE_385_lab6_2.srcs/sources_1/imports/design_source/mb_usb_hdmi_top.sv:14]
INFO: [Synth 8-6157] synthesizing module 'hex_driver' [C:/Users/bmg32/ECE_385_lab6_2/ECE_385_lab6_2.srcs/sources_1/imports/design_source/hex_driver.sv:1]
INFO: [Synth 8-6157] synthesizing module 'nibble_to_hex' [C:/Users/bmg32/ECE_385_lab6_2/ECE_385_lab6_2.srcs/sources_1/imports/design_source/hex_driver.sv:11]
INFO: [Synth 8-6155] done synthesizing module 'nibble_to_hex' (0#1) [C:/Users/bmg32/ECE_385_lab6_2/ECE_385_lab6_2.srcs/sources_1/imports/design_source/hex_driver.sv:11]
INFO: [Synth 8-6157] synthesizing module 'nibble_to_hex' [C:/Users/bmg32/ECE_385_lab6_2/ECE_385_lab6_2.srcs/sources_1/imports/design_source/hex_driver.sv:11]
INFO: [Synth 8-6155] done synthesizing module 'nibble_to_hex' (0#1) [C:/Users/bmg32/ECE_385_lab6_2/ECE_385_lab6_2.srcs/sources_1/imports/design_source/hex_driver.sv:11]
INFO: [Synth 8-6157] synthesizing module 'nibble_to_hex' [C:/Users/bmg32/ECE_385_lab6_2/ECE_385_lab6_2.srcs/sources_1/imports/design_source/hex_driver.sv:11]
INFO: [Synth 8-6155] done synthesizing module 'nibble_to_hex' (0#1) [C:/Users/bmg32/ECE_385_lab6_2/ECE_385_lab6_2.srcs/sources_1/imports/design_source/hex_driver.sv:11]
INFO: [Synth 8-6157] synthesizing module 'nibble_to_hex' [C:/Users/bmg32/ECE_385_lab6_2/ECE_385_lab6_2.srcs/sources_1/imports/design_source/hex_driver.sv:11]
INFO: [Synth 8-6155] done synthesizing module 'nibble_to_hex' (0#1) [C:/Users/bmg32/ECE_385_lab6_2/ECE_385_lab6_2.srcs/sources_1/imports/design_source/hex_driver.sv:11]
INFO: [Synth 8-6155] done synthesizing module 'hex_driver' (0#1) [C:/Users/bmg32/ECE_385_lab6_2/ECE_385_lab6_2.srcs/sources_1/imports/design_source/hex_driver.sv:1]
INFO: [Synth 8-6157] synthesizing module 'mb_block' [c:/Users/bmg32/ECE_385_lab6_2/ECE_385_lab6_2.gen/sources_1/bd/mb_block/synth/mb_block.v:936]
INFO: [Synth 8-6157] synthesizing module 'mb_block_axi_uartlite_0_0' [C:/Users/bmg32/ECE_385_lab6_2/ECE_385_lab6_2.runs/synth_1/.Xil/Vivado-29904-Ben/realtime/mb_block_axi_uartlite_0_0_stub.v:5]
INFO: [Synth 8-6155] done synthesizing module 'mb_block_axi_uartlite_0_0' (0#1) [C:/Users/bmg32/ECE_385_lab6_2/ECE_385_lab6_2.runs/synth_1/.Xil/Vivado-29904-Ben/realtime/mb_block_axi_uartlite_0_0_stub.v:5]
INFO: [Synth 8-6157] synthesizing module 'mb_block_clk_wiz_1_0' [C:/Users/bmg32/ECE_385_lab6_2/ECE_385_lab6_2.runs/synth_1/.Xil/Vivado-29904-Ben/realtime/mb_block_clk_wiz_1_0_stub.v:5]
INFO: [Synth 8-6155] done synthesizing module 'mb_block_clk_wiz_1_0' (0#1) [C:/Users/bmg32/ECE_385_lab6_2/ECE_385_lab6_2.runs/synth_1/.Xil/Vivado-29904-Ben/realtime/mb_block_clk_wiz_1_0_stub.v:5]
INFO: [Synth 8-6157] synthesizing module 'mb_block_axi_gpio_0_4' [C:/Users/bmg32/ECE_385_lab6_2/ECE_385_lab6_2.runs/synth_1/.Xil/Vivado-29904-Ben/realtime/mb_block_axi_gpio_0_4_stub.v:5]
INFO: [Synth 8-6155] done synthesizing module 'mb_block_axi_gpio_0_4' (0#1) [C:/Users/bmg32/ECE_385_lab6_2/ECE_385_lab6_2.runs/synth_1/.Xil/Vivado-29904-Ben/realtime/mb_block_axi_gpio_0_4_stub.v:5]
INFO: [Synth 8-6157] synthesizing module 'mb_block_axi_gpio_0_5' [C:/Users/bmg32/ECE_385_lab6_2/ECE_385_lab6_2.runs/synth_1/.Xil/Vivado-29904-Ben/realtime/mb_block_axi_gpio_0_5_stub.v:5]
INFO: [Synth 8-6155] done synthesizing module 'mb_block_axi_gpio_0_5' (0#1) [C:/Users/bmg32/ECE_385_lab6_2/ECE_385_lab6_2.runs/synth_1/.Xil/Vivado-29904-Ben/realtime/mb_block_axi_gpio_0_5_stub.v:5]
INFO: [Synth 8-6157] synthesizing module 'mb_block_axi_gpio_0_3' [C:/Users/bmg32/ECE_385_lab6_2/ECE_385_lab6_2.runs/synth_1/.Xil/Vivado-29904-Ben/realtime/mb_block_axi_gpio_0_3_stub.v:5]
INFO: [Synth 8-6155] done synthesizing module 'mb_block_axi_gpio_0_3' (0#1) [C:/Users/bmg32/ECE_385_lab6_2/ECE_385_lab6_2.runs/synth_1/.Xil/Vivado-29904-Ben/realtime/mb_block_axi_gpio_0_3_stub.v:5]
INFO: [Synth 8-6157] synthesizing module 'mb_block_mdm_1_0' [C:/Users/bmg32/ECE_385_lab6_2/ECE_385_lab6_2.runs/synth_1/.Xil/Vivado-29904-Ben/realtime/mb_block_mdm_1_0_stub.v:5]
INFO: [Synth 8-6155] done synthesizing module 'mb_block_mdm_1_0' (0#1) [C:/Users/bmg32/ECE_385_lab6_2/ECE_385_lab6_2.runs/synth_1/.Xil/Vivado-29904-Ben/realtime/mb_block_mdm_1_0_stub.v:5]
INFO: [Synth 8-6157] synthesizing module 'mb_block_microblaze_0_0' [C:/Users/bmg32/ECE_385_lab6_2/ECE_385_lab6_2.runs/synth_1/.Xil/Vivado-29904-Ben/realtime/mb_block_microblaze_0_0_stub.v:5]
INFO: [Synth 8-6155] done synthesizing module 'mb_block_microblaze_0_0' (0#1) [C:/Users/bmg32/ECE_385_lab6_2/ECE_385_lab6_2.runs/synth_1/.Xil/Vivado-29904-Ben/realtime/mb_block_microblaze_0_0_stub.v:5]
INFO: [Synth 8-6157] synthesizing module 'mb_block_microblaze_0_axi_intc_0' [C:/Users/bmg32/ECE_385_lab6_2/ECE_385_lab6_2.runs/synth_1/.Xil/Vivado-29904-Ben/realtime/mb_block_microblaze_0_axi_intc_0_stub.v:5]
INFO: [Synth 8-6155] done synthesizing module 'mb_block_microblaze_0_axi_intc_0' (0#1) [C:/Users/bmg32/ECE_385_lab6_2/ECE_385_lab6_2.runs/synth_1/.Xil/Vivado-29904-Ben/realtime/mb_block_microblaze_0_axi_intc_0_stub.v:5]
INFO: [Synth 8-6157] synthesizing module 'mb_block_microblaze_0_axi_periph_0' [c:/Users/bmg32/ECE_385_lab6_2/ECE_385_lab6_2.gen/sources_1/bd/mb_block/synth/mb_block.v:1602]
INFO: [Synth 8-6157] synthesizing module 'm00_couplers_imp_1TK4492' [c:/Users/bmg32/ECE_385_lab6_2/ECE_385_lab6_2.gen/sources_1/bd/mb_block/synth/mb_block.v:12]
INFO: [Synth 8-6155] done synthesizing module 'm00_couplers_imp_1TK4492' (0#1) [c:/Users/bmg32/ECE_385_lab6_2/ECE_385_lab6_2.gen/sources_1/bd/mb_block/synth/mb_block.v:12]
INFO: [Synth 8-6157] synthesizing module 'm01_couplers_imp_UT2LJ' [c:/Users/bmg32/ECE_385_lab6_2/ECE_385_lab6_2.gen/sources_1/bd/mb_block/synth/mb_block.v:144]
INFO: [Synth 8-6155] done synthesizing module 'm01_couplers_imp_UT2LJ' (0#1) [c:/Users/bmg32/ECE_385_lab6_2/ECE_385_lab6_2.gen/sources_1/bd/mb_block/synth/mb_block.v:144]
INFO: [Synth 8-6157] synthesizing module 'm02_couplers_imp_1ST4AV9' [c:/Users/bmg32/ECE_385_lab6_2/ECE_385_lab6_2.gen/sources_1/bd/mb_block/synth/mb_block.v:276]
INFO: [Synth 8-6155] done synthesizing module 'm02_couplers_imp_1ST4AV9' (0#1) [c:/Users/bmg32/ECE_385_lab6_2/ECE_385_lab6_2.gen/sources_1/bd/mb_block/synth/mb_block.v:276]
INFO: [Synth 8-6157] synthesizing module 'm03_couplers_imp_1VI1NO' [c:/Users/bmg32/ECE_385_lab6_2/ECE_385_lab6_2.gen/sources_1/bd/mb_block/synth/mb_block.v:408]
INFO: [Synth 8-6155] done synthesizing module 'm03_couplers_imp_1VI1NO' (0#1) [c:/Users/bmg32/ECE_385_lab6_2/ECE_385_lab6_2.gen/sources_1/bd/mb_block/synth/mb_block.v:408]
INFO: [Synth 8-6157] synthesizing module 'm04_couplers_imp_1SCR8U8' [c:/Users/bmg32/ECE_385_lab6_2/ECE_385_lab6_2.gen/sources_1/bd/mb_block/synth/mb_block.v:540]
INFO: [Synth 8-6155] done synthesizing module 'm04_couplers_imp_1SCR8U8' (0#1) [c:/Users/bmg32/ECE_385_lab6_2/ECE_385_lab6_2.gen/sources_1/bd/mb_block/synth/mb_block.v:540]
INFO: [Synth 8-6157] synthesizing module 'm05_couplers_imp_2FAMHT' [c:/Users/bmg32/ECE_385_lab6_2/ECE_385_lab6_2.gen/sources_1/bd/mb_block/synth/mb_block.v:672]
INFO: [Synth 8-6155] done synthesizing module 'm05_couplers_imp_2FAMHT' (0#1) [c:/Users/bmg32/ECE_385_lab6_2/ECE_385_lab6_2.gen/sources_1/bd/mb_block/synth/mb_block.v:672]
INFO: [Synth 8-6157] synthesizing module 'm06_couplers_imp_1QRRYF7' [c:/Users/bmg32/ECE_385_lab6_2/ECE_385_lab6_2.gen/sources_1/bd/mb_block/synth/mb_block.v:804]
INFO: [Synth 8-6155] done synthesizing module 'm06_couplers_imp_1QRRYF7' (0#1) [c:/Users/bmg32/ECE_385_lab6_2/ECE_385_lab6_2.gen/sources_1/bd/mb_block/synth/mb_block.v:804]
INFO: [Synth 8-6157] synthesizing module 's00_couplers_imp_5YIJ0K' [c:/Users/bmg32/ECE_385_lab6_2/ECE_385_lab6_2.gen/sources_1/bd/mb_block/synth/mb_block.v:2926]
INFO: [Synth 8-6155] done synthesizing module 's00_couplers_imp_5YIJ0K' (0#1) [c:/Users/bmg32/ECE_385_lab6_2/ECE_385_lab6_2.gen/sources_1/bd/mb_block/synth/mb_block.v:2926]
INFO: [Synth 8-6157] synthesizing module 'mb_block_xbar_0' [C:/Users/bmg32/ECE_385_lab6_2/ECE_385_lab6_2.runs/synth_1/.Xil/Vivado-29904-Ben/realtime/mb_block_xbar_0_stub.v:5]
INFO: [Synth 8-6155] done synthesizing module 'mb_block_xbar_0' (0#1) [C:/Users/bmg32/ECE_385_lab6_2/ECE_385_lab6_2.runs/synth_1/.Xil/Vivado-29904-Ben/realtime/mb_block_xbar_0_stub.v:5]
WARNING: [Synth 8-7071] port 'm_axi_awprot' of module 'mb_block_xbar_0' is unconnected for instance 'xbar' [c:/Users/bmg32/ECE_385_lab6_2/ECE_385_lab6_2.gen/sources_1/bd/mb_block/synth/mb_block.v:2651]
WARNING: [Synth 8-7071] port 'm_axi_arprot' of module 'mb_block_xbar_0' is unconnected for instance 'xbar' [c:/Users/bmg32/ECE_385_lab6_2/ECE_385_lab6_2.gen/sources_1/bd/mb_block/synth/mb_block.v:2651]
WARNING: [Synth 8-7023] instance 'xbar' of module 'mb_block_xbar_0' has 40 connections declared, but only 38 given [c:/Users/bmg32/ECE_385_lab6_2/ECE_385_lab6_2.gen/sources_1/bd/mb_block/synth/mb_block.v:2651]
INFO: [Synth 8-6155] done synthesizing module 'mb_block_microblaze_0_axi_periph_0' (0#1) [c:/Users/bmg32/ECE_385_lab6_2/ECE_385_lab6_2.gen/sources_1/bd/mb_block/synth/mb_block.v:1602]
INFO: [Synth 8-6157] synthesizing module 'microblaze_0_local_memory_imp_G5BFEQ' [c:/Users/bmg32/ECE_385_lab6_2/ECE_385_lab6_2.gen/sources_1/bd/mb_block/synth/mb_block.v:2692]
INFO: [Synth 8-6157] synthesizing module 'mb_block_dlmb_bram_if_cntlr_0' [C:/Users/bmg32/ECE_385_lab6_2/ECE_385_lab6_2.runs/synth_1/.Xil/Vivado-29904-Ben/realtime/mb_block_dlmb_bram_if_cntlr_0_stub.v:5]
INFO: [Synth 8-6155] done synthesizing module 'mb_block_dlmb_bram_if_cntlr_0' (0#1) [C:/Users/bmg32/ECE_385_lab6_2/ECE_385_lab6_2.runs/synth_1/.Xil/Vivado-29904-Ben/realtime/mb_block_dlmb_bram_if_cntlr_0_stub.v:5]
INFO: [Synth 8-6157] synthesizing module 'mb_block_dlmb_v10_0' [C:/Users/bmg32/ECE_385_lab6_2/ECE_385_lab6_2.runs/synth_1/.Xil/Vivado-29904-Ben/realtime/mb_block_dlmb_v10_0_stub.v:5]
INFO: [Synth 8-6155] done synthesizing module 'mb_block_dlmb_v10_0' (0#1) [C:/Users/bmg32/ECE_385_lab6_2/ECE_385_lab6_2.runs/synth_1/.Xil/Vivado-29904-Ben/realtime/mb_block_dlmb_v10_0_stub.v:5]
WARNING: [Synth 8-7071] port 'LMB_Rst' of module 'mb_block_dlmb_v10_0' is unconnected for instance 'dlmb_v10' [c:/Users/bmg32/ECE_385_lab6_2/ECE_385_lab6_2.gen/sources_1/bd/mb_block/synth/mb_block.v:2838]
WARNING: [Synth 8-7023] instance 'dlmb_v10' of module 'mb_block_dlmb_v10_0' has 25 connections declared, but only 24 given [c:/Users/bmg32/ECE_385_lab6_2/ECE_385_lab6_2.gen/sources_1/bd/mb_block/synth/mb_block.v:2838]
INFO: [Synth 8-6157] synthesizing module 'mb_block_ilmb_bram_if_cntlr_0' [C:/Users/bmg32/ECE_385_lab6_2/ECE_385_lab6_2.runs/synth_1/.Xil/Vivado-29904-Ben/realtime/mb_block_ilmb_bram_if_cntlr_0_stub.v:5]
INFO: [Synth 8-6155] done synthesizing module 'mb_block_ilmb_bram_if_cntlr_0' (0#1) [C:/Users/bmg32/ECE_385_lab6_2/ECE_385_lab6_2.runs/synth_1/.Xil/Vivado-29904-Ben/realtime/mb_block_ilmb_bram_if_cntlr_0_stub.v:5]
INFO: [Synth 8-6157] synthesizing module 'mb_block_ilmb_v10_0' [C:/Users/bmg32/ECE_385_lab6_2/ECE_385_lab6_2.runs/synth_1/.Xil/Vivado-29904-Ben/realtime/mb_block_ilmb_v10_0_stub.v:5]
INFO: [Synth 8-6155] done synthesizing module 'mb_block_ilmb_v10_0' (0#1) [C:/Users/bmg32/ECE_385_lab6_2/ECE_385_lab6_2.runs/synth_1/.Xil/Vivado-29904-Ben/realtime/mb_block_ilmb_v10_0_stub.v:5]
WARNING: [Synth 8-7071] port 'LMB_Rst' of module 'mb_block_ilmb_v10_0' is unconnected for instance 'ilmb_v10' [c:/Users/bmg32/ECE_385_lab6_2/ECE_385_lab6_2.gen/sources_1/bd/mb_block/synth/mb_block.v:2884]
WARNING: [Synth 8-7023] instance 'ilmb_v10' of module 'mb_block_ilmb_v10_0' has 25 connections declared, but only 24 given [c:/Users/bmg32/ECE_385_lab6_2/ECE_385_lab6_2.gen/sources_1/bd/mb_block/synth/mb_block.v:2884]
INFO: [Synth 8-6157] synthesizing module 'mb_block_lmb_bram_0' [C:/Users/bmg32/ECE_385_lab6_2/ECE_385_lab6_2.runs/synth_1/.Xil/Vivado-29904-Ben/realtime/mb_block_lmb_bram_0_stub.v:5]
INFO: [Synth 8-6155] done synthesizing module 'mb_block_lmb_bram_0' (0#1) [C:/Users/bmg32/ECE_385_lab6_2/ECE_385_lab6_2.runs/synth_1/.Xil/Vivado-29904-Ben/realtime/mb_block_lmb_bram_0_stub.v:5]
WARNING: [Synth 8-7071] port 'rsta_busy' of module 'mb_block_lmb_bram_0' is unconnected for instance 'lmb_bram' [c:/Users/bmg32/ECE_385_lab6_2/ECE_385_lab6_2.gen/sources_1/bd/mb_block/synth/mb_block.v:2909]
WARNING: [Synth 8-7071] port 'rstb_busy' of module 'mb_block_lmb_bram_0' is unconnected for instance 'lmb_bram' [c:/Users/bmg32/ECE_385_lab6_2/ECE_385_lab6_2.gen/sources_1/bd/mb_block/synth/mb_block.v:2909]
WARNING: [Synth 8-7023] instance 'lmb_bram' of module 'mb_block_lmb_bram_0' has 16 connections declared, but only 14 given [c:/Users/bmg32/ECE_385_lab6_2/ECE_385_lab6_2.gen/sources_1/bd/mb_block/synth/mb_block.v:2909]
INFO: [Synth 8-6155] done synthesizing module 'microblaze_0_local_memory_imp_G5BFEQ' (0#1) [c:/Users/bmg32/ECE_385_lab6_2/ECE_385_lab6_2.gen/sources_1/bd/mb_block/synth/mb_block.v:2692]
INFO: [Synth 8-6157] synthesizing module 'mb_block_rst_clk_wiz_1_100M_0' [C:/Users/bmg32/ECE_385_lab6_2/ECE_385_lab6_2.runs/synth_1/.Xil/Vivado-29904-Ben/realtime/mb_block_rst_clk_wiz_1_100M_0_stub.v:5]
INFO: [Synth 8-6155] done synthesizing module 'mb_block_rst_clk_wiz_1_100M_0' (0#1) [C:/Users/bmg32/ECE_385_lab6_2/ECE_385_lab6_2.runs/synth_1/.Xil/Vivado-29904-Ben/realtime/mb_block_rst_clk_wiz_1_100M_0_stub.v:5]
WARNING: [Synth 8-7071] port 'peripheral_reset' of module 'mb_block_rst_clk_wiz_1_100M_0' is unconnected for instance 'rst_clk_wiz_1_100M' [c:/Users/bmg32/ECE_385_lab6_2/ECE_385_lab6_2.gen/sources_1/bd/mb_block/synth/mb_block.v:1532]
WARNING: [Synth 8-7071] port 'interconnect_aresetn' of module 'mb_block_rst_clk_wiz_1_100M_0' is unconnected for instance 'rst_clk_wiz_1_100M' [c:/Users/bmg32/ECE_385_lab6_2/ECE_385_lab6_2.gen/sources_1/bd/mb_block/synth/mb_block.v:1532]
WARNING: [Synth 8-7023] instance 'rst_clk_wiz_1_100M' of module 'mb_block_rst_clk_wiz_1_100M_0' has 10 connections declared, but only 8 given [c:/Users/bmg32/ECE_385_lab6_2/ECE_385_lab6_2.gen/sources_1/bd/mb_block/synth/mb_block.v:1532]
INFO: [Synth 8-6157] synthesizing module 'mb_block_axi_quad_spi_0_0' [C:/Users/bmg32/ECE_385_lab6_2/ECE_385_lab6_2.runs/synth_1/.Xil/Vivado-29904-Ben/realtime/mb_block_axi_quad_spi_0_0_stub.v:5]
INFO: [Synth 8-6155] done synthesizing module 'mb_block_axi_quad_spi_0_0' (0#1) [C:/Users/bmg32/ECE_385_lab6_2/ECE_385_lab6_2.runs/synth_1/.Xil/Vivado-29904-Ben/realtime/mb_block_axi_quad_spi_0_0_stub.v:5]
WARNING: [Synth 8-7071] port 'io0_t' of module 'mb_block_axi_quad_spi_0_0' is unconnected for instance 'spi_usb' [c:/Users/bmg32/ECE_385_lab6_2/ECE_385_lab6_2.gen/sources_1/bd/mb_block/synth/mb_block.v:1541]
WARNING: [Synth 8-7071] port 'io1_o' of module 'mb_block_axi_quad_spi_0_0' is unconnected for instance 'spi_usb' [c:/Users/bmg32/ECE_385_lab6_2/ECE_385_lab6_2.gen/sources_1/bd/mb_block/synth/mb_block.v:1541]
WARNING: [Synth 8-7071] port 'io1_t' of module 'mb_block_axi_quad_spi_0_0' is unconnected for instance 'spi_usb' [c:/Users/bmg32/ECE_385_lab6_2/ECE_385_lab6_2.gen/sources_1/bd/mb_block/synth/mb_block.v:1541]
WARNING: [Synth 8-7071] port 'sck_t' of module 'mb_block_axi_quad_spi_0_0' is unconnected for instance 'spi_usb' [c:/Users/bmg32/ECE_385_lab6_2/ECE_385_lab6_2.gen/sources_1/bd/mb_block/synth/mb_block.v:1541]
WARNING: [Synth 8-7071] port 'ss_t' of module 'mb_block_axi_quad_spi_0_0' is unconnected for instance 'spi_usb' [c:/Users/bmg32/ECE_385_lab6_2/ECE_385_lab6_2.gen/sources_1/bd/mb_block/synth/mb_block.v:1541]
WARNING: [Synth 8-7023] instance 'spi_usb' of module 'mb_block_axi_quad_spi_0_0' has 33 connections declared, but only 28 given [c:/Users/bmg32/ECE_385_lab6_2/ECE_385_lab6_2.gen/sources_1/bd/mb_block/synth/mb_block.v:1541]
INFO: [Synth 8-6157] synthesizing module 'mb_block_axi_timer_0_0' [C:/Users/bmg32/ECE_385_lab6_2/ECE_385_lab6_2.runs/synth_1/.Xil/Vivado-29904-Ben/realtime/mb_block_axi_timer_0_0_stub.v:5]
INFO: [Synth 8-6155] done synthesizing module 'mb_block_axi_timer_0_0' (0#1) [C:/Users/bmg32/ECE_385_lab6_2/ECE_385_lab6_2.runs/synth_1/.Xil/Vivado-29904-Ben/realtime/mb_block_axi_timer_0_0_stub.v:5]
WARNING: [Synth 8-7071] port 'generateout0' of module 'mb_block_axi_timer_0_0' is unconnected for instance 'timer_usb_axi' [c:/Users/bmg32/ECE_385_lab6_2/ECE_385_lab6_2.gen/sources_1/bd/mb_block/synth/mb_block.v:1570]
WARNING: [Synth 8-7071] port 'generateout1' of module 'mb_block_axi_timer_0_0' is unconnected for instance 'timer_usb_axi' [c:/Users/bmg32/ECE_385_lab6_2/ECE_385_lab6_2.gen/sources_1/bd/mb_block/synth/mb_block.v:1570]
WARNING: [Synth 8-7071] port 'pwm0' of module 'mb_block_axi_timer_0_0' is unconnected for instance 'timer_usb_axi' [c:/Users/bmg32/ECE_385_lab6_2/ECE_385_lab6_2.gen/sources_1/bd/mb_block/synth/mb_block.v:1570]
WARNING: [Synth 8-7023] instance 'timer_usb_axi' of module 'mb_block_axi_timer_0_0' has 26 connections declared, but only 23 given [c:/Users/bmg32/ECE_385_lab6_2/ECE_385_lab6_2.gen/sources_1/bd/mb_block/synth/mb_block.v:1570]
INFO: [Synth 8-6157] synthesizing module 'mb_block_xlconcat_0_0' [c:/Users/bmg32/ECE_385_lab6_2/ECE_385_lab6_2.gen/sources_1/bd/mb_block/ip/mb_block_xlconcat_0_0/synth/mb_block_xlconcat_0_0.v:53]
INFO: [Synth 8-6157] synthesizing module 'xlconcat_v2_1_4_xlconcat' [c:/Users/bmg32/ECE_385_lab6_2/ECE_385_lab6_2.gen/sources_1/bd/mb_block/ipshared/4b67/hdl/xlconcat_v2_1_vl_rfs.v:14]
INFO: [Synth 8-6155] done synthesizing module 'xlconcat_v2_1_4_xlconcat' (0#1) [c:/Users/bmg32/ECE_385_lab6_2/ECE_385_lab6_2.gen/sources_1/bd/mb_block/ipshared/4b67/hdl/xlconcat_v2_1_vl_rfs.v:14]
INFO: [Synth 8-6155] done synthesizing module 'mb_block_xlconcat_0_0' (0#1) [c:/Users/bmg32/ECE_385_lab6_2/ECE_385_lab6_2.gen/sources_1/bd/mb_block/ip/mb_block_xlconcat_0_0/synth/mb_block_xlconcat_0_0.v:53]
INFO: [Synth 8-6155] done synthesizing module 'mb_block' (0#1) [c:/Users/bmg32/ECE_385_lab6_2/ECE_385_lab6_2.gen/sources_1/bd/mb_block/synth/mb_block.v:936]
INFO: [Synth 8-6157] synthesizing module 'clk_wiz_0' [C:/Users/bmg32/ECE_385_lab6_2/ECE_385_lab6_2.runs/synth_1/.Xil/Vivado-29904-Ben/realtime/clk_wiz_0_stub.v:5]
INFO: [Synth 8-6155] done synthesizing module 'clk_wiz_0' (0#1) [C:/Users/bmg32/ECE_385_lab6_2/ECE_385_lab6_2.runs/synth_1/.Xil/Vivado-29904-Ben/realtime/clk_wiz_0_stub.v:5]
INFO: [Synth 8-6157] synthesizing module 'vga_controller' [C:/Users/bmg32/ECE_385_lab6_2/ECE_385_lab6_2.srcs/sources_1/imports/design_source/VGA_controller.sv:26]
INFO: [Synth 8-6155] done synthesizing module 'vga_controller' (0#1) [C:/Users/bmg32/ECE_385_lab6_2/ECE_385_lab6_2.srcs/sources_1/imports/design_source/VGA_controller.sv:26]
WARNING: [Synth 8-7071] port 'sync' of module 'vga_controller' is unconnected for instance 'vga' [C:/Users/bmg32/ECE_385_lab6_2/ECE_385_lab6_2.srcs/sources_1/imports/design_source/mb_usb_hdmi_top.sv:172]
WARNING: [Synth 8-7023] instance 'vga' of module 'vga_controller' has 8 connections declared, but only 7 given [C:/Users/bmg32/ECE_385_lab6_2/ECE_385_lab6_2.srcs/sources_1/imports/design_source/mb_usb_hdmi_top.sv:172]
INFO: [Synth 8-6157] synthesizing module 'hdmi_tx_0' [C:/Users/bmg32/ECE_385_lab6_2/ECE_385_lab6_2.runs/synth_1/.Xil/Vivado-29904-Ben/realtime/hdmi_tx_0_stub.v:5]
INFO: [Synth 8-6155] done synthesizing module 'hdmi_tx_0' (0#1) [C:/Users/bmg32/ECE_385_lab6_2/ECE_385_lab6_2.runs/synth_1/.Xil/Vivado-29904-Ben/realtime/hdmi_tx_0_stub.v:5]
WARNING: [Synth 8-4446] all outputs are unconnected for this instance and logic may be removed [C:/Users/bmg32/ECE_385_lab6_2/ECE_385_lab6_2.srcs/sources_1/imports/design_source/mb_usb_hdmi_top.sv:224]
INFO: [Synth 8-6157] synthesizing module 'color_mapper' [C:/Users/bmg32/ECE_385_lab6_2/ECE_385_lab6_2.srcs/sources_1/imports/design_source/Color_Mapper.sv:30]
INFO: [Synth 8-6155] done synthesizing module 'color_mapper' (0#1) [C:/Users/bmg32/ECE_385_lab6_2/ECE_385_lab6_2.srcs/sources_1/imports/design_source/Color_Mapper.sv:30]
ERROR: [Synth 8-448] named port connection 'BallX' does not exist for instance 'color_instance' of module 'color_mapper' [C:/Users/bmg32/ECE_385_lab6_2/ECE_385_lab6_2.srcs/sources_1/imports/design_source/mb_usb_hdmi_top.sv:225]
ERROR: [Synth 8-448] named port connection 'BallY' does not exist for instance 'color_instance' of module 'color_mapper' [C:/Users/bmg32/ECE_385_lab6_2/ECE_385_lab6_2.srcs/sources_1/imports/design_source/mb_usb_hdmi_top.sv:226]
ERROR: [Synth 8-448] named port connection 'Ball_size' does not exist for instance 'color_instance' of module 'color_mapper' [C:/Users/bmg32/ECE_385_lab6_2/ECE_385_lab6_2.srcs/sources_1/imports/design_source/mb_usb_hdmi_top.sv:229]
ERROR: [Synth 8-448] named port connection 'Red' does not exist for instance 'color_instance' of module 'color_mapper' [C:/Users/bmg32/ECE_385_lab6_2/ECE_385_lab6_2.srcs/sources_1/imports/design_source/mb_usb_hdmi_top.sv:230]
ERROR: [Synth 8-448] named port connection 'Green' does not exist for instance 'color_instance' of module 'color_mapper' [C:/Users/bmg32/ECE_385_lab6_2/ECE_385_lab6_2.srcs/sources_1/imports/design_source/mb_usb_hdmi_top.sv:231]
ERROR: [Synth 8-448] named port connection 'Blue' does not exist for instance 'color_instance' of module 'color_mapper' [C:/Users/bmg32/ECE_385_lab6_2/ECE_385_lab6_2.srcs/sources_1/imports/design_source/mb_usb_hdmi_top.sv:232]
WARNING: [Synth 8-7071] port 'startscreen' of module 'color_mapper' is unconnected for instance 'color_instance' [C:/Users/bmg32/ECE_385_lab6_2/ECE_385_lab6_2.srcs/sources_1/imports/design_source/mb_usb_hdmi_top.sv:224]
WARNING: [Synth 8-7071] port 'is_block' of module 'color_mapper' is unconnected for instance 'color_instance' [C:/Users/bmg32/ECE_385_lab6_2/ECE_385_lab6_2.srcs/sources_1/imports/design_source/mb_usb_hdmi_top.sv:224]
WARNING: [Synth 8-7071] port 'is_next_block' of module 'color_mapper' is unconnected for instance 'color_instance' [C:/Users/bmg32/ECE_385_lab6_2/ECE_385_lab6_2.srcs/sources_1/imports/design_source/mb_usb_hdmi_top.sv:224]
WARNING: [Synth 8-7071] port 'is_swap_block' of module 'color_mapper' is unconnected for instance 'color_instance' [C:/Users/bmg32/ECE_385_lab6_2/ECE_385_lab6_2.srcs/sources_1/imports/design_source/mb_usb_hdmi_top.sv:224]
WARNING: [Synth 8-7071] port 'is_grid' of module 'color_mapper' is unconnected for instance 'color_instance' [C:/Users/bmg32/ECE_385_lab6_2/ECE_385_lab6_2.srcs/sources_1/imports/design_source/mb_usb_hdmi_top.sv:224]
WARNING: [Synth 8-7071] port 'is_swap_grid' of module 'color_mapper' is unconnected for instance 'color_instance' [C:/Users/bmg32/ECE_385_lab6_2/ECE_385_lab6_2.srcs/sources_1/imports/design_source/mb_usb_hdmi_top.sv:224]
WARNING: [Synth 8-7071] port 'is_next_grid' of module 'color_mapper' is unconnected for instance 'color_instance' [C:/Users/bmg32/ECE_385_lab6_2/ECE_385_lab6_2.srcs/sources_1/imports/design_source/mb_usb_hdmi_top.sv:224]
WARNING: [Synth 8-7071] port 'is_letter' of module 'color_mapper' is unconnected for instance 'color_instance' [C:/Users/bmg32/ECE_385_lab6_2/ECE_385_lab6_2.srcs/sources_1/imports/design_source/mb_usb_hdmi_top.sv:224]
WARNING: [Synth 8-7071] port 'is_start' of module 'color_mapper' is unconnected for instance 'color_instance' [C:/Users/bmg32/ECE_385_lab6_2/ECE_385_lab6_2.srcs/sources_1/imports/design_source/mb_usb_hdmi_top.sv:224]
WARNING: [Synth 8-7071] port 'VGA_R' of module 'color_mapper' is unconnected for instance 'color_instance' [C:/Users/bmg32/ECE_385_lab6_2/ECE_385_lab6_2.srcs/sources_1/imports/design_source/mb_usb_hdmi_top.sv:224]
WARNING: [Synth 8-7071] port 'VGA_G' of module 'color_mapper' is unconnected for instance 'color_instance' [C:/Users/bmg32/ECE_385_lab6_2/ECE_385_lab6_2.srcs/sources_1/imports/design_source/mb_usb_hdmi_top.sv:224]
WARNING: [Synth 8-7071] port 'VGA_B' of module 'color_mapper' is unconnected for instance 'color_instance' [C:/Users/bmg32/ECE_385_lab6_2/ECE_385_lab6_2.srcs/sources_1/imports/design_source/mb_usb_hdmi_top.sv:224]
WARNING: [Synth 8-7023] instance 'color_instance' of module 'color_mapper' has 14 connections declared, but only 2 given [C:/Users/bmg32/ECE_385_lab6_2/ECE_385_lab6_2.srcs/sources_1/imports/design_source/mb_usb_hdmi_top.sv:224]
INFO: [Synth 8-6157] synthesizing module 'ClockRevamp' [C:/Users/bmg32/ECE_385_lab6_2/ECE_385_lab6_2.srcs/sources_1/new/ClockRevamp.sv:23]
ERROR: [Synth 8-6156] failed synthesizing module 'ClockRevamp' [C:/Users/bmg32/ECE_385_lab6_2/ECE_385_lab6_2.srcs/sources_1/new/ClockRevamp.sv:23]
ERROR: [Synth 8-6156] failed synthesizing module 'mb_usb_hdmi_top' [C:/Users/bmg32/ECE_385_lab6_2/ECE_385_lab6_2.srcs/sources_1/imports/design_source/mb_usb_hdmi_top.sv:14]
---------------------------------------------------------------------------------
Finished RTL Elaboration : Time (s): cpu = 00:00:04 ; elapsed = 00:00:05 . Memory (MB): peak = 1950.844 ; gain = 511.664
---------------------------------------------------------------------------------
RTL Elaboration failed
INFO: [Common 17-83] Releasing license: Synthesis
95 Infos, 42 Warnings, 0 Critical Warnings and 9 Errors encountered.
synth_design failed
ERROR: [Common 17-69] Command failed: Synthesis failed - please see the console or run log file for details
INFO: [Common 17-206] Exiting Vivado at Wed Nov 20 16:57:31 2024...
