Copyright 1986-2022 Xilinx, Inc. All Rights Reserved.
-----------------------------------------------------------------------------------------------------------------------------------------------------------------------------------
| Tool Version : Vivado v.2022.2 (win64) Build 3671981 Fri Oct 14 05:00:03 MDT 2022
| Date         : Tue Nov 19 16:25:28 2024
| Host         : Ben running 64-bit major release  (build 9200)
| Command      : report_methodology -file mb_usb_hdmi_top_methodology_drc_routed.rpt -pb mb_usb_hdmi_top_methodology_drc_routed.pb -rpx mb_usb_hdmi_top_methodology_drc_routed.rpx
| Design       : mb_usb_hdmi_top
| Device       : xc7s50csga324-1
| Speed File   : -1
| Design State : Fully Routed
-----------------------------------------------------------------------------------------------------------------------------------------------------------------------------------

Report Methodology

Table of Contents
-----------------
1. REPORT SUMMARY
2. REPORT DETAILS

1. REPORT SUMMARY
-----------------
            Netlist: netlist
          Floorplan: design_1
      Design limits: <entire design considered>
             Max violations: <unlimited>
             Violations found: 112
+-----------+------------------+----------------------------------------------------+------------+
| Rule      | Severity         | Description                                        | Violations |
+-----------+------------------+----------------------------------------------------+------------+
| TIMING-4  | Critical Warning | Invalid primary clock redefinition on a clock tree | 2          |
| TIMING-17 | Critical Warning | Non-clocked sequential cell                        | 68         |
| TIMING-27 | Critical Warning | Invalid primary clock on hierarchical pin          | 2          |
| LUTAR-1   | Warning          | LUT drives async reset alert                       | 4          |
| TIMING-9  | Warning          | Unknown CDC Logic                                  | 1          |
| TIMING-18 | Warning          | Missing input or output delay                      | 33         |
| TIMING-20 | Warning          | Non-clocked latch                                  | 1          |
| LATCH-1   | Advisory         | Existing latches in the design                     | 1          |
+-----------+------------------+----------------------------------------------------+------------+

2. REPORT DETAILS
-----------------
TIMING-4#1 Critical Warning
Invalid primary clock redefinition on a clock tree  
Invalid clock redefinition on a clock tree. The primary clock clk_wiz/inst/clk_in1 is defined downstream of clock clk_100 and overrides its insertion delay and/or waveform definition
Related violations: <none>

TIMING-4#2 Critical Warning
Invalid primary clock redefinition on a clock tree  
Invalid clock redefinition on a clock tree. The primary clock mb_block_i/clk_wiz_1/inst/clk_in1 is defined downstream of clock clk_100 and overrides its insertion delay and/or waveform definition
Related violations: <none>

TIMING-17#1 Critical Warning
Non-clocked sequential cell  
The clock pin ball_instance/BallX_reg[0]/C is not reached by a timing clock
Related violations: <none>

TIMING-17#2 Critical Warning
Non-clocked sequential cell  
The clock pin ball_instance/BallX_reg[1]/C is not reached by a timing clock
Related violations: <none>

TIMING-17#3 Critical Warning
Non-clocked sequential cell  
The clock pin ball_instance/BallX_reg[2]/C is not reached by a timing clock
Related violations: <none>

TIMING-17#4 Critical Warning
Non-clocked sequential cell  
The clock pin ball_instance/BallX_reg[3]/C is not reached by a timing clock
Related violations: <none>

TIMING-17#5 Critical Warning
Non-clocked sequential cell  
The clock pin ball_instance/BallX_reg[4]/C is not reached by a timing clock
Related violations: <none>

TIMING-17#6 Critical Warning
Non-clocked sequential cell  
The clock pin ball_instance/BallX_reg[5]/C is not reached by a timing clock
Related violations: <none>

TIMING-17#7 Critical Warning
Non-clocked sequential cell  
The clock pin ball_instance/BallX_reg[6]/C is not reached by a timing clock
Related violations: <none>

TIMING-17#8 Critical Warning
Non-clocked sequential cell  
The clock pin ball_instance/BallX_reg[7]/C is not reached by a timing clock
Related violations: <none>

TIMING-17#9 Critical Warning
Non-clocked sequential cell  
The clock pin ball_instance/BallX_reg[8]/C is not reached by a timing clock
Related violations: <none>

TIMING-17#10 Critical Warning
Non-clocked sequential cell  
The clock pin ball_instance/BallX_reg[9]/C is not reached by a timing clock
Related violations: <none>

TIMING-17#11 Critical Warning
Non-clocked sequential cell  
The clock pin ball_instance/BallY_reg[0]/C is not reached by a timing clock
Related violations: <none>

TIMING-17#12 Critical Warning
Non-clocked sequential cell  
The clock pin ball_instance/BallY_reg[1]/C is not reached by a timing clock
Related violations: <none>

TIMING-17#13 Critical Warning
Non-clocked sequential cell  
The clock pin ball_instance/BallY_reg[2]/C is not reached by a timing clock
Related violations: <none>

TIMING-17#14 Critical Warning
Non-clocked sequential cell  
The clock pin ball_instance/BallY_reg[3]/C is not reached by a timing clock
Related violations: <none>

TIMING-17#15 Critical Warning
Non-clocked sequential cell  
The clock pin ball_instance/BallY_reg[4]/C is not reached by a timing clock
Related violations: <none>

TIMING-17#16 Critical Warning
Non-clocked sequential cell  
The clock pin ball_instance/BallY_reg[5]/C is not reached by a timing clock
Related violations: <none>

TIMING-17#17 Critical Warning
Non-clocked sequential cell  
The clock pin ball_instance/BallY_reg[6]/C is not reached by a timing clock
Related violations: <none>

TIMING-17#18 Critical Warning
Non-clocked sequential cell  
The clock pin ball_instance/BallY_reg[7]/C is not reached by a timing clock
Related violations: <none>

TIMING-17#19 Critical Warning
Non-clocked sequential cell  
The clock pin ball_instance/BallY_reg[8]/C is not reached by a timing clock
Related violations: <none>

TIMING-17#20 Critical Warning
Non-clocked sequential cell  
The clock pin ball_instance/BallY_reg[9]/C is not reached by a timing clock
Related violations: <none>

TIMING-17#21 Critical Warning
Non-clocked sequential cell  
The clock pin ball_instance/Ball_X_Motion_reg[0]/C is not reached by a timing clock
Related violations: <none>

TIMING-17#22 Critical Warning
Non-clocked sequential cell  
The clock pin ball_instance/Ball_X_Motion_reg[1]/C is not reached by a timing clock
Related violations: <none>

TIMING-17#23 Critical Warning
Non-clocked sequential cell  
The clock pin ball_instance/Ball_X_Motion_reg[2]/C is not reached by a timing clock
Related violations: <none>

TIMING-17#24 Critical Warning
Non-clocked sequential cell  
The clock pin ball_instance/Ball_X_Motion_reg[3]/C is not reached by a timing clock
Related violations: <none>

TIMING-17#25 Critical Warning
Non-clocked sequential cell  
The clock pin ball_instance/Ball_X_Motion_reg[4]/C is not reached by a timing clock
Related violations: <none>

TIMING-17#26 Critical Warning
Non-clocked sequential cell  
The clock pin ball_instance/Ball_X_Motion_reg[5]/C is not reached by a timing clock
Related violations: <none>

TIMING-17#27 Critical Warning
Non-clocked sequential cell  
The clock pin ball_instance/Ball_X_Motion_reg[6]/C is not reached by a timing clock
Related violations: <none>

TIMING-17#28 Critical Warning
Non-clocked sequential cell  
The clock pin ball_instance/Ball_X_Motion_reg[7]/C is not reached by a timing clock
Related violations: <none>

TIMING-17#29 Critical Warning
Non-clocked sequential cell  
The clock pin ball_instance/Ball_X_Motion_reg[8]/C is not reached by a timing clock
Related violations: <none>

TIMING-17#30 Critical Warning
Non-clocked sequential cell  
The clock pin ball_instance/Ball_X_Motion_reg[9]/C is not reached by a timing clock
Related violations: <none>

TIMING-17#31 Critical Warning
Non-clocked sequential cell  
The clock pin ball_instance/Ball_Y_Motion_reg[0]/C is not reached by a timing clock
Related violations: <none>

TIMING-17#32 Critical Warning
Non-clocked sequential cell  
The clock pin ball_instance/Ball_Y_Motion_reg[1]/C is not reached by a timing clock
Related violations: <none>

TIMING-17#33 Critical Warning
Non-clocked sequential cell  
The clock pin ball_instance/Ball_Y_Motion_reg[2]/C is not reached by a timing clock
Related violations: <none>

TIMING-17#34 Critical Warning
Non-clocked sequential cell  
The clock pin ball_instance/Ball_Y_Motion_reg[3]/C is not reached by a timing clock
Related violations: <none>

TIMING-17#35 Critical Warning
Non-clocked sequential cell  
The clock pin ball_instance/Ball_Y_Motion_reg[4]/C is not reached by a timing clock
Related violations: <none>

TIMING-17#36 Critical Warning
Non-clocked sequential cell  
The clock pin ball_instance/Ball_Y_Motion_reg[5]/C is not reached by a timing clock
Related violations: <none>

TIMING-17#37 Critical Warning
Non-clocked sequential cell  
The clock pin ball_instance/count_reg[0]/C is not reached by a timing clock
Related violations: <none>

TIMING-17#38 Critical Warning
Non-clocked sequential cell  
The clock pin ball_instance/count_reg[10]/C is not reached by a timing clock
Related violations: <none>

TIMING-17#39 Critical Warning
Non-clocked sequential cell  
The clock pin ball_instance/count_reg[11]/C is not reached by a timing clock
Related violations: <none>

TIMING-17#40 Critical Warning
Non-clocked sequential cell  
The clock pin ball_instance/count_reg[12]/C is not reached by a timing clock
Related violations: <none>

TIMING-17#41 Critical Warning
Non-clocked sequential cell  
The clock pin ball_instance/count_reg[13]/C is not reached by a timing clock
Related violations: <none>

TIMING-17#42 Critical Warning
Non-clocked sequential cell  
The clock pin ball_instance/count_reg[14]/C is not reached by a timing clock
Related violations: <none>

TIMING-17#43 Critical Warning
Non-clocked sequential cell  
The clock pin ball_instance/count_reg[15]/C is not reached by a timing clock
Related violations: <none>

TIMING-17#44 Critical Warning
Non-clocked sequential cell  
The clock pin ball_instance/count_reg[16]/C is not reached by a timing clock
Related violations: <none>

TIMING-17#45 Critical Warning
Non-clocked sequential cell  
The clock pin ball_instance/count_reg[17]/C is not reached by a timing clock
Related violations: <none>

TIMING-17#46 Critical Warning
Non-clocked sequential cell  
The clock pin ball_instance/count_reg[18]/C is not reached by a timing clock
Related violations: <none>

TIMING-17#47 Critical Warning
Non-clocked sequential cell  
The clock pin ball_instance/count_reg[19]/C is not reached by a timing clock
Related violations: <none>

TIMING-17#48 Critical Warning
Non-clocked sequential cell  
The clock pin ball_instance/count_reg[1]/C is not reached by a timing clock
Related violations: <none>

TIMING-17#49 Critical Warning
Non-clocked sequential cell  
The clock pin ball_instance/count_reg[20]/C is not reached by a timing clock
Related violations: <none>

TIMING-17#50 Critical Warning
Non-clocked sequential cell  
The clock pin ball_instance/count_reg[21]/C is not reached by a timing clock
Related violations: <none>

TIMING-17#51 Critical Warning
Non-clocked sequential cell  
The clock pin ball_instance/count_reg[22]/C is not reached by a timing clock
Related violations: <none>

TIMING-17#52 Critical Warning
Non-clocked sequential cell  
The clock pin ball_instance/count_reg[23]/C is not reached by a timing clock
Related violations: <none>

TIMING-17#53 Critical Warning
Non-clocked sequential cell  
The clock pin ball_instance/count_reg[24]/C is not reached by a timing clock
Related violations: <none>

TIMING-17#54 Critical Warning
Non-clocked sequential cell  
The clock pin ball_instance/count_reg[25]/C is not reached by a timing clock
Related violations: <none>

TIMING-17#55 Critical Warning
Non-clocked sequential cell  
The clock pin ball_instance/count_reg[26]/C is not reached by a timing clock
Related violations: <none>

TIMING-17#56 Critical Warning
Non-clocked sequential cell  
The clock pin ball_instance/count_reg[27]/C is not reached by a timing clock
Related violations: <none>

TIMING-17#57 Critical Warning
Non-clocked sequential cell  
The clock pin ball_instance/count_reg[28]/C is not reached by a timing clock
Related violations: <none>

TIMING-17#58 Critical Warning
Non-clocked sequential cell  
The clock pin ball_instance/count_reg[29]/C is not reached by a timing clock
Related violations: <none>

TIMING-17#59 Critical Warning
Non-clocked sequential cell  
The clock pin ball_instance/count_reg[2]/C is not reached by a timing clock
Related violations: <none>

TIMING-17#60 Critical Warning
Non-clocked sequential cell  
The clock pin ball_instance/count_reg[30]/C is not reached by a timing clock
Related violations: <none>

TIMING-17#61 Critical Warning
Non-clocked sequential cell  
The clock pin ball_instance/count_reg[31]/C is not reached by a timing clock
Related violations: <none>

TIMING-17#62 Critical Warning
Non-clocked sequential cell  
The clock pin ball_instance/count_reg[3]/C is not reached by a timing clock
Related violations: <none>

TIMING-17#63 Critical Warning
Non-clocked sequential cell  
The clock pin ball_instance/count_reg[4]/C is not reached by a timing clock
Related violations: <none>

TIMING-17#64 Critical Warning
Non-clocked sequential cell  
The clock pin ball_instance/count_reg[5]/C is not reached by a timing clock
Related violations: <none>

TIMING-17#65 Critical Warning
Non-clocked sequential cell  
The clock pin ball_instance/count_reg[6]/C is not reached by a timing clock
Related violations: <none>

TIMING-17#66 Critical Warning
Non-clocked sequential cell  
The clock pin ball_instance/count_reg[7]/C is not reached by a timing clock
Related violations: <none>

TIMING-17#67 Critical Warning
Non-clocked sequential cell  
The clock pin ball_instance/count_reg[8]/C is not reached by a timing clock
Related violations: <none>

TIMING-17#68 Critical Warning
Non-clocked sequential cell  
The clock pin ball_instance/count_reg[9]/C is not reached by a timing clock
Related violations: <none>

TIMING-27#1 Critical Warning
Invalid primary clock on hierarchical pin  
A primary clock clk_wiz/inst/clk_in1 is created on an inappropriate internal pin clk_wiz/inst/clk_in1. It is not recommended to create a primary clock on a hierarchical pin when its driver pin has a fanout connected to multiple clock pins
Related violations: <none>

TIMING-27#2 Critical Warning
Invalid primary clock on hierarchical pin  
A primary clock mb_block_i/clk_wiz_1/inst/clk_in1 is created on an inappropriate internal pin mb_block_i/clk_wiz_1/inst/clk_in1. It is not recommended to create a primary clock on a hierarchical pin when its driver pin has a fanout connected to multiple clock pins
Related violations: <none>

LUTAR-1#1 Warning
LUT drives async reset alert  
LUT cell mb_block_i/mdm_1/U0/MDM_Core_I1/JTAG_CONTROL_I/sel_n_i_2, with 2 or more inputs, drives asynchronous preset/clear pin(s) mb_block_i/mdm_1/U0/MDM_Core_I1/JTAG_CONTROL_I/sel_n_reg/PRE. The LUT may glitch and trigger an unexpected reset, even if it is a properly timed path.
Related violations: <none>

LUTAR-1#2 Warning
LUT drives async reset alert  
LUT cell mb_block_i/microblaze_0/U0/MicroBlaze_Core_I/Area.Core/Implement_Debug_Logic.Master_Core.Debug_Area/Serial_Dbg_Intf.force_stop_cmd_rst_i_i_1, with 2 or more inputs, drives asynchronous preset/clear pin(s) mb_block_i/microblaze_0/U0/MicroBlaze_Core_I/Area.Core/Implement_Debug_Logic.Master_Core.Debug_Area/Serial_Dbg_Intf.force_stop_TClk_reg/CLR. The LUT may glitch and trigger an unexpected reset, even if it is a properly timed path.
Related violations: <none>

LUTAR-1#3 Warning
LUT drives async reset alert  
LUT cell mb_block_i/microblaze_0/U0/MicroBlaze_Core_I/Area.Core/Implement_Debug_Logic.Master_Core.Debug_Area/Serial_Dbg_Intf.normal_stop_cmd_rst_i_i_1, with 2 or more inputs, drives asynchronous preset/clear pin(s) mb_block_i/microblaze_0/U0/MicroBlaze_Core_I/Area.Core/Implement_Debug_Logic.Master_Core.Debug_Area/Serial_Dbg_Intf.normal_stop_TClk_reg/CLR. The LUT may glitch and trigger an unexpected reset, even if it is a properly timed path.
Related violations: <none>

LUTAR-1#4 Warning
LUT drives async reset alert  
LUT cell vga_to_hdmi/inst/encr/oserdes_m_i_1, with 2 or more inputs, drives asynchronous preset/clear pin(s) vga_to_hdmi/inst/encg/dout_reg[9]/CLR,
vga_to_hdmi/inst/encr/cnt_reg[1]/CLR, vga_to_hdmi/inst/encr/cnt_reg[2]/CLR,
vga_to_hdmi/inst/encr/cnt_reg[3]/CLR, vga_to_hdmi/inst/encr/cnt_reg[4]/CLR,
vga_to_hdmi/inst/encr/dout_reg[0]/CLR,
vga_to_hdmi/inst/encr/dout_reg[1]/CLR,
vga_to_hdmi/inst/encr/dout_reg[2]/CLR,
vga_to_hdmi/inst/encr/dout_reg[3]/CLR,
vga_to_hdmi/inst/encr/dout_reg[4]/CLR,
vga_to_hdmi/inst/encr/dout_reg[5]/CLR,
vga_to_hdmi/inst/encr/dout_reg[6]/CLR,
vga_to_hdmi/inst/encr/dout_reg[7]/CLR,
vga_to_hdmi/inst/encr/dout_reg[8]/CLR,
vga_to_hdmi/inst/encr/dout_reg[9]/CLR (the first 15 of 42 listed). The LUT may glitch and trigger an unexpected reset, even if it is a properly timed path.
Related violations: <none>

TIMING-9#1 Warning
Unknown CDC Logic  
One or more asynchronous Clock Domain Crossing has been detected between 2 clock domains through a set_false_path or a set_clock_groups or set_max_delay -datapath_only constraint but no double-registers logic synchronizer has been found on the side of the capture clock. It is recommended to run report_cdc for a complete and detailed CDC coverage. Please consider using XPM_CDC to avoid Critical severities
Related violations: <none>

TIMING-18#1 Warning
Missing input or output delay  
An input delay is missing on gpio_usb_int_tri_i[0] relative to clock(s) mb_block_i/clk_wiz_1/inst/clk_in1
Related violations: <none>

TIMING-18#2 Warning
Missing input or output delay  
An input delay is missing on reset_rtl_0 relative to clock(s) clk_100, mb_block_i/clk_wiz_1/inst/clk_in1
Related violations: <none>

TIMING-18#3 Warning
Missing input or output delay  
An input delay is missing on uart_rtl_0_rxd relative to clock(s) mb_block_i/clk_wiz_1/inst/clk_in1
Related violations: <none>

TIMING-18#4 Warning
Missing input or output delay  
An input delay is missing on usb_spi_miso relative to clock(s) mb_block_i/clk_wiz_1/inst/clk_in1
Related violations: <none>

TIMING-18#5 Warning
Missing input or output delay  
An output delay is missing on gpio_usb_rst_tri_o relative to clock(s) mb_block_i/clk_wiz_1/inst/clk_in1
Related violations: <none>

TIMING-18#6 Warning
Missing input or output delay  
An output delay is missing on hex_gridA[0] relative to clock(s) clk_100
Related violations: <none>

TIMING-18#7 Warning
Missing input or output delay  
An output delay is missing on hex_gridA[1] relative to clock(s) clk_100
Related violations: <none>

TIMING-18#8 Warning
Missing input or output delay  
An output delay is missing on hex_gridA[2] relative to clock(s) clk_100
Related violations: <none>

TIMING-18#9 Warning
Missing input or output delay  
An output delay is missing on hex_gridA[3] relative to clock(s) clk_100
Related violations: <none>

TIMING-18#10 Warning
Missing input or output delay  
An output delay is missing on hex_gridB[0] relative to clock(s) clk_100
Related violations: <none>

TIMING-18#11 Warning
Missing input or output delay  
An output delay is missing on hex_gridB[1] relative to clock(s) clk_100
Related violations: <none>

TIMING-18#12 Warning
Missing input or output delay  
An output delay is missing on hex_gridB[2] relative to clock(s) clk_100
Related violations: <none>

TIMING-18#13 Warning
Missing input or output delay  
An output delay is missing on hex_gridB[3] relative to clock(s) clk_100
Related violations: <none>

TIMING-18#14 Warning
Missing input or output delay  
An output delay is missing on hex_segA[0] relative to clock(s) clk_100, mb_block_i/clk_wiz_1/inst/clk_in1
Related violations: <none>

TIMING-18#15 Warning
Missing input or output delay  
An output delay is missing on hex_segA[1] relative to clock(s) clk_100, mb_block_i/clk_wiz_1/inst/clk_in1
Related violations: <none>

TIMING-18#16 Warning
Missing input or output delay  
An output delay is missing on hex_segA[2] relative to clock(s) clk_100, mb_block_i/clk_wiz_1/inst/clk_in1
Related violations: <none>

TIMING-18#17 Warning
Missing input or output delay  
An output delay is missing on hex_segA[3] relative to clock(s) clk_100, mb_block_i/clk_wiz_1/inst/clk_in1
Related violations: <none>

TIMING-18#18 Warning
Missing input or output delay  
An output delay is missing on hex_segA[4] relative to clock(s) clk_100, mb_block_i/clk_wiz_1/inst/clk_in1
Related violations: <none>

TIMING-18#19 Warning
Missing input or output delay  
An output delay is missing on hex_segA[5] relative to clock(s) clk_100, mb_block_i/clk_wiz_1/inst/clk_in1
Related violations: <none>

TIMING-18#20 Warning
Missing input or output delay  
An output delay is missing on hex_segA[6] relative to clock(s) clk_100, mb_block_i/clk_wiz_1/inst/clk_in1
Related violations: <none>

TIMING-18#21 Warning
Missing input or output delay  
An output delay is missing on hex_segA[7] relative to clock(s) clk_100, mb_block_i/clk_wiz_1/inst/clk_in1
Related violations: <none>

TIMING-18#22 Warning
Missing input or output delay  
An output delay is missing on hex_segB[0] relative to clock(s) clk_100, mb_block_i/clk_wiz_1/inst/clk_in1
Related violations: <none>

TIMING-18#23 Warning
Missing input or output delay  
An output delay is missing on hex_segB[1] relative to clock(s) clk_100, mb_block_i/clk_wiz_1/inst/clk_in1
Related violations: <none>

TIMING-18#24 Warning
Missing input or output delay  
An output delay is missing on hex_segB[2] relative to clock(s) clk_100, mb_block_i/clk_wiz_1/inst/clk_in1
Related violations: <none>

TIMING-18#25 Warning
Missing input or output delay  
An output delay is missing on hex_segB[3] relative to clock(s) clk_100, mb_block_i/clk_wiz_1/inst/clk_in1
Related violations: <none>

TIMING-18#26 Warning
Missing input or output delay  
An output delay is missing on hex_segB[4] relative to clock(s) clk_100, mb_block_i/clk_wiz_1/inst/clk_in1
Related violations: <none>

TIMING-18#27 Warning
Missing input or output delay  
An output delay is missing on hex_segB[5] relative to clock(s) clk_100, mb_block_i/clk_wiz_1/inst/clk_in1
Related violations: <none>

TIMING-18#28 Warning
Missing input or output delay  
An output delay is missing on hex_segB[6] relative to clock(s) clk_100, mb_block_i/clk_wiz_1/inst/clk_in1
Related violations: <none>

TIMING-18#29 Warning
Missing input or output delay  
An output delay is missing on hex_segB[7] relative to clock(s) clk_100, mb_block_i/clk_wiz_1/inst/clk_in1
Related violations: <none>

TIMING-18#30 Warning
Missing input or output delay  
An output delay is missing on uart_rtl_0_txd relative to clock(s) mb_block_i/clk_wiz_1/inst/clk_in1
Related violations: <none>

TIMING-18#31 Warning
Missing input or output delay  
An output delay is missing on usb_spi_mosi relative to clock(s) mb_block_i/clk_wiz_1/inst/clk_in1
Related violations: <none>

TIMING-18#32 Warning
Missing input or output delay  
An output delay is missing on usb_spi_sclk relative to clock(s) mb_block_i/clk_wiz_1/inst/clk_in1
Related violations: <none>

TIMING-18#33 Warning
Missing input or output delay  
An output delay is missing on usb_spi_ss relative to clock(s) mb_block_i/clk_wiz_1/inst/clk_in1
Related violations: <none>

TIMING-20#1 Warning
Non-clocked latch  
The latch ball_instance/gameStart_reg cannot be properly analyzed as its control pin ball_instance/gameStart_reg/G is not reached by a timing clock
Related violations: <none>

LATCH-1#1 Advisory
Existing latches in the design  
There are 1 latches found in the design. Inferred latches are often the result of HDL coding mistakes, such as incomplete if or case statements.
Related violations: <none>


