#-----------------------------------------------------------
# Vivado v2022.2 (64-bit)
# SW Build 3671981 on Fri Oct 14 05:00:03 MDT 2022
# IP Build 3669848 on Fri Oct 14 08:30:02 MDT 2022
# Start of session at: Wed Nov 20 15:12:52 2024
# Process ID: 39052
# Current directory: C:/Users/bmg32/ECE_385_lab6_2
# Command line: vivado.exe -gui_launcher_event rodinguilauncherevent2972 C:\Users\bmg32\ECE_385_lab6_2\ECE_385_lab6_2.xpr
# Log file: C:/Users/bmg32/ECE_385_lab6_2/vivado.log
# Journal file: C:/Users/bmg32/ECE_385_lab6_2\vivado.jou
# Running On: Ben, OS: Windows, CPU Frequency: 2688 MHz, CPU Physical cores: 14, Host memory: 34014 MB
#-----------------------------------------------------------
start_gui
open_project C:/Users/bmg32/ECE_385_lab6_2/ECE_385_lab6_2.xpr
WARNING: [Board 49-26] cannot add Board Part xilinx.com:vek280_es:part0:1.0 available at C:/Xilinx/Vivado/2022.2/data/xhub/boards/XilinxBoardStore/boards/Xilinx/vek280/es/1.0/board.xml as part xcve2802-vsvh1760-2lp-e-s-es1 specified in board_part file is either invalid or not available
WARNING: [Board 49-26] cannot add Board Part xilinx.com:vhk158_es:part0:1.0 available at C:/Xilinx/Vivado/2022.2/data/xhub/boards/XilinxBoardStore/boards/Xilinx/vhk158/es/1.0/board.xml as part xcvh1582-vsva3697-2mp-e-s-es1 specified in board_part file is either invalid or not available
WARNING: [Board 49-26] cannot add Board Part xilinx.com:vpk120_es:part0:1.2 available at C:/Xilinx/Vivado/2022.2/data/xhub/boards/XilinxBoardStore/boards/Xilinx/vpk120/es/1.2/board.xml as part xcvp1202-vsva2785-2mp-e-s-es1 specified in board_part file is either invalid or not available
WARNING: [Board 49-26] cannot add Board Part xilinx.com:vpk120_es_revb:part0:1.0 available at C:/Xilinx/Vivado/2022.2/data/xhub/boards/XilinxBoardStore/boards/Xilinx/vpk120_revb/es/1.0/board.xml as part xcvp1202-vsva2785-2mp-e-s-es1 specified in board_part file is either invalid or not available
WARNING: [Board 49-26] cannot add Board Part xilinx.com:vpk180_es:part0:1.0 available at C:/Xilinx/Vivado/2022.2/data/xhub/boards/XilinxBoardStore/boards/Xilinx/vpk180/es/1.0/board.xml as part xcvp1802-lsvc4072-2mp-e-s-es1 specified in board_part file is either invalid or not available
WARNING: [Board 49-26] cannot add Board Part xilinx.com:zcu208ld:part0:2.0 available at C:/Xilinx/Vivado/2022.2/data/xhub/boards/XilinxBoardStore/boards/Xilinx/zcu208ld/production/2.0/board.xml as part xczu58dr-fsvg1517-2-i specified in board_part file is either invalid or not available
WARNING: [Board 49-26] cannot add Board Part xilinx.com:zcu216ld:part0:2.0 available at C:/Xilinx/Vivado/2022.2/data/xhub/boards/XilinxBoardStore/boards/Xilinx/zcu216ld/production/2.0/board.xml as part xczu59dr-ffvf1760-2-i specified in board_part file is either invalid or not available
WARNING: [Board 49-26] cannot add Board Part xilinx.com:zcu670:part0:2.0 available at C:/Xilinx/Vivado/2022.2/data/xhub/boards/XilinxBoardStore/boards/Xilinx/zcu670/2.0/board.xml as part xczu67dr-fsve1156-2-i specified in board_part file is either invalid or not available
WARNING: [Board 49-26] cannot add Board Part xilinx.com:zcu670ld:part0:1.0 available at C:/Xilinx/Vivado/2022.2/data/xhub/boards/XilinxBoardStore/boards/Xilinx/zcu670ld/1.0/board.xml as part xczu57dr-fsve1156-2-i specified in board_part file is either invalid or not available
Scanning sources...
Finished scanning sources
INFO: [IP_Flow 19-234] Refreshing IP repositories
INFO: [IP_Flow 19-1700] Loaded user IP repository 'c:/Users/bmg32/hdmi_tx_1.0'.
INFO: [IP_Flow 19-2313] Loaded Vivado IP repository 'C:/Xilinx/Vivado/2022.2/data/ip'.
WARNING: [IP_Flow 19-2162] IP 'hdmi_tx_0' is locked:
* IP definition 'HDMI/DVI Encoder (1.0)' for IP 'hdmi_tx_0' (customized with software release 2022.2) has a different revision in the IP Catalog.
open_project: Time (s): cpu = 00:00:11 ; elapsed = 00:00:10 . Memory (MB): peak = 1841.363 ; gain = 247.727
update_compile_order -fileset sources_1
file mkdir C:/Users/bmg32/ECE_385_lab6_2/ECE_385_lab6_2.srcs/sources_1/new
close [ open C:/Users/bmg32/ECE_385_lab6_2/ECE_385_lab6_2.srcs/sources_1/new/tetrisFSM.sv w ]
add_files C:/Users/bmg32/ECE_385_lab6_2/ECE_385_lab6_2.srcs/sources_1/new/tetrisFSM.sv
update_compile_order -fileset sources_1
close [ open C:/Users/bmg32/ECE_385_lab6_2/ECE_385_lab6_2.srcs/sources_1/new/rows.sv w ]
add_files C:/Users/bmg32/ECE_385_lab6_2/ECE_385_lab6_2.srcs/sources_1/new/rows.sv
close [ open C:/Users/bmg32/ECE_385_lab6_2/ECE_385_lab6_2.srcs/sources_1/new/blockStorage.sv w ]
add_files C:/Users/bmg32/ECE_385_lab6_2/ECE_385_lab6_2.srcs/sources_1/new/blockStorage.sv
update_compile_order -fileset sources_1
close [ open C:/Users/bmg32/ECE_385_lab6_2/ECE_385_lab6_2.srcs/sources_1/new/findShiftRow.sv w ]
add_files C:/Users/bmg32/ECE_385_lab6_2/ECE_385_lab6_2.srcs/sources_1/new/findShiftRow.sv
update_compile_order -fileset sources_1
export_ip_user_files -of_objects  [get_files C:/Users/bmg32/ECE_385_lab6_2/ECE_385_lab6_2.srcs/sources_1/new/blockStorage.sv] -no_script -reset -force -quiet
remove_files  C:/Users/bmg32/ECE_385_lab6_2/ECE_385_lab6_2.srcs/sources_1/new/blockStorage.sv
close [ open C:/Users/bmg32/ECE_385_lab6_2/ECE_385_lab6_2.srcs/sources_1/new/blockStorages.sv w ]
add_files C:/Users/bmg32/ECE_385_lab6_2/ECE_385_lab6_2.srcs/sources_1/new/blockStorages.sv
update_compile_order -fileset sources_1
close [ open C:/Users/bmg32/ECE_385_lab6_2/ECE_385_lab6_2.srcs/sources_1/new/levelSpeedChanger.sv w ]
add_files C:/Users/bmg32/ECE_385_lab6_2/ECE_385_lab6_2.srcs/sources_1/new/levelSpeedChanger.sv
update_compile_order -fileset sources_1
close [ open C:/Users/bmg32/ECE_385_lab6_2/ECE_385_lab6_2.srcs/sources_1/new/ClockRevamp.sv w ]
add_files C:/Users/bmg32/ECE_385_lab6_2/ECE_385_lab6_2.srcs/sources_1/new/ClockRevamp.sv
update_compile_order -fileset sources_1
close [ open C:/Users/bmg32/ECE_385_lab6_2/ECE_385_lab6_2.srcs/sources_1/new/randNumGen.sv w ]
add_files C:/Users/bmg32/ECE_385_lab6_2/ECE_385_lab6_2.srcs/sources_1/new/randNumGen.sv
update_compile_order -fileset sources_1
close [ open C:/Users/bmg32/ECE_385_lab6_2/ECE_385_lab6_2.srcs/sources_1/new/changeBlock.sv w ]
add_files C:/Users/bmg32/ECE_385_lab6_2/ECE_385_lab6_2.srcs/sources_1/new/changeBlock.sv
update_compile_order -fileset sources_1
close [ open C:/Users/bmg32/ECE_385_lab6_2/ECE_385_lab6_2.srcs/sources_1/new/nextBlock.sv w ]
add_files C:/Users/bmg32/ECE_385_lab6_2/ECE_385_lab6_2.srcs/sources_1/new/nextBlock.sv
update_compile_order -fileset sources_1
close [ open C:/Users/bmg32/ECE_385_lab6_2/ECE_385_lab6_2.srcs/sources_1/new/blockMovements.v w ]
add_files C:/Users/bmg32/ECE_385_lab6_2/ECE_385_lab6_2.srcs/sources_1/new/blockMovements.v
update_compile_order -fileset sources_1
export_ip_user_files -of_objects  [get_files C:/Users/bmg32/ECE_385_lab6_2/ECE_385_lab6_2.srcs/sources_1/new/blockMovements.v] -no_script -reset -force -quiet
remove_files  C:/Users/bmg32/ECE_385_lab6_2/ECE_385_lab6_2.srcs/sources_1/new/blockMovements.v
close [ open C:/Users/bmg32/ECE_385_lab6_2/ECE_385_lab6_2.srcs/sources_1/new/blockMoves.sv w ]
add_files C:/Users/bmg32/ECE_385_lab6_2/ECE_385_lab6_2.srcs/sources_1/new/blockMoves.sv
update_compile_order -fileset sources_1
close [ open C:/Users/bmg32/ECE_385_lab6_2/ECE_385_lab6_2.srcs/sources_1/new/trackMain.sv w ]
add_files C:/Users/bmg32/ECE_385_lab6_2/ECE_385_lab6_2.srcs/sources_1/new/trackMain.sv
update_compile_order -fileset sources_1
close [ open C:/Users/bmg32/ECE_385_lab6_2/ECE_385_lab6_2.srcs/sources_1/new/placer.sv w ]
add_files C:/Users/bmg32/ECE_385_lab6_2/ECE_385_lab6_2.srcs/sources_1/new/placer.sv
update_compile_order -fileset sources_1
close [ open C:/Users/bmg32/ECE_385_lab6_2/ECE_385_lab6_2.srcs/sources_1/new/blockPlacer.sv w ]
add_files C:/Users/bmg32/ECE_385_lab6_2/ECE_385_lab6_2.srcs/sources_1/new/blockPlacer.sv
update_compile_order -fileset sources_1
close [ open C:/Users/bmg32/ECE_385_lab6_2/ECE_385_lab6_2.srcs/sources_1/new/changeBlockPlacer.sv w ]
add_files C:/Users/bmg32/ECE_385_lab6_2/ECE_385_lab6_2.srcs/sources_1/new/changeBlockPlacer.sv
update_compile_order -fileset sources_1
close [ open C:/Users/bmg32/ECE_385_lab6_2/ECE_385_lab6_2.srcs/sources_1/new/nextBlockPlacer.sv w ]
add_files C:/Users/bmg32/ECE_385_lab6_2/ECE_385_lab6_2.srcs/sources_1/new/nextBlockPlacer.sv
update_compile_order -fileset sources_1
close [ open C:/Users/bmg32/ECE_385_lab6_2/ECE_385_lab6_2.srcs/sources_1/new/boardPlacer.sv w ]
add_files C:/Users/bmg32/ECE_385_lab6_2/ECE_385_lab6_2.srcs/sources_1/new/boardPlacer.sv
update_compile_order -fileset sources_1
close [ open C:/Users/bmg32/ECE_385_lab6_2/ECE_385_lab6_2.srcs/sources_1/new/changeBoardPlacer.sv w ]
add_files C:/Users/bmg32/ECE_385_lab6_2/ECE_385_lab6_2.srcs/sources_1/new/changeBoardPlacer.sv
update_compile_order -fileset sources_1
close [ open C:/Users/bmg32/ECE_385_lab6_2/ECE_385_lab6_2.srcs/sources_1/new/nextBoardPlacer.sv w ]
add_files C:/Users/bmg32/ECE_385_lab6_2/ECE_385_lab6_2.srcs/sources_1/new/nextBoardPlacer.sv
update_compile_order -fileset sources_1
close [ open C:/Users/bmg32/ECE_385_lab6_2/ECE_385_lab6_2.srcs/sources_1/new/startScreen.sv w ]
add_files C:/Users/bmg32/ECE_385_lab6_2/ECE_385_lab6_2.srcs/sources_1/new/startScreen.sv
update_compile_order -fileset sources_1
close [ open C:/Users/bmg32/ECE_385_lab6_2/ECE_385_lab6_2.srcs/sources_1/new/selecter.sv w ]
add_files C:/Users/bmg32/ECE_385_lab6_2/ECE_385_lab6_2.srcs/sources_1/new/selecter.sv
update_compile_order -fileset sources_1
update_compile_order -fileset sources_1
update_compile_order -fileset sources_1
update_compile_order -fileset sources_1
update_compile_order -fileset sources_1
update_compile_order -fileset sources_1
update_compile_order -fileset sources_1
update_compile_order -fileset sources_1
update_compile_order -fileset sources_1
update_compile_order -fileset sources_1
update_compile_order -fileset sources_1
update_compile_order -fileset sources_1
update_compile_order -fileset sources_1
reset_run synth_1
INFO: [Project 1-1161] Replacing file C:/Users/bmg32/ECE_385_lab6_2/ECE_385_lab6_2.srcs/utils_1/imports/synth_1/mb_usb_hdmi_top.dcp with file C:/Users/bmg32/ECE_385_lab6_2/ECE_385_lab6_2.runs/synth_1/mb_usb_hdmi_top.dcp
launch_runs impl_1 -to_step write_bitstream -jobs 10
[Wed Nov 20 16:54:56 2024] Launched synth_1...
Run output will be captured here: C:/Users/bmg32/ECE_385_lab6_2/ECE_385_lab6_2.runs/synth_1/runme.log
[Wed Nov 20 16:54:56 2024] Launched impl_1...
Run output will be captured here: C:/Users/bmg32/ECE_385_lab6_2/ECE_385_lab6_2.runs/impl_1/runme.log
reset_run synth_1
launch_runs impl_1 -to_step write_bitstream -jobs 10
[Wed Nov 20 16:56:14 2024] Launched synth_1...
Run output will be captured here: C:/Users/bmg32/ECE_385_lab6_2/ECE_385_lab6_2.runs/synth_1/runme.log
[Wed Nov 20 16:56:14 2024] Launched impl_1...
Run output will be captured here: C:/Users/bmg32/ECE_385_lab6_2/ECE_385_lab6_2.runs/impl_1/runme.log
reset_run synth_1
launch_runs impl_1 -to_step write_bitstream -jobs 10
[Wed Nov 20 16:57:10 2024] Launched synth_1...
Run output will be captured here: C:/Users/bmg32/ECE_385_lab6_2/ECE_385_lab6_2.runs/synth_1/runme.log
[Wed Nov 20 16:57:10 2024] Launched impl_1...
Run output will be captured here: C:/Users/bmg32/ECE_385_lab6_2/ECE_385_lab6_2.runs/impl_1/runme.log
exit
INFO: [Common 17-206] Exiting Vivado at Wed Nov 20 16:58:29 2024...
