#-----------------------------------------------------------
# Vivado v2022.2 (64-bit)
# SW Build 3671981 on Fri Oct 14 05:00:03 MDT 2022
# IP Build 3669848 on Fri Oct 14 08:30:02 MDT 2022
# Start of session at: Sun Nov  3 17:36:50 2024
# Process ID: 33576
# Current directory: C:/Users/bmg32/ECE_385_lab6_2
# Command line: vivado.exe -gui_launcher_event rodinguilauncherevent2180 C:\Users\bmg32\ECE_385_lab6_2\ECE_385_lab6_2.xpr
# Log file: C:/Users/bmg32/ECE_385_lab6_2/vivado.log
# Journal file: C:/Users/bmg32/ECE_385_lab6_2\vivado.jou
# Running On: Ben, OS: Windows, CPU Frequency: 2688 MHz, CPU Physical cores: 14, Host memory: 34014 MB
#-----------------------------------------------------------
start_gui
open_project C:/Users/bmg32/ECE_385_lab6_2/ECE_385_lab6_2.xpr
WARNING: [Board 49-26] cannot add Board Part xilinx.com:vek280_es:part0:1.0 available at C:/Xilinx/Vivado/2022.2/data/xhub/boards/XilinxBoardStore/boards/Xilinx/vek280/es/1.0/board.xml as part xcve2802-vsvh1760-2lp-e-s-es1 specified in board_part file is either invalid or not available
WARNING: [Board 49-26] cannot add Board Part xilinx.com:vhk158_es:part0:1.0 available at C:/Xilinx/Vivado/2022.2/data/xhub/boards/XilinxBoardStore/boards/Xilinx/vhk158/es/1.0/board.xml as part xcvh1582-vsva3697-2mp-e-s-es1 specified in board_part file is either invalid or not available
WARNING: [Board 49-26] cannot add Board Part xilinx.com:vpk120_es:part0:1.2 available at C:/Xilinx/Vivado/2022.2/data/xhub/boards/XilinxBoardStore/boards/Xilinx/vpk120/es/1.2/board.xml as part xcvp1202-vsva2785-2mp-e-s-es1 specified in board_part file is either invalid or not available
WARNING: [Board 49-26] cannot add Board Part xilinx.com:vpk120_es_revb:part0:1.0 available at C:/Xilinx/Vivado/2022.2/data/xhub/boards/XilinxBoardStore/boards/Xilinx/vpk120_revb/es/1.0/board.xml as part xcvp1202-vsva2785-2mp-e-s-es1 specified in board_part file is either invalid or not available
WARNING: [Board 49-26] cannot add Board Part xilinx.com:vpk180_es:part0:1.0 available at C:/Xilinx/Vivado/2022.2/data/xhub/boards/XilinxBoardStore/boards/Xilinx/vpk180/es/1.0/board.xml as part xcvp1802-lsvc4072-2mp-e-s-es1 specified in board_part file is either invalid or not available
WARNING: [Board 49-26] cannot add Board Part xilinx.com:zcu208ld:part0:2.0 available at C:/Xilinx/Vivado/2022.2/data/xhub/boards/XilinxBoardStore/boards/Xilinx/zcu208ld/production/2.0/board.xml as part xczu58dr-fsvg1517-2-i specified in board_part file is either invalid or not available
WARNING: [Board 49-26] cannot add Board Part xilinx.com:zcu216ld:part0:2.0 available at C:/Xilinx/Vivado/2022.2/data/xhub/boards/XilinxBoardStore/boards/Xilinx/zcu216ld/production/2.0/board.xml as part xczu59dr-ffvf1760-2-i specified in board_part file is either invalid or not available
WARNING: [Board 49-26] cannot add Board Part xilinx.com:zcu670:part0:2.0 available at C:/Xilinx/Vivado/2022.2/data/xhub/boards/XilinxBoardStore/boards/Xilinx/zcu670/2.0/board.xml as part xczu67dr-fsve1156-2-i specified in board_part file is either invalid or not available
WARNING: [Board 49-26] cannot add Board Part xilinx.com:zcu670ld:part0:1.0 available at C:/Xilinx/Vivado/2022.2/data/xhub/boards/XilinxBoardStore/boards/Xilinx/zcu670ld/1.0/board.xml as part xczu57dr-fsve1156-2-i specified in board_part file is either invalid or not available
Scanning sources...
Finished scanning sources
INFO: [IP_Flow 19-234] Refreshing IP repositories
INFO: [IP_Flow 19-1700] Loaded user IP repository 'c:/Users/bmg32/hdmi_tx_1.0'.
INFO: [IP_Flow 19-2313] Loaded Vivado IP repository 'C:/Xilinx/Vivado/2022.2/data/ip'.
WARNING: [IP_Flow 19-2162] IP 'hdmi_tx_0' is locked:
* IP definition 'HDMI/DVI Encoder (1.0)' for IP 'hdmi_tx_0' (customized with software release 2022.2) has a different revision in the IP Catalog.
open_project: Time (s): cpu = 00:00:09 ; elapsed = 00:00:11 . Memory (MB): peak = 1855.273 ; gain = 340.164
update_compile_order -fileset sources_1
open_bd_design {C:/Users/bmg32/ECE_385_lab6_2/ECE_385_lab6_2.srcs/sources_1/bd/mb_block/mb_block.bd}
Reading block design file <C:/Users/bmg32/ECE_385_lab6_2/ECE_385_lab6_2.srcs/sources_1/bd/mb_block/mb_block.bd>...
Adding component instance block -- xilinx.com:ip:microblaze:11.0 - microblaze_0
Adding component instance block -- xilinx.com:ip:lmb_v10:3.0 - dlmb_v10
Adding component instance block -- xilinx.com:ip:lmb_v10:3.0 - ilmb_v10
Adding component instance block -- xilinx.com:ip:lmb_bram_if_cntlr:4.0 - dlmb_bram_if_cntlr
Adding component instance block -- xilinx.com:ip:lmb_bram_if_cntlr:4.0 - ilmb_bram_if_cntlr
Adding component instance block -- xilinx.com:ip:blk_mem_gen:8.4 - lmb_bram
Adding component instance block -- xilinx.com:ip:axi_interconnect:2.1 - microblaze_0_axi_periph
Adding component instance block -- xilinx.com:ip:axi_crossbar:2.1 - xbar
Adding component instance block -- xilinx.com:ip:axi_intc:4.1 - microblaze_0_axi_intc
Adding component instance block -- xilinx.com:ip:mdm:3.2 - mdm_1
Adding component instance block -- xilinx.com:ip:clk_wiz:6.0 - clk_wiz_1
Adding component instance block -- xilinx.com:ip:proc_sys_reset:5.0 - rst_clk_wiz_1_100M
Adding component instance block -- xilinx.com:ip:axi_uartlite:2.0 - axi_uartlite_0
Adding component instance block -- xilinx.com:ip:axi_gpio:2.0 - gpio_usb_rst
Adding component instance block -- xilinx.com:ip:axi_gpio:2.0 - gpio_usb_int
Adding component instance block -- xilinx.com:ip:axi_gpio:2.0 - gpio_usb_keycode
Adding component instance block -- xilinx.com:ip:axi_timer:2.0 - timer_usb_axi
Adding component instance block -- xilinx.com:ip:axi_quad_spi:3.2 - spi_usb
Adding component instance block -- xilinx.com:ip:xlconcat:2.1 - xlconcat_0
Successfully read diagram <mb_block> from block design file <C:/Users/bmg32/ECE_385_lab6_2/ECE_385_lab6_2.srcs/sources_1/bd/mb_block/mb_block.bd>
set_property location {2 771 -114} [get_bd_cells microblaze_0_local_memory]
create_ip_run [get_files -of_objects [get_fileset sources_1] C:/Users/bmg32/ECE_385_lab6_2/ECE_385_lab6_2.srcs/sources_1/bd/mb_block/mb_block.bd]
synth_design -rtl -rtl_skip_mlo -name rtl_1
Command: synth_design -rtl -rtl_skip_mlo -name rtl_1
Starting synth_design
Using part: xc7s50csga324-1
Top: mb_usb_hdmi_top
INFO: [Device 21-403] Loading part xc7s50csga324-1
INFO: [Synth 8-11241] undeclared symbol 'REGCCE', assumed default net type 'wire' [C:/Xilinx/Vivado/2022.2/data/verilog/src/unimacro/BRAM_SINGLE_MACRO.v:2170]
---------------------------------------------------------------------------------
Starting RTL Elaboration : Time (s): cpu = 00:00:03 ; elapsed = 00:00:05 . Memory (MB): peak = 2950.008 ; gain = 386.145
---------------------------------------------------------------------------------
INFO: [Synth 8-6157] synthesizing module 'mb_usb_hdmi_top' [C:/Users/bmg32/ECE_385_lab6_2/ECE_385_lab6_2.srcs/sources_1/imports/design_source/mb_usb_hdmi_top.sv:14]
INFO: [Synth 8-6157] synthesizing module 'hex_driver' [C:/Users/bmg32/ECE_385_lab6_2/ECE_385_lab6_2.srcs/sources_1/imports/design_source/hex_driver.sv:1]
INFO: [Synth 8-6157] synthesizing module 'nibble_to_hex' [C:/Users/bmg32/ECE_385_lab6_2/ECE_385_lab6_2.srcs/sources_1/imports/design_source/hex_driver.sv:11]
INFO: [Synth 8-6155] done synthesizing module 'nibble_to_hex' (0#1) [C:/Users/bmg32/ECE_385_lab6_2/ECE_385_lab6_2.srcs/sources_1/imports/design_source/hex_driver.sv:11]
INFO: [Synth 8-6157] synthesizing module 'nibble_to_hex' [C:/Users/bmg32/ECE_385_lab6_2/ECE_385_lab6_2.srcs/sources_1/imports/design_source/hex_driver.sv:11]
INFO: [Synth 8-6155] done synthesizing module 'nibble_to_hex' (0#1) [C:/Users/bmg32/ECE_385_lab6_2/ECE_385_lab6_2.srcs/sources_1/imports/design_source/hex_driver.sv:11]
INFO: [Synth 8-6157] synthesizing module 'nibble_to_hex' [C:/Users/bmg32/ECE_385_lab6_2/ECE_385_lab6_2.srcs/sources_1/imports/design_source/hex_driver.sv:11]
INFO: [Synth 8-6155] done synthesizing module 'nibble_to_hex' (0#1) [C:/Users/bmg32/ECE_385_lab6_2/ECE_385_lab6_2.srcs/sources_1/imports/design_source/hex_driver.sv:11]
INFO: [Synth 8-6157] synthesizing module 'nibble_to_hex' [C:/Users/bmg32/ECE_385_lab6_2/ECE_385_lab6_2.srcs/sources_1/imports/design_source/hex_driver.sv:11]
INFO: [Synth 8-6155] done synthesizing module 'nibble_to_hex' (0#1) [C:/Users/bmg32/ECE_385_lab6_2/ECE_385_lab6_2.srcs/sources_1/imports/design_source/hex_driver.sv:11]
INFO: [Synth 8-6155] done synthesizing module 'hex_driver' (0#1) [C:/Users/bmg32/ECE_385_lab6_2/ECE_385_lab6_2.srcs/sources_1/imports/design_source/hex_driver.sv:1]
INFO: [Synth 8-6157] synthesizing module 'mb_block' [c:/Users/bmg32/ECE_385_lab6_2/ECE_385_lab6_2.gen/sources_1/bd/mb_block/synth/mb_block.v:936]
INFO: [Synth 8-6157] synthesizing module 'mb_block_axi_uartlite_0_0' [C:/Users/bmg32/ECE_385_lab6_2/.Xil/Vivado-33576-Ben/realtime/mb_block_axi_uartlite_0_0_stub.v:5]
INFO: [Synth 8-6155] done synthesizing module 'mb_block_axi_uartlite_0_0' (0#1) [C:/Users/bmg32/ECE_385_lab6_2/.Xil/Vivado-33576-Ben/realtime/mb_block_axi_uartlite_0_0_stub.v:5]
INFO: [Synth 8-6157] synthesizing module 'mb_block_clk_wiz_1_0' [C:/Users/bmg32/ECE_385_lab6_2/.Xil/Vivado-33576-Ben/realtime/mb_block_clk_wiz_1_0_stub.v:5]
INFO: [Synth 8-6155] done synthesizing module 'mb_block_clk_wiz_1_0' (0#1) [C:/Users/bmg32/ECE_385_lab6_2/.Xil/Vivado-33576-Ben/realtime/mb_block_clk_wiz_1_0_stub.v:5]
INFO: [Synth 8-6157] synthesizing module 'mb_block_axi_gpio_0_4' [C:/Users/bmg32/ECE_385_lab6_2/.Xil/Vivado-33576-Ben/realtime/mb_block_axi_gpio_0_4_stub.v:5]
INFO: [Synth 8-6155] done synthesizing module 'mb_block_axi_gpio_0_4' (0#1) [C:/Users/bmg32/ECE_385_lab6_2/.Xil/Vivado-33576-Ben/realtime/mb_block_axi_gpio_0_4_stub.v:5]
INFO: [Synth 8-6157] synthesizing module 'mb_block_axi_gpio_0_5' [C:/Users/bmg32/ECE_385_lab6_2/.Xil/Vivado-33576-Ben/realtime/mb_block_axi_gpio_0_5_stub.v:5]
INFO: [Synth 8-6155] done synthesizing module 'mb_block_axi_gpio_0_5' (0#1) [C:/Users/bmg32/ECE_385_lab6_2/.Xil/Vivado-33576-Ben/realtime/mb_block_axi_gpio_0_5_stub.v:5]
INFO: [Synth 8-6157] synthesizing module 'mb_block_axi_gpio_0_3' [C:/Users/bmg32/ECE_385_lab6_2/.Xil/Vivado-33576-Ben/realtime/mb_block_axi_gpio_0_3_stub.v:5]
INFO: [Synth 8-6155] done synthesizing module 'mb_block_axi_gpio_0_3' (0#1) [C:/Users/bmg32/ECE_385_lab6_2/.Xil/Vivado-33576-Ben/realtime/mb_block_axi_gpio_0_3_stub.v:5]
INFO: [Synth 8-6157] synthesizing module 'mb_block_mdm_1_0' [C:/Users/bmg32/ECE_385_lab6_2/.Xil/Vivado-33576-Ben/realtime/mb_block_mdm_1_0_stub.v:5]
INFO: [Synth 8-6155] done synthesizing module 'mb_block_mdm_1_0' (0#1) [C:/Users/bmg32/ECE_385_lab6_2/.Xil/Vivado-33576-Ben/realtime/mb_block_mdm_1_0_stub.v:5]
INFO: [Synth 8-6157] synthesizing module 'mb_block_microblaze_0_0' [C:/Users/bmg32/ECE_385_lab6_2/.Xil/Vivado-33576-Ben/realtime/mb_block_microblaze_0_0_stub.v:5]
INFO: [Synth 8-6155] done synthesizing module 'mb_block_microblaze_0_0' (0#1) [C:/Users/bmg32/ECE_385_lab6_2/.Xil/Vivado-33576-Ben/realtime/mb_block_microblaze_0_0_stub.v:5]
INFO: [Synth 8-6157] synthesizing module 'mb_block_microblaze_0_axi_intc_0' [C:/Users/bmg32/ECE_385_lab6_2/.Xil/Vivado-33576-Ben/realtime/mb_block_microblaze_0_axi_intc_0_stub.v:5]
INFO: [Synth 8-6155] done synthesizing module 'mb_block_microblaze_0_axi_intc_0' (0#1) [C:/Users/bmg32/ECE_385_lab6_2/.Xil/Vivado-33576-Ben/realtime/mb_block_microblaze_0_axi_intc_0_stub.v:5]
INFO: [Synth 8-6157] synthesizing module 'mb_block_microblaze_0_axi_periph_0' [c:/Users/bmg32/ECE_385_lab6_2/ECE_385_lab6_2.gen/sources_1/bd/mb_block/synth/mb_block.v:1602]
INFO: [Synth 8-6157] synthesizing module 'm00_couplers_imp_1TK4492' [c:/Users/bmg32/ECE_385_lab6_2/ECE_385_lab6_2.gen/sources_1/bd/mb_block/synth/mb_block.v:12]
INFO: [Synth 8-6155] done synthesizing module 'm00_couplers_imp_1TK4492' (0#1) [c:/Users/bmg32/ECE_385_lab6_2/ECE_385_lab6_2.gen/sources_1/bd/mb_block/synth/mb_block.v:12]
INFO: [Synth 8-6157] synthesizing module 'm01_couplers_imp_UT2LJ' [c:/Users/bmg32/ECE_385_lab6_2/ECE_385_lab6_2.gen/sources_1/bd/mb_block/synth/mb_block.v:144]
INFO: [Synth 8-6155] done synthesizing module 'm01_couplers_imp_UT2LJ' (0#1) [c:/Users/bmg32/ECE_385_lab6_2/ECE_385_lab6_2.gen/sources_1/bd/mb_block/synth/mb_block.v:144]
INFO: [Synth 8-6157] synthesizing module 'm02_couplers_imp_1ST4AV9' [c:/Users/bmg32/ECE_385_lab6_2/ECE_385_lab6_2.gen/sources_1/bd/mb_block/synth/mb_block.v:276]
INFO: [Synth 8-6155] done synthesizing module 'm02_couplers_imp_1ST4AV9' (0#1) [c:/Users/bmg32/ECE_385_lab6_2/ECE_385_lab6_2.gen/sources_1/bd/mb_block/synth/mb_block.v:276]
INFO: [Synth 8-6157] synthesizing module 'm03_couplers_imp_1VI1NO' [c:/Users/bmg32/ECE_385_lab6_2/ECE_385_lab6_2.gen/sources_1/bd/mb_block/synth/mb_block.v:408]
INFO: [Synth 8-6155] done synthesizing module 'm03_couplers_imp_1VI1NO' (0#1) [c:/Users/bmg32/ECE_385_lab6_2/ECE_385_lab6_2.gen/sources_1/bd/mb_block/synth/mb_block.v:408]
INFO: [Synth 8-6157] synthesizing module 'm04_couplers_imp_1SCR8U8' [c:/Users/bmg32/ECE_385_lab6_2/ECE_385_lab6_2.gen/sources_1/bd/mb_block/synth/mb_block.v:540]
INFO: [Synth 8-6155] done synthesizing module 'm04_couplers_imp_1SCR8U8' (0#1) [c:/Users/bmg32/ECE_385_lab6_2/ECE_385_lab6_2.gen/sources_1/bd/mb_block/synth/mb_block.v:540]
INFO: [Synth 8-6157] synthesizing module 'm05_couplers_imp_2FAMHT' [c:/Users/bmg32/ECE_385_lab6_2/ECE_385_lab6_2.gen/sources_1/bd/mb_block/synth/mb_block.v:672]
INFO: [Synth 8-6155] done synthesizing module 'm05_couplers_imp_2FAMHT' (0#1) [c:/Users/bmg32/ECE_385_lab6_2/ECE_385_lab6_2.gen/sources_1/bd/mb_block/synth/mb_block.v:672]
INFO: [Synth 8-6157] synthesizing module 'm06_couplers_imp_1QRRYF7' [c:/Users/bmg32/ECE_385_lab6_2/ECE_385_lab6_2.gen/sources_1/bd/mb_block/synth/mb_block.v:804]
INFO: [Synth 8-6155] done synthesizing module 'm06_couplers_imp_1QRRYF7' (0#1) [c:/Users/bmg32/ECE_385_lab6_2/ECE_385_lab6_2.gen/sources_1/bd/mb_block/synth/mb_block.v:804]
INFO: [Synth 8-6157] synthesizing module 's00_couplers_imp_5YIJ0K' [c:/Users/bmg32/ECE_385_lab6_2/ECE_385_lab6_2.gen/sources_1/bd/mb_block/synth/mb_block.v:2926]
INFO: [Synth 8-6155] done synthesizing module 's00_couplers_imp_5YIJ0K' (0#1) [c:/Users/bmg32/ECE_385_lab6_2/ECE_385_lab6_2.gen/sources_1/bd/mb_block/synth/mb_block.v:2926]
INFO: [Synth 8-6157] synthesizing module 'mb_block_xbar_0' [C:/Users/bmg32/ECE_385_lab6_2/.Xil/Vivado-33576-Ben/realtime/mb_block_xbar_0_stub.v:5]
INFO: [Synth 8-6155] done synthesizing module 'mb_block_xbar_0' (0#1) [C:/Users/bmg32/ECE_385_lab6_2/.Xil/Vivado-33576-Ben/realtime/mb_block_xbar_0_stub.v:5]
WARNING: [Synth 8-7071] port 'm_axi_awprot' of module 'mb_block_xbar_0' is unconnected for instance 'xbar' [c:/Users/bmg32/ECE_385_lab6_2/ECE_385_lab6_2.gen/sources_1/bd/mb_block/synth/mb_block.v:2651]
WARNING: [Synth 8-7071] port 'm_axi_arprot' of module 'mb_block_xbar_0' is unconnected for instance 'xbar' [c:/Users/bmg32/ECE_385_lab6_2/ECE_385_lab6_2.gen/sources_1/bd/mb_block/synth/mb_block.v:2651]
WARNING: [Synth 8-7023] instance 'xbar' of module 'mb_block_xbar_0' has 40 connections declared, but only 38 given [c:/Users/bmg32/ECE_385_lab6_2/ECE_385_lab6_2.gen/sources_1/bd/mb_block/synth/mb_block.v:2651]
INFO: [Synth 8-6155] done synthesizing module 'mb_block_microblaze_0_axi_periph_0' (0#1) [c:/Users/bmg32/ECE_385_lab6_2/ECE_385_lab6_2.gen/sources_1/bd/mb_block/synth/mb_block.v:1602]
INFO: [Synth 8-6157] synthesizing module 'microblaze_0_local_memory_imp_G5BFEQ' [c:/Users/bmg32/ECE_385_lab6_2/ECE_385_lab6_2.gen/sources_1/bd/mb_block/synth/mb_block.v:2692]
INFO: [Synth 8-6157] synthesizing module 'mb_block_dlmb_bram_if_cntlr_0' [C:/Users/bmg32/ECE_385_lab6_2/.Xil/Vivado-33576-Ben/realtime/mb_block_dlmb_bram_if_cntlr_0_stub.v:5]
INFO: [Synth 8-6155] done synthesizing module 'mb_block_dlmb_bram_if_cntlr_0' (0#1) [C:/Users/bmg32/ECE_385_lab6_2/.Xil/Vivado-33576-Ben/realtime/mb_block_dlmb_bram_if_cntlr_0_stub.v:5]
INFO: [Synth 8-6157] synthesizing module 'mb_block_dlmb_v10_0' [C:/Users/bmg32/ECE_385_lab6_2/.Xil/Vivado-33576-Ben/realtime/mb_block_dlmb_v10_0_stub.v:5]
INFO: [Synth 8-6155] done synthesizing module 'mb_block_dlmb_v10_0' (0#1) [C:/Users/bmg32/ECE_385_lab6_2/.Xil/Vivado-33576-Ben/realtime/mb_block_dlmb_v10_0_stub.v:5]
WARNING: [Synth 8-7071] port 'LMB_Rst' of module 'mb_block_dlmb_v10_0' is unconnected for instance 'dlmb_v10' [c:/Users/bmg32/ECE_385_lab6_2/ECE_385_lab6_2.gen/sources_1/bd/mb_block/synth/mb_block.v:2838]
WARNING: [Synth 8-7023] instance 'dlmb_v10' of module 'mb_block_dlmb_v10_0' has 25 connections declared, but only 24 given [c:/Users/bmg32/ECE_385_lab6_2/ECE_385_lab6_2.gen/sources_1/bd/mb_block/synth/mb_block.v:2838]
INFO: [Synth 8-6157] synthesizing module 'mb_block_ilmb_bram_if_cntlr_0' [C:/Users/bmg32/ECE_385_lab6_2/.Xil/Vivado-33576-Ben/realtime/mb_block_ilmb_bram_if_cntlr_0_stub.v:5]
INFO: [Synth 8-6155] done synthesizing module 'mb_block_ilmb_bram_if_cntlr_0' (0#1) [C:/Users/bmg32/ECE_385_lab6_2/.Xil/Vivado-33576-Ben/realtime/mb_block_ilmb_bram_if_cntlr_0_stub.v:5]
INFO: [Synth 8-6157] synthesizing module 'mb_block_ilmb_v10_0' [C:/Users/bmg32/ECE_385_lab6_2/.Xil/Vivado-33576-Ben/realtime/mb_block_ilmb_v10_0_stub.v:5]
INFO: [Synth 8-6155] done synthesizing module 'mb_block_ilmb_v10_0' (0#1) [C:/Users/bmg32/ECE_385_lab6_2/.Xil/Vivado-33576-Ben/realtime/mb_block_ilmb_v10_0_stub.v:5]
WARNING: [Synth 8-7071] port 'LMB_Rst' of module 'mb_block_ilmb_v10_0' is unconnected for instance 'ilmb_v10' [c:/Users/bmg32/ECE_385_lab6_2/ECE_385_lab6_2.gen/sources_1/bd/mb_block/synth/mb_block.v:2884]
WARNING: [Synth 8-7023] instance 'ilmb_v10' of module 'mb_block_ilmb_v10_0' has 25 connections declared, but only 24 given [c:/Users/bmg32/ECE_385_lab6_2/ECE_385_lab6_2.gen/sources_1/bd/mb_block/synth/mb_block.v:2884]
INFO: [Synth 8-6157] synthesizing module 'mb_block_lmb_bram_0' [C:/Users/bmg32/ECE_385_lab6_2/.Xil/Vivado-33576-Ben/realtime/mb_block_lmb_bram_0_stub.v:5]
INFO: [Synth 8-6155] done synthesizing module 'mb_block_lmb_bram_0' (0#1) [C:/Users/bmg32/ECE_385_lab6_2/.Xil/Vivado-33576-Ben/realtime/mb_block_lmb_bram_0_stub.v:5]
WARNING: [Synth 8-7071] port 'rsta_busy' of module 'mb_block_lmb_bram_0' is unconnected for instance 'lmb_bram' [c:/Users/bmg32/ECE_385_lab6_2/ECE_385_lab6_2.gen/sources_1/bd/mb_block/synth/mb_block.v:2909]
WARNING: [Synth 8-7071] port 'rstb_busy' of module 'mb_block_lmb_bram_0' is unconnected for instance 'lmb_bram' [c:/Users/bmg32/ECE_385_lab6_2/ECE_385_lab6_2.gen/sources_1/bd/mb_block/synth/mb_block.v:2909]
WARNING: [Synth 8-7023] instance 'lmb_bram' of module 'mb_block_lmb_bram_0' has 16 connections declared, but only 14 given [c:/Users/bmg32/ECE_385_lab6_2/ECE_385_lab6_2.gen/sources_1/bd/mb_block/synth/mb_block.v:2909]
INFO: [Synth 8-6155] done synthesizing module 'microblaze_0_local_memory_imp_G5BFEQ' (0#1) [c:/Users/bmg32/ECE_385_lab6_2/ECE_385_lab6_2.gen/sources_1/bd/mb_block/synth/mb_block.v:2692]
INFO: [Synth 8-6157] synthesizing module 'mb_block_rst_clk_wiz_1_100M_0' [C:/Users/bmg32/ECE_385_lab6_2/.Xil/Vivado-33576-Ben/realtime/mb_block_rst_clk_wiz_1_100M_0_stub.v:5]
INFO: [Synth 8-6155] done synthesizing module 'mb_block_rst_clk_wiz_1_100M_0' (0#1) [C:/Users/bmg32/ECE_385_lab6_2/.Xil/Vivado-33576-Ben/realtime/mb_block_rst_clk_wiz_1_100M_0_stub.v:5]
WARNING: [Synth 8-7071] port 'peripheral_reset' of module 'mb_block_rst_clk_wiz_1_100M_0' is unconnected for instance 'rst_clk_wiz_1_100M' [c:/Users/bmg32/ECE_385_lab6_2/ECE_385_lab6_2.gen/sources_1/bd/mb_block/synth/mb_block.v:1532]
WARNING: [Synth 8-7071] port 'interconnect_aresetn' of module 'mb_block_rst_clk_wiz_1_100M_0' is unconnected for instance 'rst_clk_wiz_1_100M' [c:/Users/bmg32/ECE_385_lab6_2/ECE_385_lab6_2.gen/sources_1/bd/mb_block/synth/mb_block.v:1532]
WARNING: [Synth 8-7023] instance 'rst_clk_wiz_1_100M' of module 'mb_block_rst_clk_wiz_1_100M_0' has 10 connections declared, but only 8 given [c:/Users/bmg32/ECE_385_lab6_2/ECE_385_lab6_2.gen/sources_1/bd/mb_block/synth/mb_block.v:1532]
INFO: [Synth 8-6157] synthesizing module 'mb_block_axi_quad_spi_0_0' [C:/Users/bmg32/ECE_385_lab6_2/.Xil/Vivado-33576-Ben/realtime/mb_block_axi_quad_spi_0_0_stub.v:5]
INFO: [Synth 8-6155] done synthesizing module 'mb_block_axi_quad_spi_0_0' (0#1) [C:/Users/bmg32/ECE_385_lab6_2/.Xil/Vivado-33576-Ben/realtime/mb_block_axi_quad_spi_0_0_stub.v:5]
WARNING: [Synth 8-7071] port 'io0_t' of module 'mb_block_axi_quad_spi_0_0' is unconnected for instance 'spi_usb' [c:/Users/bmg32/ECE_385_lab6_2/ECE_385_lab6_2.gen/sources_1/bd/mb_block/synth/mb_block.v:1541]
WARNING: [Synth 8-7071] port 'io1_o' of module 'mb_block_axi_quad_spi_0_0' is unconnected for instance 'spi_usb' [c:/Users/bmg32/ECE_385_lab6_2/ECE_385_lab6_2.gen/sources_1/bd/mb_block/synth/mb_block.v:1541]
WARNING: [Synth 8-7071] port 'io1_t' of module 'mb_block_axi_quad_spi_0_0' is unconnected for instance 'spi_usb' [c:/Users/bmg32/ECE_385_lab6_2/ECE_385_lab6_2.gen/sources_1/bd/mb_block/synth/mb_block.v:1541]
WARNING: [Synth 8-7071] port 'sck_t' of module 'mb_block_axi_quad_spi_0_0' is unconnected for instance 'spi_usb' [c:/Users/bmg32/ECE_385_lab6_2/ECE_385_lab6_2.gen/sources_1/bd/mb_block/synth/mb_block.v:1541]
WARNING: [Synth 8-7071] port 'ss_t' of module 'mb_block_axi_quad_spi_0_0' is unconnected for instance 'spi_usb' [c:/Users/bmg32/ECE_385_lab6_2/ECE_385_lab6_2.gen/sources_1/bd/mb_block/synth/mb_block.v:1541]
WARNING: [Synth 8-7023] instance 'spi_usb' of module 'mb_block_axi_quad_spi_0_0' has 33 connections declared, but only 28 given [c:/Users/bmg32/ECE_385_lab6_2/ECE_385_lab6_2.gen/sources_1/bd/mb_block/synth/mb_block.v:1541]
INFO: [Synth 8-6157] synthesizing module 'mb_block_axi_timer_0_0' [C:/Users/bmg32/ECE_385_lab6_2/.Xil/Vivado-33576-Ben/realtime/mb_block_axi_timer_0_0_stub.v:5]
INFO: [Synth 8-6155] done synthesizing module 'mb_block_axi_timer_0_0' (0#1) [C:/Users/bmg32/ECE_385_lab6_2/.Xil/Vivado-33576-Ben/realtime/mb_block_axi_timer_0_0_stub.v:5]
WARNING: [Synth 8-7071] port 'generateout0' of module 'mb_block_axi_timer_0_0' is unconnected for instance 'timer_usb_axi' [c:/Users/bmg32/ECE_385_lab6_2/ECE_385_lab6_2.gen/sources_1/bd/mb_block/synth/mb_block.v:1570]
WARNING: [Synth 8-7071] port 'generateout1' of module 'mb_block_axi_timer_0_0' is unconnected for instance 'timer_usb_axi' [c:/Users/bmg32/ECE_385_lab6_2/ECE_385_lab6_2.gen/sources_1/bd/mb_block/synth/mb_block.v:1570]
WARNING: [Synth 8-7071] port 'pwm0' of module 'mb_block_axi_timer_0_0' is unconnected for instance 'timer_usb_axi' [c:/Users/bmg32/ECE_385_lab6_2/ECE_385_lab6_2.gen/sources_1/bd/mb_block/synth/mb_block.v:1570]
WARNING: [Synth 8-7023] instance 'timer_usb_axi' of module 'mb_block_axi_timer_0_0' has 26 connections declared, but only 23 given [c:/Users/bmg32/ECE_385_lab6_2/ECE_385_lab6_2.gen/sources_1/bd/mb_block/synth/mb_block.v:1570]
INFO: [Synth 8-6157] synthesizing module 'mb_block_xlconcat_0_0' [c:/Users/bmg32/ECE_385_lab6_2/ECE_385_lab6_2.gen/sources_1/bd/mb_block/ip/mb_block_xlconcat_0_0/synth/mb_block_xlconcat_0_0.v:53]
INFO: [Synth 8-6157] synthesizing module 'xlconcat_v2_1_4_xlconcat' [c:/Users/bmg32/ECE_385_lab6_2/ECE_385_lab6_2.gen/sources_1/bd/mb_block/ipshared/4b67/hdl/xlconcat_v2_1_vl_rfs.v:14]
INFO: [Synth 8-6155] done synthesizing module 'xlconcat_v2_1_4_xlconcat' (0#1) [c:/Users/bmg32/ECE_385_lab6_2/ECE_385_lab6_2.gen/sources_1/bd/mb_block/ipshared/4b67/hdl/xlconcat_v2_1_vl_rfs.v:14]
INFO: [Synth 8-6155] done synthesizing module 'mb_block_xlconcat_0_0' (0#1) [c:/Users/bmg32/ECE_385_lab6_2/ECE_385_lab6_2.gen/sources_1/bd/mb_block/ip/mb_block_xlconcat_0_0/synth/mb_block_xlconcat_0_0.v:53]
INFO: [Synth 8-6155] done synthesizing module 'mb_block' (0#1) [c:/Users/bmg32/ECE_385_lab6_2/ECE_385_lab6_2.gen/sources_1/bd/mb_block/synth/mb_block.v:936]
INFO: [Synth 8-6157] synthesizing module 'clk_wiz_0' [C:/Users/bmg32/ECE_385_lab6_2/.Xil/Vivado-33576-Ben/realtime/clk_wiz_0_stub.v:5]
INFO: [Synth 8-6155] done synthesizing module 'clk_wiz_0' (0#1) [C:/Users/bmg32/ECE_385_lab6_2/.Xil/Vivado-33576-Ben/realtime/clk_wiz_0_stub.v:5]
INFO: [Synth 8-6157] synthesizing module 'vga_controller' [C:/Users/bmg32/ECE_385_lab6_2/ECE_385_lab6_2.srcs/sources_1/imports/design_source/VGA_controller.sv:26]
INFO: [Synth 8-6155] done synthesizing module 'vga_controller' (0#1) [C:/Users/bmg32/ECE_385_lab6_2/ECE_385_lab6_2.srcs/sources_1/imports/design_source/VGA_controller.sv:26]
WARNING: [Synth 8-7071] port 'sync' of module 'vga_controller' is unconnected for instance 'vga' [C:/Users/bmg32/ECE_385_lab6_2/ECE_385_lab6_2.srcs/sources_1/imports/design_source/mb_usb_hdmi_top.sv:97]
WARNING: [Synth 8-7023] instance 'vga' of module 'vga_controller' has 8 connections declared, but only 7 given [C:/Users/bmg32/ECE_385_lab6_2/ECE_385_lab6_2.srcs/sources_1/imports/design_source/mb_usb_hdmi_top.sv:97]
INFO: [Synth 8-6157] synthesizing module 'hdmi_tx_0' [C:/Users/bmg32/ECE_385_lab6_2/.Xil/Vivado-33576-Ben/realtime/hdmi_tx_0_stub.v:5]
INFO: [Synth 8-6155] done synthesizing module 'hdmi_tx_0' (0#1) [C:/Users/bmg32/ECE_385_lab6_2/.Xil/Vivado-33576-Ben/realtime/hdmi_tx_0_stub.v:5]
INFO: [Synth 8-6157] synthesizing module 'ball' [C:/Users/bmg32/ECE_385_lab6_2/ECE_385_lab6_2.srcs/sources_1/imports/design_source/ball.sv:18]
INFO: [Synth 8-155] case statement is not full and has no default [C:/Users/bmg32/ECE_385_lab6_2/ECE_385_lab6_2.srcs/sources_1/imports/design_source/ball.sv:55]
INFO: [Synth 8-6155] done synthesizing module 'ball' (0#1) [C:/Users/bmg32/ECE_385_lab6_2/ECE_385_lab6_2.srcs/sources_1/imports/design_source/ball.sv:18]
INFO: [Synth 8-6157] synthesizing module 'color_mapper' [C:/Users/bmg32/ECE_385_lab6_2/ECE_385_lab6_2.srcs/sources_1/imports/design_source/Color_Mapper.sv:17]
INFO: [Synth 8-6155] done synthesizing module 'color_mapper' (0#1) [C:/Users/bmg32/ECE_385_lab6_2/ECE_385_lab6_2.srcs/sources_1/imports/design_source/Color_Mapper.sv:17]
INFO: [Synth 8-6155] done synthesizing module 'mb_usb_hdmi_top' (0#1) [C:/Users/bmg32/ECE_385_lab6_2/ECE_385_lab6_2.srcs/sources_1/imports/design_source/mb_usb_hdmi_top.sv:14]
WARNING: [Synth 8-7129] Port In4[0] in module xlconcat_v2_1_4_xlconcat is either unconnected or has no load
WARNING: [Synth 8-7129] Port In5[0] in module xlconcat_v2_1_4_xlconcat is either unconnected or has no load
WARNING: [Synth 8-7129] Port In6[0] in module xlconcat_v2_1_4_xlconcat is either unconnected or has no load
WARNING: [Synth 8-7129] Port In7[0] in module xlconcat_v2_1_4_xlconcat is either unconnected or has no load
WARNING: [Synth 8-7129] Port In8[0] in module xlconcat_v2_1_4_xlconcat is either unconnected or has no load
WARNING: [Synth 8-7129] Port In9[0] in module xlconcat_v2_1_4_xlconcat is either unconnected or has no load
WARNING: [Synth 8-7129] Port In10[0] in module xlconcat_v2_1_4_xlconcat is either unconnected or has no load
WARNING: [Synth 8-7129] Port In11[0] in module xlconcat_v2_1_4_xlconcat is either unconnected or has no load
WARNING: [Synth 8-7129] Port In12[0] in module xlconcat_v2_1_4_xlconcat is either unconnected or has no load
WARNING: [Synth 8-7129] Port In13[0] in module xlconcat_v2_1_4_xlconcat is either unconnected or has no load
WARNING: [Synth 8-7129] Port In14[0] in module xlconcat_v2_1_4_xlconcat is either unconnected or has no load
WARNING: [Synth 8-7129] Port In15[0] in module xlconcat_v2_1_4_xlconcat is either unconnected or has no load
WARNING: [Synth 8-7129] Port In16[0] in module xlconcat_v2_1_4_xlconcat is either unconnected or has no load
WARNING: [Synth 8-7129] Port In17[0] in module xlconcat_v2_1_4_xlconcat is either unconnected or has no load
WARNING: [Synth 8-7129] Port In18[0] in module xlconcat_v2_1_4_xlconcat is either unconnected or has no load
WARNING: [Synth 8-7129] Port In19[0] in module xlconcat_v2_1_4_xlconcat is either unconnected or has no load
WARNING: [Synth 8-7129] Port In20[0] in module xlconcat_v2_1_4_xlconcat is either unconnected or has no load
WARNING: [Synth 8-7129] Port In21[0] in module xlconcat_v2_1_4_xlconcat is either unconnected or has no load
WARNING: [Synth 8-7129] Port In22[0] in module xlconcat_v2_1_4_xlconcat is either unconnected or has no load
WARNING: [Synth 8-7129] Port In23[0] in module xlconcat_v2_1_4_xlconcat is either unconnected or has no load
WARNING: [Synth 8-7129] Port In24[0] in module xlconcat_v2_1_4_xlconcat is either unconnected or has no load
WARNING: [Synth 8-7129] Port In25[0] in module xlconcat_v2_1_4_xlconcat is either unconnected or has no load
WARNING: [Synth 8-7129] Port In26[0] in module xlconcat_v2_1_4_xlconcat is either unconnected or has no load
WARNING: [Synth 8-7129] Port In27[0] in module xlconcat_v2_1_4_xlconcat is either unconnected or has no load
WARNING: [Synth 8-7129] Port In28[0] in module xlconcat_v2_1_4_xlconcat is either unconnected or has no load
WARNING: [Synth 8-7129] Port In29[0] in module xlconcat_v2_1_4_xlconcat is either unconnected or has no load
WARNING: [Synth 8-7129] Port In30[0] in module xlconcat_v2_1_4_xlconcat is either unconnected or has no load
WARNING: [Synth 8-7129] Port In31[0] in module xlconcat_v2_1_4_xlconcat is either unconnected or has no load
WARNING: [Synth 8-7129] Port In32[0] in module xlconcat_v2_1_4_xlconcat is either unconnected or has no load
WARNING: [Synth 8-7129] Port In33[0] in module xlconcat_v2_1_4_xlconcat is either unconnected or has no load
WARNING: [Synth 8-7129] Port In34[0] in module xlconcat_v2_1_4_xlconcat is either unconnected or has no load
WARNING: [Synth 8-7129] Port In35[0] in module xlconcat_v2_1_4_xlconcat is either unconnected or has no load
WARNING: [Synth 8-7129] Port In36[0] in module xlconcat_v2_1_4_xlconcat is either unconnected or has no load
WARNING: [Synth 8-7129] Port In37[0] in module xlconcat_v2_1_4_xlconcat is either unconnected or has no load
WARNING: [Synth 8-7129] Port In38[0] in module xlconcat_v2_1_4_xlconcat is either unconnected or has no load
WARNING: [Synth 8-7129] Port In39[0] in module xlconcat_v2_1_4_xlconcat is either unconnected or has no load
WARNING: [Synth 8-7129] Port In40[0] in module xlconcat_v2_1_4_xlconcat is either unconnected or has no load
WARNING: [Synth 8-7129] Port In41[0] in module xlconcat_v2_1_4_xlconcat is either unconnected or has no load
WARNING: [Synth 8-7129] Port In42[0] in module xlconcat_v2_1_4_xlconcat is either unconnected or has no load
WARNING: [Synth 8-7129] Port In43[0] in module xlconcat_v2_1_4_xlconcat is either unconnected or has no load
WARNING: [Synth 8-7129] Port In44[0] in module xlconcat_v2_1_4_xlconcat is either unconnected or has no load
WARNING: [Synth 8-7129] Port In45[0] in module xlconcat_v2_1_4_xlconcat is either unconnected or has no load
WARNING: [Synth 8-7129] Port In46[0] in module xlconcat_v2_1_4_xlconcat is either unconnected or has no load
WARNING: [Synth 8-7129] Port In47[0] in module xlconcat_v2_1_4_xlconcat is either unconnected or has no load
WARNING: [Synth 8-7129] Port In48[0] in module xlconcat_v2_1_4_xlconcat is either unconnected or has no load
WARNING: [Synth 8-7129] Port In49[0] in module xlconcat_v2_1_4_xlconcat is either unconnected or has no load
WARNING: [Synth 8-7129] Port In50[0] in module xlconcat_v2_1_4_xlconcat is either unconnected or has no load
WARNING: [Synth 8-7129] Port In51[0] in module xlconcat_v2_1_4_xlconcat is either unconnected or has no load
WARNING: [Synth 8-7129] Port In52[0] in module xlconcat_v2_1_4_xlconcat is either unconnected or has no load
WARNING: [Synth 8-7129] Port In53[0] in module xlconcat_v2_1_4_xlconcat is either unconnected or has no load
WARNING: [Synth 8-7129] Port In54[0] in module xlconcat_v2_1_4_xlconcat is either unconnected or has no load
WARNING: [Synth 8-7129] Port In55[0] in module xlconcat_v2_1_4_xlconcat is either unconnected or has no load
WARNING: [Synth 8-7129] Port In56[0] in module xlconcat_v2_1_4_xlconcat is either unconnected or has no load
WARNING: [Synth 8-7129] Port In57[0] in module xlconcat_v2_1_4_xlconcat is either unconnected or has no load
WARNING: [Synth 8-7129] Port In58[0] in module xlconcat_v2_1_4_xlconcat is either unconnected or has no load
WARNING: [Synth 8-7129] Port In59[0] in module xlconcat_v2_1_4_xlconcat is either unconnected or has no load
WARNING: [Synth 8-7129] Port In60[0] in module xlconcat_v2_1_4_xlconcat is either unconnected or has no load
WARNING: [Synth 8-7129] Port In61[0] in module xlconcat_v2_1_4_xlconcat is either unconnected or has no load
WARNING: [Synth 8-7129] Port In62[0] in module xlconcat_v2_1_4_xlconcat is either unconnected or has no load
WARNING: [Synth 8-7129] Port In63[0] in module xlconcat_v2_1_4_xlconcat is either unconnected or has no load
WARNING: [Synth 8-7129] Port In64[0] in module xlconcat_v2_1_4_xlconcat is either unconnected or has no load
WARNING: [Synth 8-7129] Port In65[0] in module xlconcat_v2_1_4_xlconcat is either unconnected or has no load
WARNING: [Synth 8-7129] Port In66[0] in module xlconcat_v2_1_4_xlconcat is either unconnected or has no load
WARNING: [Synth 8-7129] Port In67[0] in module xlconcat_v2_1_4_xlconcat is either unconnected or has no load
WARNING: [Synth 8-7129] Port In68[0] in module xlconcat_v2_1_4_xlconcat is either unconnected or has no load
WARNING: [Synth 8-7129] Port In69[0] in module xlconcat_v2_1_4_xlconcat is either unconnected or has no load
WARNING: [Synth 8-7129] Port In70[0] in module xlconcat_v2_1_4_xlconcat is either unconnected or has no load
WARNING: [Synth 8-7129] Port In71[0] in module xlconcat_v2_1_4_xlconcat is either unconnected or has no load
WARNING: [Synth 8-7129] Port In72[0] in module xlconcat_v2_1_4_xlconcat is either unconnected or has no load
WARNING: [Synth 8-7129] Port In73[0] in module xlconcat_v2_1_4_xlconcat is either unconnected or has no load
WARNING: [Synth 8-7129] Port In74[0] in module xlconcat_v2_1_4_xlconcat is either unconnected or has no load
WARNING: [Synth 8-7129] Port In75[0] in module xlconcat_v2_1_4_xlconcat is either unconnected or has no load
WARNING: [Synth 8-7129] Port In76[0] in module xlconcat_v2_1_4_xlconcat is either unconnected or has no load
WARNING: [Synth 8-7129] Port In77[0] in module xlconcat_v2_1_4_xlconcat is either unconnected or has no load
WARNING: [Synth 8-7129] Port In78[0] in module xlconcat_v2_1_4_xlconcat is either unconnected or has no load
WARNING: [Synth 8-7129] Port In79[0] in module xlconcat_v2_1_4_xlconcat is either unconnected or has no load
WARNING: [Synth 8-7129] Port In80[0] in module xlconcat_v2_1_4_xlconcat is either unconnected or has no load
WARNING: [Synth 8-7129] Port In81[0] in module xlconcat_v2_1_4_xlconcat is either unconnected or has no load
WARNING: [Synth 8-7129] Port In82[0] in module xlconcat_v2_1_4_xlconcat is either unconnected or has no load
WARNING: [Synth 8-7129] Port In83[0] in module xlconcat_v2_1_4_xlconcat is either unconnected or has no load
WARNING: [Synth 8-7129] Port In84[0] in module xlconcat_v2_1_4_xlconcat is either unconnected or has no load
WARNING: [Synth 8-7129] Port In85[0] in module xlconcat_v2_1_4_xlconcat is either unconnected or has no load
WARNING: [Synth 8-7129] Port In86[0] in module xlconcat_v2_1_4_xlconcat is either unconnected or has no load
WARNING: [Synth 8-7129] Port In87[0] in module xlconcat_v2_1_4_xlconcat is either unconnected or has no load
WARNING: [Synth 8-7129] Port In88[0] in module xlconcat_v2_1_4_xlconcat is either unconnected or has no load
WARNING: [Synth 8-7129] Port In89[0] in module xlconcat_v2_1_4_xlconcat is either unconnected or has no load
WARNING: [Synth 8-7129] Port In90[0] in module xlconcat_v2_1_4_xlconcat is either unconnected or has no load
WARNING: [Synth 8-7129] Port In91[0] in module xlconcat_v2_1_4_xlconcat is either unconnected or has no load
WARNING: [Synth 8-7129] Port In92[0] in module xlconcat_v2_1_4_xlconcat is either unconnected or has no load
WARNING: [Synth 8-7129] Port In93[0] in module xlconcat_v2_1_4_xlconcat is either unconnected or has no load
WARNING: [Synth 8-7129] Port In94[0] in module xlconcat_v2_1_4_xlconcat is either unconnected or has no load
WARNING: [Synth 8-7129] Port In95[0] in module xlconcat_v2_1_4_xlconcat is either unconnected or has no load
WARNING: [Synth 8-7129] Port In96[0] in module xlconcat_v2_1_4_xlconcat is either unconnected or has no load
WARNING: [Synth 8-7129] Port In97[0] in module xlconcat_v2_1_4_xlconcat is either unconnected or has no load
WARNING: [Synth 8-7129] Port In98[0] in module xlconcat_v2_1_4_xlconcat is either unconnected or has no load
WARNING: [Synth 8-7129] Port In99[0] in module xlconcat_v2_1_4_xlconcat is either unconnected or has no load
WARNING: [Synth 8-7129] Port In100[0] in module xlconcat_v2_1_4_xlconcat is either unconnected or has no load
WARNING: [Synth 8-7129] Port In101[0] in module xlconcat_v2_1_4_xlconcat is either unconnected or has no load
WARNING: [Synth 8-7129] Port In102[0] in module xlconcat_v2_1_4_xlconcat is either unconnected or has no load
WARNING: [Synth 8-7129] Port In103[0] in module xlconcat_v2_1_4_xlconcat is either unconnected or has no load
INFO: [Common 17-14] Message 'Synth 8-7129' appears 100 times and further instances of the messages will be disabled. Use the Tcl command set_msg_config to change the current settings.
---------------------------------------------------------------------------------
Finished RTL Elaboration : Time (s): cpu = 00:00:04 ; elapsed = 00:00:07 . Memory (MB): peak = 3055.539 ; gain = 491.676
---------------------------------------------------------------------------------
---------------------------------------------------------------------------------
Start Handling Custom Attributes
---------------------------------------------------------------------------------
---------------------------------------------------------------------------------
Finished Handling Custom Attributes : Time (s): cpu = 00:00:04 ; elapsed = 00:00:07 . Memory (MB): peak = 3073.441 ; gain = 509.578
---------------------------------------------------------------------------------
---------------------------------------------------------------------------------
Finished RTL Optimization Phase 1 : Time (s): cpu = 00:00:04 ; elapsed = 00:00:07 . Memory (MB): peak = 3073.441 ; gain = 509.578
---------------------------------------------------------------------------------
INFO: [Project 1-454] Reading design checkpoint 'c:/Users/bmg32/ECE_385_lab6_2/ECE_385_lab6_2.gen/sources_1/ip/clk_wiz_0/clk_wiz_0.dcp' for cell 'clk_wiz'
INFO: [Project 1-454] Reading design checkpoint 'c:/Users/bmg32/ECE_385_lab6_2/ECE_385_lab6_2.gen/sources_1/ip/hdmi_tx_0/hdmi_tx_0.dcp' for cell 'vga_to_hdmi'
INFO: [Project 1-454] Reading design checkpoint 'c:/Users/bmg32/ECE_385_lab6_2/ECE_385_lab6_2.gen/sources_1/bd/mb_block/ip/mb_block_axi_uartlite_0_0/mb_block_axi_uartlite_0_0.dcp' for cell 'mb_block_i/axi_uartlite_0'
INFO: [Project 1-454] Reading design checkpoint 'c:/Users/bmg32/ECE_385_lab6_2/ECE_385_lab6_2.gen/sources_1/bd/mb_block/ip/mb_block_clk_wiz_1_0/mb_block_clk_wiz_1_0.dcp' for cell 'mb_block_i/clk_wiz_1'
INFO: [Project 1-454] Reading design checkpoint 'c:/Users/bmg32/ECE_385_lab6_2/ECE_385_lab6_2.gen/sources_1/bd/mb_block/ip/mb_block_axi_gpio_0_4/mb_block_axi_gpio_0_4.dcp' for cell 'mb_block_i/gpio_usb_int'
INFO: [Project 1-454] Reading design checkpoint 'c:/Users/bmg32/ECE_385_lab6_2/ECE_385_lab6_2.gen/sources_1/bd/mb_block/ip/mb_block_axi_gpio_0_5/mb_block_axi_gpio_0_5.dcp' for cell 'mb_block_i/gpio_usb_keycode'
INFO: [Project 1-454] Reading design checkpoint 'c:/Users/bmg32/ECE_385_lab6_2/ECE_385_lab6_2.gen/sources_1/bd/mb_block/ip/mb_block_axi_gpio_0_3/mb_block_axi_gpio_0_3.dcp' for cell 'mb_block_i/gpio_usb_rst'
INFO: [Project 1-454] Reading design checkpoint 'c:/Users/bmg32/ECE_385_lab6_2/ECE_385_lab6_2.gen/sources_1/bd/mb_block/ip/mb_block_mdm_1_0/mb_block_mdm_1_0.dcp' for cell 'mb_block_i/mdm_1'
INFO: [Project 1-454] Reading design checkpoint 'c:/Users/bmg32/ECE_385_lab6_2/ECE_385_lab6_2.gen/sources_1/bd/mb_block/ip/mb_block_microblaze_0_0/mb_block_microblaze_0_0.dcp' for cell 'mb_block_i/microblaze_0'
INFO: [Project 1-454] Reading design checkpoint 'c:/Users/bmg32/ECE_385_lab6_2/ECE_385_lab6_2.gen/sources_1/bd/mb_block/ip/mb_block_microblaze_0_axi_intc_0/mb_block_microblaze_0_axi_intc_0.dcp' for cell 'mb_block_i/microblaze_0_axi_intc'
INFO: [Project 1-454] Reading design checkpoint 'c:/Users/bmg32/ECE_385_lab6_2/ECE_385_lab6_2.gen/sources_1/bd/mb_block/ip/mb_block_rst_clk_wiz_1_100M_0/mb_block_rst_clk_wiz_1_100M_0.dcp' for cell 'mb_block_i/rst_clk_wiz_1_100M'
INFO: [Project 1-454] Reading design checkpoint 'c:/Users/bmg32/ECE_385_lab6_2/ECE_385_lab6_2.gen/sources_1/bd/mb_block/ip/mb_block_axi_quad_spi_0_0/mb_block_axi_quad_spi_0_0.dcp' for cell 'mb_block_i/spi_usb'
INFO: [Project 1-454] Reading design checkpoint 'c:/Users/bmg32/ECE_385_lab6_2/ECE_385_lab6_2.gen/sources_1/bd/mb_block/ip/mb_block_axi_timer_0_0/mb_block_axi_timer_0_0.dcp' for cell 'mb_block_i/timer_usb_axi'
INFO: [Project 1-454] Reading design checkpoint 'c:/Users/bmg32/ECE_385_lab6_2/ECE_385_lab6_2.gen/sources_1/bd/mb_block/ip/mb_block_xbar_0/mb_block_xbar_0.dcp' for cell 'mb_block_i/microblaze_0_axi_periph/xbar'
INFO: [Project 1-454] Reading design checkpoint 'c:/Users/bmg32/ECE_385_lab6_2/ECE_385_lab6_2.gen/sources_1/bd/mb_block/ip/mb_block_dlmb_bram_if_cntlr_0/mb_block_dlmb_bram_if_cntlr_0.dcp' for cell 'mb_block_i/microblaze_0_local_memory/dlmb_bram_if_cntlr'
INFO: [Project 1-454] Reading design checkpoint 'c:/Users/bmg32/ECE_385_lab6_2/ECE_385_lab6_2.gen/sources_1/bd/mb_block/ip/mb_block_dlmb_v10_0/mb_block_dlmb_v10_0.dcp' for cell 'mb_block_i/microblaze_0_local_memory/dlmb_v10'
INFO: [Project 1-454] Reading design checkpoint 'c:/Users/bmg32/ECE_385_lab6_2/ECE_385_lab6_2.gen/sources_1/bd/mb_block/ip/mb_block_ilmb_bram_if_cntlr_0/mb_block_ilmb_bram_if_cntlr_0.dcp' for cell 'mb_block_i/microblaze_0_local_memory/ilmb_bram_if_cntlr'
INFO: [Project 1-454] Reading design checkpoint 'c:/Users/bmg32/ECE_385_lab6_2/ECE_385_lab6_2.gen/sources_1/bd/mb_block/ip/mb_block_ilmb_v10_0/mb_block_ilmb_v10_0.dcp' for cell 'mb_block_i/microblaze_0_local_memory/ilmb_v10'
INFO: [Project 1-454] Reading design checkpoint 'c:/Users/bmg32/ECE_385_lab6_2/ECE_385_lab6_2.gen/sources_1/bd/mb_block/ip/mb_block_lmb_bram_0/mb_block_lmb_bram_0.dcp' for cell 'mb_block_i/microblaze_0_local_memory/lmb_bram'
Netlist sorting complete. Time (s): cpu = 00:00:01 ; elapsed = 00:00:00.221 . Memory (MB): peak = 3099.973 ; gain = 0.000
INFO: [Netlist 29-17] Analyzing 376 Unisim elements for replacement
INFO: [Netlist 29-28] Unisim Transformation completed in 0 CPU seconds
INFO: [Project 1-479] Netlist was created with Vivado 2022.2
INFO: [Project 1-570] Preparing netlist for logic optimization
CRITICAL WARNING: [Shape Builder 18-119] Failed to create I/OLOGIC Route Through shape for instance mb_block_i/clk_wiz_1/inst/clkin1_ibufg. Found overlapping instances within the shape: clk_wiz/inst/clkin1_ibufg and mb_block_i/clk_wiz_1/inst/clkin1_ibufg.

Processing XDC Constraints
Initializing timing engine
Parsing XDC File [c:/Users/bmg32/ECE_385_lab6_2/ECE_385_lab6_2.gen/sources_1/bd/mb_block/ip/mb_block_microblaze_0_0/mb_block_microblaze_0_0.xdc] for cell 'mb_block_i/microblaze_0/U0'
Finished Parsing XDC File [c:/Users/bmg32/ECE_385_lab6_2/ECE_385_lab6_2.gen/sources_1/bd/mb_block/ip/mb_block_microblaze_0_0/mb_block_microblaze_0_0.xdc] for cell 'mb_block_i/microblaze_0/U0'
INFO: [Project 1-236] Implementation specific constraints were found while reading constraint file [c:/Users/bmg32/ECE_385_lab6_2/ECE_385_lab6_2.gen/sources_1/bd/mb_block/ip/mb_block_microblaze_0_0/mb_block_microblaze_0_0.xdc]. These constraints will be ignored for synthesis but will be used in implementation. Impacted constraints are listed in the file [.Xil/mb_usb_hdmi_top_propImpl.xdc].
Resolution: To avoid this warning, move constraints listed in [.Xil/mb_usb_hdmi_top_propImpl.xdc] to another XDC file and exclude this new file from synthesis with the used_in_synthesis property (File Properties dialog in GUI) and re-run elaboration/synthesis.
Parsing XDC File [c:/Users/bmg32/ECE_385_lab6_2/ECE_385_lab6_2.gen/sources_1/bd/mb_block/ip/mb_block_microblaze_0_axi_intc_0/mb_block_microblaze_0_axi_intc_0.xdc] for cell 'mb_block_i/microblaze_0_axi_intc/U0'
Finished Parsing XDC File [c:/Users/bmg32/ECE_385_lab6_2/ECE_385_lab6_2.gen/sources_1/bd/mb_block/ip/mb_block_microblaze_0_axi_intc_0/mb_block_microblaze_0_axi_intc_0.xdc] for cell 'mb_block_i/microblaze_0_axi_intc/U0'
Parsing XDC File [c:/Users/bmg32/ECE_385_lab6_2/ECE_385_lab6_2.gen/sources_1/bd/mb_block/ip/mb_block_clk_wiz_1_0/mb_block_clk_wiz_1_0_board.xdc] for cell 'mb_block_i/clk_wiz_1/inst'
Finished Parsing XDC File [c:/Users/bmg32/ECE_385_lab6_2/ECE_385_lab6_2.gen/sources_1/bd/mb_block/ip/mb_block_clk_wiz_1_0/mb_block_clk_wiz_1_0_board.xdc] for cell 'mb_block_i/clk_wiz_1/inst'
Parsing XDC File [c:/Users/bmg32/ECE_385_lab6_2/ECE_385_lab6_2.gen/sources_1/bd/mb_block/ip/mb_block_clk_wiz_1_0/mb_block_clk_wiz_1_0.xdc] for cell 'mb_block_i/clk_wiz_1/inst'
Finished Parsing XDC File [c:/Users/bmg32/ECE_385_lab6_2/ECE_385_lab6_2.gen/sources_1/bd/mb_block/ip/mb_block_clk_wiz_1_0/mb_block_clk_wiz_1_0.xdc] for cell 'mb_block_i/clk_wiz_1/inst'
INFO: [Project 1-236] Implementation specific constraints were found while reading constraint file [c:/Users/bmg32/ECE_385_lab6_2/ECE_385_lab6_2.gen/sources_1/bd/mb_block/ip/mb_block_clk_wiz_1_0/mb_block_clk_wiz_1_0.xdc]. These constraints will be ignored for synthesis but will be used in implementation. Impacted constraints are listed in the file [.Xil/mb_usb_hdmi_top_propImpl.xdc].
Resolution: To avoid this warning, move constraints listed in [.Xil/mb_usb_hdmi_top_propImpl.xdc] to another XDC file and exclude this new file from synthesis with the used_in_synthesis property (File Properties dialog in GUI) and re-run elaboration/synthesis.
Parsing XDC File [c:/Users/bmg32/ECE_385_lab6_2/ECE_385_lab6_2.gen/sources_1/bd/mb_block/ip/mb_block_rst_clk_wiz_1_100M_0/mb_block_rst_clk_wiz_1_100M_0_board.xdc] for cell 'mb_block_i/rst_clk_wiz_1_100M/U0'
Finished Parsing XDC File [c:/Users/bmg32/ECE_385_lab6_2/ECE_385_lab6_2.gen/sources_1/bd/mb_block/ip/mb_block_rst_clk_wiz_1_100M_0/mb_block_rst_clk_wiz_1_100M_0_board.xdc] for cell 'mb_block_i/rst_clk_wiz_1_100M/U0'
Parsing XDC File [c:/Users/bmg32/ECE_385_lab6_2/ECE_385_lab6_2.gen/sources_1/bd/mb_block/ip/mb_block_rst_clk_wiz_1_100M_0/mb_block_rst_clk_wiz_1_100M_0.xdc] for cell 'mb_block_i/rst_clk_wiz_1_100M/U0'
Finished Parsing XDC File [c:/Users/bmg32/ECE_385_lab6_2/ECE_385_lab6_2.gen/sources_1/bd/mb_block/ip/mb_block_rst_clk_wiz_1_100M_0/mb_block_rst_clk_wiz_1_100M_0.xdc] for cell 'mb_block_i/rst_clk_wiz_1_100M/U0'
Parsing XDC File [c:/Users/bmg32/ECE_385_lab6_2/ECE_385_lab6_2.gen/sources_1/bd/mb_block/ip/mb_block_axi_uartlite_0_0/mb_block_axi_uartlite_0_0_board.xdc] for cell 'mb_block_i/axi_uartlite_0/U0'
Finished Parsing XDC File [c:/Users/bmg32/ECE_385_lab6_2/ECE_385_lab6_2.gen/sources_1/bd/mb_block/ip/mb_block_axi_uartlite_0_0/mb_block_axi_uartlite_0_0_board.xdc] for cell 'mb_block_i/axi_uartlite_0/U0'
Parsing XDC File [c:/Users/bmg32/ECE_385_lab6_2/ECE_385_lab6_2.gen/sources_1/bd/mb_block/ip/mb_block_axi_uartlite_0_0/mb_block_axi_uartlite_0_0.xdc] for cell 'mb_block_i/axi_uartlite_0/U0'
Finished Parsing XDC File [c:/Users/bmg32/ECE_385_lab6_2/ECE_385_lab6_2.gen/sources_1/bd/mb_block/ip/mb_block_axi_uartlite_0_0/mb_block_axi_uartlite_0_0.xdc] for cell 'mb_block_i/axi_uartlite_0/U0'
Parsing XDC File [c:/Users/bmg32/ECE_385_lab6_2/ECE_385_lab6_2.gen/sources_1/bd/mb_block/ip/mb_block_axi_gpio_0_3/mb_block_axi_gpio_0_3_board.xdc] for cell 'mb_block_i/gpio_usb_rst/U0'
Finished Parsing XDC File [c:/Users/bmg32/ECE_385_lab6_2/ECE_385_lab6_2.gen/sources_1/bd/mb_block/ip/mb_block_axi_gpio_0_3/mb_block_axi_gpio_0_3_board.xdc] for cell 'mb_block_i/gpio_usb_rst/U0'
Parsing XDC File [c:/Users/bmg32/ECE_385_lab6_2/ECE_385_lab6_2.gen/sources_1/bd/mb_block/ip/mb_block_axi_gpio_0_3/mb_block_axi_gpio_0_3.xdc] for cell 'mb_block_i/gpio_usb_rst/U0'
Finished Parsing XDC File [c:/Users/bmg32/ECE_385_lab6_2/ECE_385_lab6_2.gen/sources_1/bd/mb_block/ip/mb_block_axi_gpio_0_3/mb_block_axi_gpio_0_3.xdc] for cell 'mb_block_i/gpio_usb_rst/U0'
Parsing XDC File [c:/Users/bmg32/ECE_385_lab6_2/ECE_385_lab6_2.gen/sources_1/bd/mb_block/ip/mb_block_axi_gpio_0_4/mb_block_axi_gpio_0_4_board.xdc] for cell 'mb_block_i/gpio_usb_int/U0'
Finished Parsing XDC File [c:/Users/bmg32/ECE_385_lab6_2/ECE_385_lab6_2.gen/sources_1/bd/mb_block/ip/mb_block_axi_gpio_0_4/mb_block_axi_gpio_0_4_board.xdc] for cell 'mb_block_i/gpio_usb_int/U0'
Parsing XDC File [c:/Users/bmg32/ECE_385_lab6_2/ECE_385_lab6_2.gen/sources_1/bd/mb_block/ip/mb_block_axi_gpio_0_4/mb_block_axi_gpio_0_4.xdc] for cell 'mb_block_i/gpio_usb_int/U0'
Finished Parsing XDC File [c:/Users/bmg32/ECE_385_lab6_2/ECE_385_lab6_2.gen/sources_1/bd/mb_block/ip/mb_block_axi_gpio_0_4/mb_block_axi_gpio_0_4.xdc] for cell 'mb_block_i/gpio_usb_int/U0'
Parsing XDC File [c:/Users/bmg32/ECE_385_lab6_2/ECE_385_lab6_2.gen/sources_1/bd/mb_block/ip/mb_block_axi_gpio_0_5/mb_block_axi_gpio_0_5_board.xdc] for cell 'mb_block_i/gpio_usb_keycode/U0'
Finished Parsing XDC File [c:/Users/bmg32/ECE_385_lab6_2/ECE_385_lab6_2.gen/sources_1/bd/mb_block/ip/mb_block_axi_gpio_0_5/mb_block_axi_gpio_0_5_board.xdc] for cell 'mb_block_i/gpio_usb_keycode/U0'
Parsing XDC File [c:/Users/bmg32/ECE_385_lab6_2/ECE_385_lab6_2.gen/sources_1/bd/mb_block/ip/mb_block_axi_gpio_0_5/mb_block_axi_gpio_0_5.xdc] for cell 'mb_block_i/gpio_usb_keycode/U0'
Finished Parsing XDC File [c:/Users/bmg32/ECE_385_lab6_2/ECE_385_lab6_2.gen/sources_1/bd/mb_block/ip/mb_block_axi_gpio_0_5/mb_block_axi_gpio_0_5.xdc] for cell 'mb_block_i/gpio_usb_keycode/U0'
Parsing XDC File [c:/Users/bmg32/ECE_385_lab6_2/ECE_385_lab6_2.gen/sources_1/bd/mb_block/ip/mb_block_axi_timer_0_0/mb_block_axi_timer_0_0.xdc] for cell 'mb_block_i/timer_usb_axi/U0'
Finished Parsing XDC File [c:/Users/bmg32/ECE_385_lab6_2/ECE_385_lab6_2.gen/sources_1/bd/mb_block/ip/mb_block_axi_timer_0_0/mb_block_axi_timer_0_0.xdc] for cell 'mb_block_i/timer_usb_axi/U0'
Parsing XDC File [c:/Users/bmg32/ECE_385_lab6_2/ECE_385_lab6_2.gen/sources_1/bd/mb_block/ip/mb_block_axi_quad_spi_0_0/mb_block_axi_quad_spi_0_0_board.xdc] for cell 'mb_block_i/spi_usb/U0'
Finished Parsing XDC File [c:/Users/bmg32/ECE_385_lab6_2/ECE_385_lab6_2.gen/sources_1/bd/mb_block/ip/mb_block_axi_quad_spi_0_0/mb_block_axi_quad_spi_0_0_board.xdc] for cell 'mb_block_i/spi_usb/U0'
Parsing XDC File [c:/Users/bmg32/ECE_385_lab6_2/ECE_385_lab6_2.gen/sources_1/bd/mb_block/ip/mb_block_axi_quad_spi_0_0/mb_block_axi_quad_spi_0_0.xdc] for cell 'mb_block_i/spi_usb/U0'
Finished Parsing XDC File [c:/Users/bmg32/ECE_385_lab6_2/ECE_385_lab6_2.gen/sources_1/bd/mb_block/ip/mb_block_axi_quad_spi_0_0/mb_block_axi_quad_spi_0_0.xdc] for cell 'mb_block_i/spi_usb/U0'
Parsing XDC File [c:/Users/bmg32/ECE_385_lab6_2/ECE_385_lab6_2.gen/sources_1/ip/clk_wiz_0/clk_wiz_0_board.xdc] for cell 'clk_wiz/inst'
Finished Parsing XDC File [c:/Users/bmg32/ECE_385_lab6_2/ECE_385_lab6_2.gen/sources_1/ip/clk_wiz_0/clk_wiz_0_board.xdc] for cell 'clk_wiz/inst'
Parsing XDC File [c:/Users/bmg32/ECE_385_lab6_2/ECE_385_lab6_2.gen/sources_1/ip/clk_wiz_0/clk_wiz_0.xdc] for cell 'clk_wiz/inst'
WARNING: [Constraints 18-619] A clock with name 'Clk' already exists, overwriting the previous clock with the same name. [c:/Users/bmg32/ECE_385_lab6_2/ECE_385_lab6_2.gen/sources_1/ip/clk_wiz_0/clk_wiz_0.xdc:56]
Finished Parsing XDC File [c:/Users/bmg32/ECE_385_lab6_2/ECE_385_lab6_2.gen/sources_1/ip/clk_wiz_0/clk_wiz_0.xdc] for cell 'clk_wiz/inst'
INFO: [Project 1-236] Implementation specific constraints were found while reading constraint file [c:/Users/bmg32/ECE_385_lab6_2/ECE_385_lab6_2.gen/sources_1/ip/clk_wiz_0/clk_wiz_0.xdc]. These constraints will be ignored for synthesis but will be used in implementation. Impacted constraints are listed in the file [.Xil/mb_usb_hdmi_top_propImpl.xdc].
Resolution: To avoid this warning, move constraints listed in [.Xil/mb_usb_hdmi_top_propImpl.xdc] to another XDC file and exclude this new file from synthesis with the used_in_synthesis property (File Properties dialog in GUI) and re-run elaboration/synthesis.
INFO: [Timing 38-2] Deriving generated clocks
Parsing XDC File [C:/Users/bmg32/ECE_385_lab6_2/ECE_385_lab6_2.srcs/constrs_1/imports/pin_assignment/mb_usb_hdmi_top.xdc]
CRITICAL WARNING: [Constraints 18-1056] Clock 'clk_100' completely overrides clock 'Clk'.
New: create_clock -period 10.000 -name clk_100 -waveform {0.000 5.000} [get_ports Clk], [C:/Users/bmg32/ECE_385_lab6_2/ECE_385_lab6_2.srcs/constrs_1/imports/pin_assignment/mb_usb_hdmi_top.xdc:1]
Previous: create_clock -period 10.000 [get_ports Clk], [c:/Users/bmg32/ECE_385_lab6_2/ECE_385_lab6_2.gen/sources_1/ip/clk_wiz_0/clk_wiz_0.xdc:56]
Resolution: Review the constraint files and remove the redundant clock definition(s). If the clock constraints are not saved in a file, you can first save the constraints to an XDC file and reload the design once the constraints have been corrected.
CRITICAL WARNING: [Vivado 12-1411] Cannot set LOC property of ports, Cannot set PACKAGE_PIN property of ports,  port Clk can not be placed on PACKAGE_PIN N15 because the PACKAGE_PIN is occupied by port Clk [C:/Users/bmg32/ECE_385_lab6_2/ECE_385_lab6_2.srcs/constrs_1/imports/pin_assignment/mb_usb_hdmi_top.xdc:7]
Finished Parsing XDC File [C:/Users/bmg32/ECE_385_lab6_2/ECE_385_lab6_2.srcs/constrs_1/imports/pin_assignment/mb_usb_hdmi_top.xdc]
Parsing XDC File [c:/Users/bmg32/ECE_385_lab6_2/ECE_385_lab6_2.gen/sources_1/bd/mb_block/ip/mb_block_microblaze_0_axi_intc_0/mb_block_microblaze_0_axi_intc_0_clocks.xdc] for cell 'mb_block_i/microblaze_0_axi_intc/U0'
Finished Parsing XDC File [c:/Users/bmg32/ECE_385_lab6_2/ECE_385_lab6_2.gen/sources_1/bd/mb_block/ip/mb_block_microblaze_0_axi_intc_0/mb_block_microblaze_0_axi_intc_0_clocks.xdc] for cell 'mb_block_i/microblaze_0_axi_intc/U0'
Parsing XDC File [c:/Users/bmg32/ECE_385_lab6_2/ECE_385_lab6_2.gen/sources_1/bd/mb_block/ip/mb_block_mdm_1_0/mb_block_mdm_1_0.xdc] for cell 'mb_block_i/mdm_1/U0'
INFO: [Timing 38-2] Deriving generated clocks [c:/Users/bmg32/ECE_385_lab6_2/ECE_385_lab6_2.gen/sources_1/bd/mb_block/ip/mb_block_mdm_1_0/mb_block_mdm_1_0.xdc:50]
Finished Parsing XDC File [c:/Users/bmg32/ECE_385_lab6_2/ECE_385_lab6_2.gen/sources_1/bd/mb_block/ip/mb_block_mdm_1_0/mb_block_mdm_1_0.xdc] for cell 'mb_block_i/mdm_1/U0'
INFO: [Project 1-236] Implementation specific constraints were found while reading constraint file [c:/Users/bmg32/ECE_385_lab6_2/ECE_385_lab6_2.gen/sources_1/bd/mb_block/ip/mb_block_mdm_1_0/mb_block_mdm_1_0.xdc]. These constraints will be ignored for synthesis but will be used in implementation. Impacted constraints are listed in the file [.Xil/mb_usb_hdmi_top_propImpl.xdc].
Resolution: To avoid this warning, move constraints listed in [.Xil/mb_usb_hdmi_top_propImpl.xdc] to another XDC file and exclude this new file from synthesis with the used_in_synthesis property (File Properties dialog in GUI) and re-run elaboration/synthesis.
Parsing XDC File [c:/Users/bmg32/ECE_385_lab6_2/ECE_385_lab6_2.gen/sources_1/bd/mb_block/ip/mb_block_axi_quad_spi_0_0/mb_block_axi_quad_spi_0_0_clocks.xdc] for cell 'mb_block_i/spi_usb/U0'
Finished Parsing XDC File [c:/Users/bmg32/ECE_385_lab6_2/ECE_385_lab6_2.gen/sources_1/bd/mb_block/ip/mb_block_axi_quad_spi_0_0/mb_block_axi_quad_spi_0_0_clocks.xdc] for cell 'mb_block_i/spi_usb/U0'
INFO: [Vivado 12-3272] Current instance is the top level cell 'mb_block_i/spi_usb/U0/NO_DUAL_QUAD_MODE.QSPI_NORMAL/QSPI_LEGACY_MD_GEN.QSPI_CORE_INTERFACE_I/FIFO_EXISTS.TX_FIFO_II/xpm_fifo_instance.xpm_fifo_async_inst/gnuram_async_fifo.xpm_fifo_base_inst/gen_cdc_pntr.rd_pntr_cdc_inst' of design 'rtl_1' [C:/Xilinx/Vivado/2022.2/data/ip/xpm/xpm_cdc/tcl/xpm_cdc_gray.tcl:16]
WARNING: [XPM_CDC_GRAY: TCL-1000] The source and destination clocks are the same. 
     Instance: mb_block_i/spi_usb/U0/NO_DUAL_QUAD_MODE.QSPI_NORMAL/QSPI_LEGACY_MD_GEN.QSPI_CORE_INTERFACE_I/FIFO_EXISTS.TX_FIFO_II/xpm_fifo_instance.xpm_fifo_async_inst/gnuram_async_fifo.xpm_fifo_base_inst/gen_cdc_pntr.rd_pntr_cdc_inst 
  This will add unnecessary latency to the design. Please check the design for the following: 
 1) Manually instantiated XPM_CDC modules: Xilinx recommends that you remove these modules. 
 2) Xilinx IP that contains XPM_CDC modules: Verify the connections to the IP to determine whether you can safely ignore this message.
 [C:/Xilinx/Vivado/2022.2/data/ip/xpm/xpm_cdc/tcl/xpm_cdc_gray.tcl:16]
INFO: [Vivado 12-3272] Current instance is the top level cell 'mb_block_i/spi_usb/U0/NO_DUAL_QUAD_MODE.QSPI_NORMAL/QSPI_LEGACY_MD_GEN.QSPI_CORE_INTERFACE_I/FIFO_EXISTS.RX_FIFO_II/gnuram_async_fifo.xpm_fifo_base_inst/gen_cdc_pntr.wr_pntr_cdc_inst' of design 'rtl_1' [C:/Xilinx/Vivado/2022.2/data/ip/xpm/xpm_cdc/tcl/xpm_cdc_gray.tcl:16]
WARNING: [XPM_CDC_GRAY: TCL-1000] The source and destination clocks are the same. 
     Instance: mb_block_i/spi_usb/U0/NO_DUAL_QUAD_MODE.QSPI_NORMAL/QSPI_LEGACY_MD_GEN.QSPI_CORE_INTERFACE_I/FIFO_EXISTS.RX_FIFO_II/gnuram_async_fifo.xpm_fifo_base_inst/gen_cdc_pntr.wr_pntr_cdc_inst 
  This will add unnecessary latency to the design. Please check the design for the following: 
 1) Manually instantiated XPM_CDC modules: Xilinx recommends that you remove these modules. 
 2) Xilinx IP that contains XPM_CDC modules: Verify the connections to the IP to determine whether you can safely ignore this message.
 [C:/Xilinx/Vivado/2022.2/data/ip/xpm/xpm_cdc/tcl/xpm_cdc_gray.tcl:16]
INFO: [Vivado 12-3272] Current instance is the top level cell 'mb_block_i/spi_usb/U0/NO_DUAL_QUAD_MODE.QSPI_NORMAL/QSPI_LEGACY_MD_GEN.QSPI_CORE_INTERFACE_I/FIFO_EXISTS.RX_FIFO_II/gnuram_async_fifo.xpm_fifo_base_inst/gen_cdc_pntr.rd_pntr_cdc_inst' of design 'rtl_1' [C:/Xilinx/Vivado/2022.2/data/ip/xpm/xpm_cdc/tcl/xpm_cdc_gray.tcl:16]
WARNING: [XPM_CDC_GRAY: TCL-1000] The source and destination clocks are the same. 
     Instance: mb_block_i/spi_usb/U0/NO_DUAL_QUAD_MODE.QSPI_NORMAL/QSPI_LEGACY_MD_GEN.QSPI_CORE_INTERFACE_I/FIFO_EXISTS.RX_FIFO_II/gnuram_async_fifo.xpm_fifo_base_inst/gen_cdc_pntr.rd_pntr_cdc_inst 
  This will add unnecessary latency to the design. Please check the design for the following: 
 1) Manually instantiated XPM_CDC modules: Xilinx recommends that you remove these modules. 
 2) Xilinx IP that contains XPM_CDC modules: Verify the connections to the IP to determine whether you can safely ignore this message.
 [C:/Xilinx/Vivado/2022.2/data/ip/xpm/xpm_cdc/tcl/xpm_cdc_gray.tcl:16]
INFO: [Vivado 12-3272] Current instance is the top level cell 'mb_block_i/spi_usb/U0/NO_DUAL_QUAD_MODE.QSPI_NORMAL/QSPI_LEGACY_MD_GEN.QSPI_CORE_INTERFACE_I/FIFO_EXISTS.TX_FIFO_II/xpm_fifo_instance.xpm_fifo_async_inst/gnuram_async_fifo.xpm_fifo_base_inst/gen_cdc_pntr.wr_pntr_cdc_inst' of design 'rtl_1' [C:/Xilinx/Vivado/2022.2/data/ip/xpm/xpm_cdc/tcl/xpm_cdc_gray.tcl:16]
WARNING: [XPM_CDC_GRAY: TCL-1000] The source and destination clocks are the same. 
     Instance: mb_block_i/spi_usb/U0/NO_DUAL_QUAD_MODE.QSPI_NORMAL/QSPI_LEGACY_MD_GEN.QSPI_CORE_INTERFACE_I/FIFO_EXISTS.TX_FIFO_II/xpm_fifo_instance.xpm_fifo_async_inst/gnuram_async_fifo.xpm_fifo_base_inst/gen_cdc_pntr.wr_pntr_cdc_inst 
  This will add unnecessary latency to the design. Please check the design for the following: 
 1) Manually instantiated XPM_CDC modules: Xilinx recommends that you remove these modules. 
 2) Xilinx IP that contains XPM_CDC modules: Verify the connections to the IP to determine whether you can safely ignore this message.
 [C:/Xilinx/Vivado/2022.2/data/ip/xpm/xpm_cdc/tcl/xpm_cdc_gray.tcl:16]
INFO: [Vivado 12-3272] Current instance is the top level cell 'mb_block_i/spi_usb/U0/NO_DUAL_QUAD_MODE.QSPI_NORMAL/QSPI_LEGACY_MD_GEN.QSPI_CORE_INTERFACE_I/FIFO_EXISTS.TX_FIFO_II/xpm_fifo_instance.xpm_fifo_async_inst/gnuram_async_fifo.xpm_fifo_base_inst/gen_cdc_pntr.wr_pntr_cdc_dc_inst' of design 'rtl_1' [C:/Xilinx/Vivado/2022.2/data/ip/xpm/xpm_cdc/tcl/xpm_cdc_gray.tcl:16]
WARNING: [XPM_CDC_GRAY: TCL-1000] The source and destination clocks are the same. 
     Instance: mb_block_i/spi_usb/U0/NO_DUAL_QUAD_MODE.QSPI_NORMAL/QSPI_LEGACY_MD_GEN.QSPI_CORE_INTERFACE_I/FIFO_EXISTS.TX_FIFO_II/xpm_fifo_instance.xpm_fifo_async_inst/gnuram_async_fifo.xpm_fifo_base_inst/gen_cdc_pntr.wr_pntr_cdc_dc_inst 
  This will add unnecessary latency to the design. Please check the design for the following: 
 1) Manually instantiated XPM_CDC modules: Xilinx recommends that you remove these modules. 
 2) Xilinx IP that contains XPM_CDC modules: Verify the connections to the IP to determine whether you can safely ignore this message.
 [C:/Xilinx/Vivado/2022.2/data/ip/xpm/xpm_cdc/tcl/xpm_cdc_gray.tcl:16]
INFO: [Vivado 12-3272] Current instance is the top level cell 'mb_block_i/spi_usb/U0/NO_DUAL_QUAD_MODE.QSPI_NORMAL/QSPI_LEGACY_MD_GEN.QSPI_CORE_INTERFACE_I/FIFO_EXISTS.RX_FIFO_II/gnuram_async_fifo.xpm_fifo_base_inst/gen_cdc_pntr.wr_pntr_cdc_dc_inst' of design 'rtl_1' [C:/Xilinx/Vivado/2022.2/data/ip/xpm/xpm_cdc/tcl/xpm_cdc_gray.tcl:16]
WARNING: [XPM_CDC_GRAY: TCL-1000] The source and destination clocks are the same. 
     Instance: mb_block_i/spi_usb/U0/NO_DUAL_QUAD_MODE.QSPI_NORMAL/QSPI_LEGACY_MD_GEN.QSPI_CORE_INTERFACE_I/FIFO_EXISTS.RX_FIFO_II/gnuram_async_fifo.xpm_fifo_base_inst/gen_cdc_pntr.wr_pntr_cdc_dc_inst 
  This will add unnecessary latency to the design. Please check the design for the following: 
 1) Manually instantiated XPM_CDC modules: Xilinx recommends that you remove these modules. 
 2) Xilinx IP that contains XPM_CDC modules: Verify the connections to the IP to determine whether you can safely ignore this message.
 [C:/Xilinx/Vivado/2022.2/data/ip/xpm/xpm_cdc/tcl/xpm_cdc_gray.tcl:16]
INFO: [Vivado 12-3272] Current instance is the top level cell 'mb_block_i/spi_usb/U0/NO_DUAL_QUAD_MODE.QSPI_NORMAL/QSPI_LEGACY_MD_GEN.QSPI_CORE_INTERFACE_I/FIFO_EXISTS.TX_FIFO_II/xpm_fifo_instance.xpm_fifo_async_inst/gnuram_async_fifo.xpm_fifo_base_inst/gen_cdc_pntr.rd_pntr_cdc_dc_inst' of design 'rtl_1' [C:/Xilinx/Vivado/2022.2/data/ip/xpm/xpm_cdc/tcl/xpm_cdc_gray.tcl:16]
WARNING: [XPM_CDC_GRAY: TCL-1000] The source and destination clocks are the same. 
     Instance: mb_block_i/spi_usb/U0/NO_DUAL_QUAD_MODE.QSPI_NORMAL/QSPI_LEGACY_MD_GEN.QSPI_CORE_INTERFACE_I/FIFO_EXISTS.TX_FIFO_II/xpm_fifo_instance.xpm_fifo_async_inst/gnuram_async_fifo.xpm_fifo_base_inst/gen_cdc_pntr.rd_pntr_cdc_dc_inst 
  This will add unnecessary latency to the design. Please check the design for the following: 
 1) Manually instantiated XPM_CDC modules: Xilinx recommends that you remove these modules. 
 2) Xilinx IP that contains XPM_CDC modules: Verify the connections to the IP to determine whether you can safely ignore this message.
 [C:/Xilinx/Vivado/2022.2/data/ip/xpm/xpm_cdc/tcl/xpm_cdc_gray.tcl:16]
INFO: [Vivado 12-3272] Current instance is the top level cell 'mb_block_i/spi_usb/U0/NO_DUAL_QUAD_MODE.QSPI_NORMAL/QSPI_LEGACY_MD_GEN.QSPI_CORE_INTERFACE_I/FIFO_EXISTS.RX_FIFO_II/gnuram_async_fifo.xpm_fifo_base_inst/gen_cdc_pntr.rd_pntr_cdc_dc_inst' of design 'rtl_1' [C:/Xilinx/Vivado/2022.2/data/ip/xpm/xpm_cdc/tcl/xpm_cdc_gray.tcl:16]
WARNING: [XPM_CDC_GRAY: TCL-1000] The source and destination clocks are the same. 
     Instance: mb_block_i/spi_usb/U0/NO_DUAL_QUAD_MODE.QSPI_NORMAL/QSPI_LEGACY_MD_GEN.QSPI_CORE_INTERFACE_I/FIFO_EXISTS.RX_FIFO_II/gnuram_async_fifo.xpm_fifo_base_inst/gen_cdc_pntr.rd_pntr_cdc_dc_inst 
  This will add unnecessary latency to the design. Please check the design for the following: 
 1) Manually instantiated XPM_CDC modules: Xilinx recommends that you remove these modules. 
 2) Xilinx IP that contains XPM_CDC modules: Verify the connections to the IP to determine whether you can safely ignore this message.
 [C:/Xilinx/Vivado/2022.2/data/ip/xpm/xpm_cdc/tcl/xpm_cdc_gray.tcl:16]
INFO: [Project 1-236] Implementation specific constraints were found while reading constraint file [C:/Xilinx/Vivado/2022.2/data/ip/xpm/xpm_cdc/tcl/xpm_cdc_gray.tcl]. These constraints will be ignored for synthesis but will be used in implementation. Impacted constraints are listed in the file [.Xil/mb_usb_hdmi_top_propImpl.xdc].
Resolution: To avoid this warning, move constraints listed in [.Xil/mb_usb_hdmi_top_propImpl.xdc] to another XDC file and exclude this new file from synthesis with the used_in_synthesis property (File Properties dialog in GUI) and re-run elaboration/synthesis.
INFO: [Project 1-236] Implementation specific constraints were found while reading constraint file [C:/Xilinx/Vivado/2022.2/data/ip/xpm/xpm_fifo/tcl/xpm_fifo_rst.tcl]. These constraints will be ignored for synthesis but will be used in implementation. Impacted constraints are listed in the file [.Xil/mb_usb_hdmi_top_propImpl.xdc].
Resolution: To avoid this warning, move constraints listed in [.Xil/mb_usb_hdmi_top_propImpl.xdc] to another XDC file and exclude this new file from synthesis with the used_in_synthesis property (File Properties dialog in GUI) and re-run elaboration/synthesis.
INFO: [Project 1-1714] 14 XPM XDC files have been applied to the design.
Completed Processing XDC Constraints

Netlist sorting complete. Time (s): cpu = 00:00:00 ; elapsed = 00:00:00.009 . Memory (MB): peak = 3141.227 ; gain = 0.000
INFO: [Project 1-111] Unisim Transformation Summary:
  A total of 247 instances were transformed.
  LUT6_2 => LUT6_2 (LUT5, LUT6): 145 instances
  RAM16X1D => RAM32X1D (RAMD32(x2)): 32 instances
  RAM32M => RAM32M (RAMD32(x6), RAMS32(x2)): 2 instances
  RAM32X1D => RAM32X1D (RAMD32(x2)): 68 instances

RTL Elaboration Complete:  : Time (s): cpu = 00:00:10 ; elapsed = 00:00:14 . Memory (MB): peak = 3254.203 ; gain = 690.340
127 Infos, 134 Warnings, 3 Critical Warnings and 0 Errors encountered.
synth_design completed successfully
synth_design: Time (s): cpu = 00:00:12 ; elapsed = 00:00:17 . Memory (MB): peak = 3254.203 ; gain = 984.707
close_design
open_run synth_1 -name synth_1
Design is defaulting to impl run constrset: constrs_1
Design is defaulting to synth run part: xc7s50csga324-1
INFO: [Project 1-454] Reading design checkpoint 'c:/Users/bmg32/ECE_385_lab6_2/ECE_385_lab6_2.gen/sources_1/ip/clk_wiz_0/clk_wiz_0.dcp' for cell 'clk_wiz'
INFO: [Project 1-454] Reading design checkpoint 'c:/Users/bmg32/ECE_385_lab6_2/ECE_385_lab6_2.gen/sources_1/ip/hdmi_tx_0/hdmi_tx_0.dcp' for cell 'vga_to_hdmi'
INFO: [Project 1-454] Reading design checkpoint 'c:/Users/bmg32/ECE_385_lab6_2/ECE_385_lab6_2.gen/sources_1/bd/mb_block/ip/mb_block_axi_uartlite_0_0/mb_block_axi_uartlite_0_0.dcp' for cell 'mb_block_i/axi_uartlite_0'
INFO: [Project 1-454] Reading design checkpoint 'c:/Users/bmg32/ECE_385_lab6_2/ECE_385_lab6_2.gen/sources_1/bd/mb_block/ip/mb_block_clk_wiz_1_0/mb_block_clk_wiz_1_0.dcp' for cell 'mb_block_i/clk_wiz_1'
INFO: [Project 1-454] Reading design checkpoint 'c:/Users/bmg32/ECE_385_lab6_2/ECE_385_lab6_2.gen/sources_1/bd/mb_block/ip/mb_block_axi_gpio_0_4/mb_block_axi_gpio_0_4.dcp' for cell 'mb_block_i/gpio_usb_int'
INFO: [Project 1-454] Reading design checkpoint 'c:/Users/bmg32/ECE_385_lab6_2/ECE_385_lab6_2.gen/sources_1/bd/mb_block/ip/mb_block_axi_gpio_0_5/mb_block_axi_gpio_0_5.dcp' for cell 'mb_block_i/gpio_usb_keycode'
INFO: [Project 1-454] Reading design checkpoint 'c:/Users/bmg32/ECE_385_lab6_2/ECE_385_lab6_2.gen/sources_1/bd/mb_block/ip/mb_block_axi_gpio_0_3/mb_block_axi_gpio_0_3.dcp' for cell 'mb_block_i/gpio_usb_rst'
INFO: [Project 1-454] Reading design checkpoint 'c:/Users/bmg32/ECE_385_lab6_2/ECE_385_lab6_2.gen/sources_1/bd/mb_block/ip/mb_block_mdm_1_0/mb_block_mdm_1_0.dcp' for cell 'mb_block_i/mdm_1'
INFO: [Project 1-454] Reading design checkpoint 'c:/Users/bmg32/ECE_385_lab6_2/ECE_385_lab6_2.gen/sources_1/bd/mb_block/ip/mb_block_microblaze_0_0/mb_block_microblaze_0_0.dcp' for cell 'mb_block_i/microblaze_0'
INFO: [Project 1-454] Reading design checkpoint 'c:/Users/bmg32/ECE_385_lab6_2/ECE_385_lab6_2.gen/sources_1/bd/mb_block/ip/mb_block_microblaze_0_axi_intc_0/mb_block_microblaze_0_axi_intc_0.dcp' for cell 'mb_block_i/microblaze_0_axi_intc'
INFO: [Project 1-454] Reading design checkpoint 'c:/Users/bmg32/ECE_385_lab6_2/ECE_385_lab6_2.gen/sources_1/bd/mb_block/ip/mb_block_rst_clk_wiz_1_100M_0/mb_block_rst_clk_wiz_1_100M_0.dcp' for cell 'mb_block_i/rst_clk_wiz_1_100M'
INFO: [Project 1-454] Reading design checkpoint 'c:/Users/bmg32/ECE_385_lab6_2/ECE_385_lab6_2.gen/sources_1/bd/mb_block/ip/mb_block_axi_quad_spi_0_0/mb_block_axi_quad_spi_0_0.dcp' for cell 'mb_block_i/spi_usb'
INFO: [Project 1-454] Reading design checkpoint 'c:/Users/bmg32/ECE_385_lab6_2/ECE_385_lab6_2.gen/sources_1/bd/mb_block/ip/mb_block_axi_timer_0_0/mb_block_axi_timer_0_0.dcp' for cell 'mb_block_i/timer_usb_axi'
INFO: [Project 1-454] Reading design checkpoint 'c:/Users/bmg32/ECE_385_lab6_2/ECE_385_lab6_2.gen/sources_1/bd/mb_block/ip/mb_block_xbar_0/mb_block_xbar_0.dcp' for cell 'mb_block_i/microblaze_0_axi_periph/xbar'
INFO: [Project 1-454] Reading design checkpoint 'c:/Users/bmg32/ECE_385_lab6_2/ECE_385_lab6_2.gen/sources_1/bd/mb_block/ip/mb_block_dlmb_bram_if_cntlr_0/mb_block_dlmb_bram_if_cntlr_0.dcp' for cell 'mb_block_i/microblaze_0_local_memory/dlmb_bram_if_cntlr'
INFO: [Project 1-454] Reading design checkpoint 'c:/Users/bmg32/ECE_385_lab6_2/ECE_385_lab6_2.gen/sources_1/bd/mb_block/ip/mb_block_dlmb_v10_0/mb_block_dlmb_v10_0.dcp' for cell 'mb_block_i/microblaze_0_local_memory/dlmb_v10'
INFO: [Project 1-454] Reading design checkpoint 'c:/Users/bmg32/ECE_385_lab6_2/ECE_385_lab6_2.gen/sources_1/bd/mb_block/ip/mb_block_ilmb_bram_if_cntlr_0/mb_block_ilmb_bram_if_cntlr_0.dcp' for cell 'mb_block_i/microblaze_0_local_memory/ilmb_bram_if_cntlr'
INFO: [Project 1-454] Reading design checkpoint 'c:/Users/bmg32/ECE_385_lab6_2/ECE_385_lab6_2.gen/sources_1/bd/mb_block/ip/mb_block_ilmb_v10_0/mb_block_ilmb_v10_0.dcp' for cell 'mb_block_i/microblaze_0_local_memory/ilmb_v10'
INFO: [Project 1-454] Reading design checkpoint 'c:/Users/bmg32/ECE_385_lab6_2/ECE_385_lab6_2.gen/sources_1/bd/mb_block/ip/mb_block_lmb_bram_0/mb_block_lmb_bram_0.dcp' for cell 'mb_block_i/microblaze_0_local_memory/lmb_bram'
Netlist sorting complete. Time (s): cpu = 00:00:00 ; elapsed = 00:00:00.207 . Memory (MB): peak = 3293.461 ; gain = 0.000
INFO: [Netlist 29-17] Analyzing 419 Unisim elements for replacement
INFO: [Netlist 29-28] Unisim Transformation completed in 0 CPU seconds
INFO: [Project 1-479] Netlist was created with Vivado 2022.2
INFO: [Project 1-570] Preparing netlist for logic optimization
WARNING: [Opt 31-35] Removing redundant IBUF, clk_wiz/inst/clkin1_ibufg, from the path connected to top-level port: Clk 
Resolution: The tool has removed redundant IBUF. To resolve this warning, check for redundant IBUF in the input design.
WARNING: [Opt 31-35] Removing redundant IBUF, mb_block_i/clk_wiz_1/inst/clkin1_ibufg, from the path connected to top-level port: Clk 
Resolution: The tool has removed redundant IBUF. To resolve this warning, check for redundant IBUF in the input design.
WARNING: [Constraints 18-550] Could not create 'IBUF_LOW_PWR' constraint because net 'clk_wiz/clk_in1' is not directly connected to top level port. Synthesis is ignored for IBUF_LOW_PWR but preserved for implementation.
WARNING: [Constraints 18-550] Could not create 'IBUF_LOW_PWR' constraint because net 'mb_block_i/clk_wiz_1/clk_in1' is not directly connected to top level port. Synthesis is ignored for IBUF_LOW_PWR but preserved for implementation.
Parsing XDC File [c:/Users/bmg32/ECE_385_lab6_2/ECE_385_lab6_2.gen/sources_1/bd/mb_block/ip/mb_block_microblaze_0_0/mb_block_microblaze_0_0.xdc] for cell 'mb_block_i/microblaze_0/U0'
Finished Parsing XDC File [c:/Users/bmg32/ECE_385_lab6_2/ECE_385_lab6_2.gen/sources_1/bd/mb_block/ip/mb_block_microblaze_0_0/mb_block_microblaze_0_0.xdc] for cell 'mb_block_i/microblaze_0/U0'
Parsing XDC File [c:/Users/bmg32/ECE_385_lab6_2/ECE_385_lab6_2.gen/sources_1/bd/mb_block/ip/mb_block_microblaze_0_axi_intc_0/mb_block_microblaze_0_axi_intc_0.xdc] for cell 'mb_block_i/microblaze_0_axi_intc/U0'
Finished Parsing XDC File [c:/Users/bmg32/ECE_385_lab6_2/ECE_385_lab6_2.gen/sources_1/bd/mb_block/ip/mb_block_microblaze_0_axi_intc_0/mb_block_microblaze_0_axi_intc_0.xdc] for cell 'mb_block_i/microblaze_0_axi_intc/U0'
Parsing XDC File [c:/Users/bmg32/ECE_385_lab6_2/ECE_385_lab6_2.gen/sources_1/bd/mb_block/ip/mb_block_clk_wiz_1_0/mb_block_clk_wiz_1_0_board.xdc] for cell 'mb_block_i/clk_wiz_1/inst'
Finished Parsing XDC File [c:/Users/bmg32/ECE_385_lab6_2/ECE_385_lab6_2.gen/sources_1/bd/mb_block/ip/mb_block_clk_wiz_1_0/mb_block_clk_wiz_1_0_board.xdc] for cell 'mb_block_i/clk_wiz_1/inst'
Parsing XDC File [c:/Users/bmg32/ECE_385_lab6_2/ECE_385_lab6_2.gen/sources_1/bd/mb_block/ip/mb_block_clk_wiz_1_0/mb_block_clk_wiz_1_0.xdc] for cell 'mb_block_i/clk_wiz_1/inst'
INFO: [Timing 38-35] Done setting XDC timing constraints. [c:/Users/bmg32/ECE_385_lab6_2/ECE_385_lab6_2.gen/sources_1/bd/mb_block/ip/mb_block_clk_wiz_1_0/mb_block_clk_wiz_1_0.xdc:57]
INFO: [Timing 38-2] Deriving generated clocks [c:/Users/bmg32/ECE_385_lab6_2/ECE_385_lab6_2.gen/sources_1/bd/mb_block/ip/mb_block_clk_wiz_1_0/mb_block_clk_wiz_1_0.xdc:57]
Finished Parsing XDC File [c:/Users/bmg32/ECE_385_lab6_2/ECE_385_lab6_2.gen/sources_1/bd/mb_block/ip/mb_block_clk_wiz_1_0/mb_block_clk_wiz_1_0.xdc] for cell 'mb_block_i/clk_wiz_1/inst'
Parsing XDC File [c:/Users/bmg32/ECE_385_lab6_2/ECE_385_lab6_2.gen/sources_1/bd/mb_block/ip/mb_block_rst_clk_wiz_1_100M_0/mb_block_rst_clk_wiz_1_100M_0_board.xdc] for cell 'mb_block_i/rst_clk_wiz_1_100M/U0'
Finished Parsing XDC File [c:/Users/bmg32/ECE_385_lab6_2/ECE_385_lab6_2.gen/sources_1/bd/mb_block/ip/mb_block_rst_clk_wiz_1_100M_0/mb_block_rst_clk_wiz_1_100M_0_board.xdc] for cell 'mb_block_i/rst_clk_wiz_1_100M/U0'
Parsing XDC File [c:/Users/bmg32/ECE_385_lab6_2/ECE_385_lab6_2.gen/sources_1/bd/mb_block/ip/mb_block_rst_clk_wiz_1_100M_0/mb_block_rst_clk_wiz_1_100M_0.xdc] for cell 'mb_block_i/rst_clk_wiz_1_100M/U0'
Finished Parsing XDC File [c:/Users/bmg32/ECE_385_lab6_2/ECE_385_lab6_2.gen/sources_1/bd/mb_block/ip/mb_block_rst_clk_wiz_1_100M_0/mb_block_rst_clk_wiz_1_100M_0.xdc] for cell 'mb_block_i/rst_clk_wiz_1_100M/U0'
Parsing XDC File [c:/Users/bmg32/ECE_385_lab6_2/ECE_385_lab6_2.gen/sources_1/bd/mb_block/ip/mb_block_axi_uartlite_0_0/mb_block_axi_uartlite_0_0_board.xdc] for cell 'mb_block_i/axi_uartlite_0/U0'
Finished Parsing XDC File [c:/Users/bmg32/ECE_385_lab6_2/ECE_385_lab6_2.gen/sources_1/bd/mb_block/ip/mb_block_axi_uartlite_0_0/mb_block_axi_uartlite_0_0_board.xdc] for cell 'mb_block_i/axi_uartlite_0/U0'
Parsing XDC File [c:/Users/bmg32/ECE_385_lab6_2/ECE_385_lab6_2.gen/sources_1/bd/mb_block/ip/mb_block_axi_uartlite_0_0/mb_block_axi_uartlite_0_0.xdc] for cell 'mb_block_i/axi_uartlite_0/U0'
Finished Parsing XDC File [c:/Users/bmg32/ECE_385_lab6_2/ECE_385_lab6_2.gen/sources_1/bd/mb_block/ip/mb_block_axi_uartlite_0_0/mb_block_axi_uartlite_0_0.xdc] for cell 'mb_block_i/axi_uartlite_0/U0'
Parsing XDC File [c:/Users/bmg32/ECE_385_lab6_2/ECE_385_lab6_2.gen/sources_1/bd/mb_block/ip/mb_block_axi_gpio_0_3/mb_block_axi_gpio_0_3_board.xdc] for cell 'mb_block_i/gpio_usb_rst/U0'
Finished Parsing XDC File [c:/Users/bmg32/ECE_385_lab6_2/ECE_385_lab6_2.gen/sources_1/bd/mb_block/ip/mb_block_axi_gpio_0_3/mb_block_axi_gpio_0_3_board.xdc] for cell 'mb_block_i/gpio_usb_rst/U0'
Parsing XDC File [c:/Users/bmg32/ECE_385_lab6_2/ECE_385_lab6_2.gen/sources_1/bd/mb_block/ip/mb_block_axi_gpio_0_3/mb_block_axi_gpio_0_3.xdc] for cell 'mb_block_i/gpio_usb_rst/U0'
Finished Parsing XDC File [c:/Users/bmg32/ECE_385_lab6_2/ECE_385_lab6_2.gen/sources_1/bd/mb_block/ip/mb_block_axi_gpio_0_3/mb_block_axi_gpio_0_3.xdc] for cell 'mb_block_i/gpio_usb_rst/U0'
Parsing XDC File [c:/Users/bmg32/ECE_385_lab6_2/ECE_385_lab6_2.gen/sources_1/bd/mb_block/ip/mb_block_axi_gpio_0_4/mb_block_axi_gpio_0_4_board.xdc] for cell 'mb_block_i/gpio_usb_int/U0'
Finished Parsing XDC File [c:/Users/bmg32/ECE_385_lab6_2/ECE_385_lab6_2.gen/sources_1/bd/mb_block/ip/mb_block_axi_gpio_0_4/mb_block_axi_gpio_0_4_board.xdc] for cell 'mb_block_i/gpio_usb_int/U0'
Parsing XDC File [c:/Users/bmg32/ECE_385_lab6_2/ECE_385_lab6_2.gen/sources_1/bd/mb_block/ip/mb_block_axi_gpio_0_4/mb_block_axi_gpio_0_4.xdc] for cell 'mb_block_i/gpio_usb_int/U0'
Finished Parsing XDC File [c:/Users/bmg32/ECE_385_lab6_2/ECE_385_lab6_2.gen/sources_1/bd/mb_block/ip/mb_block_axi_gpio_0_4/mb_block_axi_gpio_0_4.xdc] for cell 'mb_block_i/gpio_usb_int/U0'
Parsing XDC File [c:/Users/bmg32/ECE_385_lab6_2/ECE_385_lab6_2.gen/sources_1/bd/mb_block/ip/mb_block_axi_gpio_0_5/mb_block_axi_gpio_0_5_board.xdc] for cell 'mb_block_i/gpio_usb_keycode/U0'
Finished Parsing XDC File [c:/Users/bmg32/ECE_385_lab6_2/ECE_385_lab6_2.gen/sources_1/bd/mb_block/ip/mb_block_axi_gpio_0_5/mb_block_axi_gpio_0_5_board.xdc] for cell 'mb_block_i/gpio_usb_keycode/U0'
Parsing XDC File [c:/Users/bmg32/ECE_385_lab6_2/ECE_385_lab6_2.gen/sources_1/bd/mb_block/ip/mb_block_axi_gpio_0_5/mb_block_axi_gpio_0_5.xdc] for cell 'mb_block_i/gpio_usb_keycode/U0'
Finished Parsing XDC File [c:/Users/bmg32/ECE_385_lab6_2/ECE_385_lab6_2.gen/sources_1/bd/mb_block/ip/mb_block_axi_gpio_0_5/mb_block_axi_gpio_0_5.xdc] for cell 'mb_block_i/gpio_usb_keycode/U0'
Parsing XDC File [c:/Users/bmg32/ECE_385_lab6_2/ECE_385_lab6_2.gen/sources_1/bd/mb_block/ip/mb_block_axi_timer_0_0/mb_block_axi_timer_0_0.xdc] for cell 'mb_block_i/timer_usb_axi/U0'
Finished Parsing XDC File [c:/Users/bmg32/ECE_385_lab6_2/ECE_385_lab6_2.gen/sources_1/bd/mb_block/ip/mb_block_axi_timer_0_0/mb_block_axi_timer_0_0.xdc] for cell 'mb_block_i/timer_usb_axi/U0'
Parsing XDC File [c:/Users/bmg32/ECE_385_lab6_2/ECE_385_lab6_2.gen/sources_1/bd/mb_block/ip/mb_block_axi_quad_spi_0_0/mb_block_axi_quad_spi_0_0_board.xdc] for cell 'mb_block_i/spi_usb/U0'
Finished Parsing XDC File [c:/Users/bmg32/ECE_385_lab6_2/ECE_385_lab6_2.gen/sources_1/bd/mb_block/ip/mb_block_axi_quad_spi_0_0/mb_block_axi_quad_spi_0_0_board.xdc] for cell 'mb_block_i/spi_usb/U0'
Parsing XDC File [c:/Users/bmg32/ECE_385_lab6_2/ECE_385_lab6_2.gen/sources_1/bd/mb_block/ip/mb_block_axi_quad_spi_0_0/mb_block_axi_quad_spi_0_0.xdc] for cell 'mb_block_i/spi_usb/U0'
Finished Parsing XDC File [c:/Users/bmg32/ECE_385_lab6_2/ECE_385_lab6_2.gen/sources_1/bd/mb_block/ip/mb_block_axi_quad_spi_0_0/mb_block_axi_quad_spi_0_0.xdc] for cell 'mb_block_i/spi_usb/U0'
Parsing XDC File [c:/Users/bmg32/ECE_385_lab6_2/ECE_385_lab6_2.gen/sources_1/ip/clk_wiz_0/clk_wiz_0_board.xdc] for cell 'clk_wiz/inst'
Finished Parsing XDC File [c:/Users/bmg32/ECE_385_lab6_2/ECE_385_lab6_2.gen/sources_1/ip/clk_wiz_0/clk_wiz_0_board.xdc] for cell 'clk_wiz/inst'
Parsing XDC File [c:/Users/bmg32/ECE_385_lab6_2/ECE_385_lab6_2.gen/sources_1/ip/clk_wiz_0/clk_wiz_0.xdc] for cell 'clk_wiz/inst'
INFO: [Timing 38-2] Deriving generated clocks [c:/Users/bmg32/ECE_385_lab6_2/ECE_385_lab6_2.gen/sources_1/ip/clk_wiz_0/clk_wiz_0.xdc:57]
Finished Parsing XDC File [c:/Users/bmg32/ECE_385_lab6_2/ECE_385_lab6_2.gen/sources_1/ip/clk_wiz_0/clk_wiz_0.xdc] for cell 'clk_wiz/inst'
Parsing XDC File [C:/Users/bmg32/ECE_385_lab6_2/ECE_385_lab6_2.srcs/constrs_1/imports/pin_assignment/mb_usb_hdmi_top.xdc]
Finished Parsing XDC File [C:/Users/bmg32/ECE_385_lab6_2/ECE_385_lab6_2.srcs/constrs_1/imports/pin_assignment/mb_usb_hdmi_top.xdc]
Parsing XDC File [c:/Users/bmg32/ECE_385_lab6_2/ECE_385_lab6_2.gen/sources_1/bd/mb_block/ip/mb_block_microblaze_0_axi_intc_0/mb_block_microblaze_0_axi_intc_0_clocks.xdc] for cell 'mb_block_i/microblaze_0_axi_intc/U0'
Finished Parsing XDC File [c:/Users/bmg32/ECE_385_lab6_2/ECE_385_lab6_2.gen/sources_1/bd/mb_block/ip/mb_block_microblaze_0_axi_intc_0/mb_block_microblaze_0_axi_intc_0_clocks.xdc] for cell 'mb_block_i/microblaze_0_axi_intc/U0'
Parsing XDC File [c:/Users/bmg32/ECE_385_lab6_2/ECE_385_lab6_2.gen/sources_1/bd/mb_block/ip/mb_block_mdm_1_0/mb_block_mdm_1_0.xdc] for cell 'mb_block_i/mdm_1/U0'
Finished Parsing XDC File [c:/Users/bmg32/ECE_385_lab6_2/ECE_385_lab6_2.gen/sources_1/bd/mb_block/ip/mb_block_mdm_1_0/mb_block_mdm_1_0.xdc] for cell 'mb_block_i/mdm_1/U0'
Parsing XDC File [c:/Users/bmg32/ECE_385_lab6_2/ECE_385_lab6_2.gen/sources_1/bd/mb_block/ip/mb_block_axi_quad_spi_0_0/mb_block_axi_quad_spi_0_0_clocks.xdc] for cell 'mb_block_i/spi_usb/U0'
Finished Parsing XDC File [c:/Users/bmg32/ECE_385_lab6_2/ECE_385_lab6_2.gen/sources_1/bd/mb_block/ip/mb_block_axi_quad_spi_0_0/mb_block_axi_quad_spi_0_0_clocks.xdc] for cell 'mb_block_i/spi_usb/U0'
WARNING: [XPM_CDC_GRAY: TCL-1000] The source and destination clocks are the same. 
     Instance: mb_block_i/spi_usb/U0/NO_DUAL_QUAD_MODE.QSPI_NORMAL/QSPI_LEGACY_MD_GEN.QSPI_CORE_INTERFACE_I/FIFO_EXISTS.TX_FIFO_II/xpm_fifo_instance.xpm_fifo_async_inst/gnuram_async_fifo.xpm_fifo_base_inst/gen_cdc_pntr.rd_pntr_cdc_inst 
  This will add unnecessary latency to the design. Please check the design for the following: 
 1) Manually instantiated XPM_CDC modules: Xilinx recommends that you remove these modules. 
 2) Xilinx IP that contains XPM_CDC modules: Verify the connections to the IP to determine whether you can safely ignore this message.
 [C:/Xilinx/Vivado/2022.2/data/ip/xpm/xpm_cdc/tcl/xpm_cdc_gray.tcl:16]
WARNING: [XPM_CDC_GRAY: TCL-1000] The source and destination clocks are the same. 
     Instance: mb_block_i/spi_usb/U0/NO_DUAL_QUAD_MODE.QSPI_NORMAL/QSPI_LEGACY_MD_GEN.QSPI_CORE_INTERFACE_I/FIFO_EXISTS.RX_FIFO_II/gnuram_async_fifo.xpm_fifo_base_inst/gen_cdc_pntr.wr_pntr_cdc_inst 
  This will add unnecessary latency to the design. Please check the design for the following: 
 1) Manually instantiated XPM_CDC modules: Xilinx recommends that you remove these modules. 
 2) Xilinx IP that contains XPM_CDC modules: Verify the connections to the IP to determine whether you can safely ignore this message.
 [C:/Xilinx/Vivado/2022.2/data/ip/xpm/xpm_cdc/tcl/xpm_cdc_gray.tcl:16]
WARNING: [XPM_CDC_GRAY: TCL-1000] The source and destination clocks are the same. 
     Instance: mb_block_i/spi_usb/U0/NO_DUAL_QUAD_MODE.QSPI_NORMAL/QSPI_LEGACY_MD_GEN.QSPI_CORE_INTERFACE_I/FIFO_EXISTS.RX_FIFO_II/gnuram_async_fifo.xpm_fifo_base_inst/gen_cdc_pntr.rd_pntr_cdc_inst 
  This will add unnecessary latency to the design. Please check the design for the following: 
 1) Manually instantiated XPM_CDC modules: Xilinx recommends that you remove these modules. 
 2) Xilinx IP that contains XPM_CDC modules: Verify the connections to the IP to determine whether you can safely ignore this message.
 [C:/Xilinx/Vivado/2022.2/data/ip/xpm/xpm_cdc/tcl/xpm_cdc_gray.tcl:16]
WARNING: [XPM_CDC_GRAY: TCL-1000] The source and destination clocks are the same. 
     Instance: mb_block_i/spi_usb/U0/NO_DUAL_QUAD_MODE.QSPI_NORMAL/QSPI_LEGACY_MD_GEN.QSPI_CORE_INTERFACE_I/FIFO_EXISTS.TX_FIFO_II/xpm_fifo_instance.xpm_fifo_async_inst/gnuram_async_fifo.xpm_fifo_base_inst/gen_cdc_pntr.wr_pntr_cdc_inst 
  This will add unnecessary latency to the design. Please check the design for the following: 
 1) Manually instantiated XPM_CDC modules: Xilinx recommends that you remove these modules. 
 2) Xilinx IP that contains XPM_CDC modules: Verify the connections to the IP to determine whether you can safely ignore this message.
 [C:/Xilinx/Vivado/2022.2/data/ip/xpm/xpm_cdc/tcl/xpm_cdc_gray.tcl:16]
WARNING: [XPM_CDC_GRAY: TCL-1000] The source and destination clocks are the same. 
     Instance: mb_block_i/spi_usb/U0/NO_DUAL_QUAD_MODE.QSPI_NORMAL/QSPI_LEGACY_MD_GEN.QSPI_CORE_INTERFACE_I/FIFO_EXISTS.TX_FIFO_II/xpm_fifo_instance.xpm_fifo_async_inst/gnuram_async_fifo.xpm_fifo_base_inst/gen_cdc_pntr.wr_pntr_cdc_dc_inst 
  This will add unnecessary latency to the design. Please check the design for the following: 
 1) Manually instantiated XPM_CDC modules: Xilinx recommends that you remove these modules. 
 2) Xilinx IP that contains XPM_CDC modules: Verify the connections to the IP to determine whether you can safely ignore this message.
 [C:/Xilinx/Vivado/2022.2/data/ip/xpm/xpm_cdc/tcl/xpm_cdc_gray.tcl:16]
WARNING: [XPM_CDC_GRAY: TCL-1000] The source and destination clocks are the same. 
     Instance: mb_block_i/spi_usb/U0/NO_DUAL_QUAD_MODE.QSPI_NORMAL/QSPI_LEGACY_MD_GEN.QSPI_CORE_INTERFACE_I/FIFO_EXISTS.RX_FIFO_II/gnuram_async_fifo.xpm_fifo_base_inst/gen_cdc_pntr.wr_pntr_cdc_dc_inst 
  This will add unnecessary latency to the design. Please check the design for the following: 
 1) Manually instantiated XPM_CDC modules: Xilinx recommends that you remove these modules. 
 2) Xilinx IP that contains XPM_CDC modules: Verify the connections to the IP to determine whether you can safely ignore this message.
 [C:/Xilinx/Vivado/2022.2/data/ip/xpm/xpm_cdc/tcl/xpm_cdc_gray.tcl:16]
WARNING: [XPM_CDC_GRAY: TCL-1000] The source and destination clocks are the same. 
     Instance: mb_block_i/spi_usb/U0/NO_DUAL_QUAD_MODE.QSPI_NORMAL/QSPI_LEGACY_MD_GEN.QSPI_CORE_INTERFACE_I/FIFO_EXISTS.TX_FIFO_II/xpm_fifo_instance.xpm_fifo_async_inst/gnuram_async_fifo.xpm_fifo_base_inst/gen_cdc_pntr.rd_pntr_cdc_dc_inst 
  This will add unnecessary latency to the design. Please check the design for the following: 
 1) Manually instantiated XPM_CDC modules: Xilinx recommends that you remove these modules. 
 2) Xilinx IP that contains XPM_CDC modules: Verify the connections to the IP to determine whether you can safely ignore this message.
 [C:/Xilinx/Vivado/2022.2/data/ip/xpm/xpm_cdc/tcl/xpm_cdc_gray.tcl:16]
WARNING: [XPM_CDC_GRAY: TCL-1000] The source and destination clocks are the same. 
     Instance: mb_block_i/spi_usb/U0/NO_DUAL_QUAD_MODE.QSPI_NORMAL/QSPI_LEGACY_MD_GEN.QSPI_CORE_INTERFACE_I/FIFO_EXISTS.RX_FIFO_II/gnuram_async_fifo.xpm_fifo_base_inst/gen_cdc_pntr.rd_pntr_cdc_dc_inst 
  This will add unnecessary latency to the design. Please check the design for the following: 
 1) Manually instantiated XPM_CDC modules: Xilinx recommends that you remove these modules. 
 2) Xilinx IP that contains XPM_CDC modules: Verify the connections to the IP to determine whether you can safely ignore this message.
 [C:/Xilinx/Vivado/2022.2/data/ip/xpm/xpm_cdc/tcl/xpm_cdc_gray.tcl:16]
INFO: [Project 1-1714] 14 XPM XDC files have been applied to the design.
INFO: [Opt 31-138] Pushed 0 inverter(s) to 0 load pin(s).
WARNING: [Constraints 18-5572] Instance mb_block_i/spi_usb/U0/NO_DUAL_QUAD_MODE.QSPI_NORMAL/IO0_I_REG has IOB constraint set, However, the instance does not seem to have valid I/O connection to be placed into I/O. The constraint on the instance will be ignored.
Generating merged BMM file for the design top 'mb_usb_hdmi_top'...
INFO: [Memdata 28-144] Successfully populated the BRAM INIT strings from the following elf files: c:/Users/bmg32/ECE_385_lab6_2/ECE_385_lab6_2.gen/sources_1/bd/mb_block/ip/mb_block_microblaze_0_0/data/mb_bootloop_le.elf 
Netlist sorting complete. Time (s): cpu = 00:00:00 ; elapsed = 00:00:00.009 . Memory (MB): peak = 3573.383 ; gain = 0.000
INFO: [Project 1-111] Unisim Transformation Summary:
  A total of 247 instances were transformed.
  LUT6_2 => LUT6_2 (LUT5, LUT6): 145 instances
  RAM16X1D => RAM32X1D (RAMD32(x2)): 32 instances
  RAM32M => RAM32M (RAMD32(x6), RAMS32(x2)): 2 instances
  RAM32X1D => RAM32X1D (RAMD32(x2)): 68 instances

open_run: Time (s): cpu = 00:00:11 ; elapsed = 00:00:12 . Memory (MB): peak = 3573.383 ; gain = 279.922
report_utilization -name utilization_1
report_power -name {power_1}
Command: report_power -name power_1
INFO: [Timing 38-35] Done setting XDC timing constraints.
Running Vector-less Activity Propagation...

Finished Running Vector-less Activity Propagation
WARNING: [Power 33-332] Found switching activity that implies high-fanout reset nets being asserted for excessive periods of time which may result in inaccurate power analysis.
Resolution: To review and fix problems, please run Power Constraints Advisor in the GUI from Tools > Power Constraints Advisor or run report_power with the -advisory option to generate a text report.
1 Infos, 1 Warnings, 0 Critical Warnings and 0 Errors encountered.
report_power completed successfully
report_timing_summary -delay_type min_max -report_unconstrained -check_timing_verbose -max_paths 10 -input_pins -routable_nets -name timing_1
INFO: [Timing 38-91] UpdateTimingParams: Speed grade: -1, Delay Type: min_max.
INFO: [Timing 38-191] Multithreading enabled for timing update using a maximum of 2 CPUs
close_design
exit
INFO: [Common 17-206] Exiting Vivado at Sun Nov  3 21:38:14 2024...
